Apache Maven 3.9.12 (848fbb4bf2d427b72bdb2471c22fced7ebd9a7a1)
Maven home: /home/user/.m2/wrapper/dists/apache-maven-3.9.12/6068d197
Java version: 17.0.18, vendor: Arch Linux, runtime: /usr/lib/jvm/java-17-openjdk
Default locale: en, platform encoding: UTF-8
OS name: "linux", version: "6.18.8-zen2-1-zen", arch: "amd64", family: "unix"
[DEBUG] Created new class realm maven.api
[DEBUG] Importing foreign packages into class realm maven.api
[DEBUG]   Imported: javax.annotation.* < plexus.core
[DEBUG]   Imported: javax.annotation.security.* < plexus.core
[DEBUG]   Imported: javax.inject.* < plexus.core
[DEBUG]   Imported: org.apache.maven.* < plexus.core
[DEBUG]   Imported: org.apache.maven.artifact < plexus.core
[DEBUG]   Imported: org.apache.maven.classrealm < plexus.core
[DEBUG]   Imported: org.apache.maven.cli < plexus.core
[DEBUG]   Imported: org.apache.maven.configuration < plexus.core
[DEBUG]   Imported: org.apache.maven.exception < plexus.core
[DEBUG]   Imported: org.apache.maven.execution < plexus.core
[DEBUG]   Imported: org.apache.maven.execution.scope < plexus.core
[DEBUG]   Imported: org.apache.maven.graph < plexus.core
[DEBUG]   Imported: org.apache.maven.lifecycle < plexus.core
[DEBUG]   Imported: org.apache.maven.model < plexus.core
[DEBUG]   Imported: org.apache.maven.monitor < plexus.core
[DEBUG]   Imported: org.apache.maven.plugin < plexus.core
[DEBUG]   Imported: org.apache.maven.profiles < plexus.core
[DEBUG]   Imported: org.apache.maven.project < plexus.core
[DEBUG]   Imported: org.apache.maven.reporting < plexus.core
[DEBUG]   Imported: org.apache.maven.repository < plexus.core
[DEBUG]   Imported: org.apache.maven.rtinfo < plexus.core
[DEBUG]   Imported: org.apache.maven.settings < plexus.core
[DEBUG]   Imported: org.apache.maven.toolchain < plexus.core
[DEBUG]   Imported: org.apache.maven.usability < plexus.core
[DEBUG]   Imported: org.apache.maven.wagon.* < plexus.core
[DEBUG]   Imported: org.apache.maven.wagon.authentication < plexus.core
[DEBUG]   Imported: org.apache.maven.wagon.authorization < plexus.core
[DEBUG]   Imported: org.apache.maven.wagon.events < plexus.core
[DEBUG]   Imported: org.apache.maven.wagon.observers < plexus.core
[DEBUG]   Imported: org.apache.maven.wagon.proxy < plexus.core
[DEBUG]   Imported: org.apache.maven.wagon.repository < plexus.core
[DEBUG]   Imported: org.apache.maven.wagon.resource < plexus.core
[DEBUG]   Imported: org.codehaus.classworlds < plexus.core
[DEBUG]   Imported: org.codehaus.plexus.* < plexus.core
[DEBUG]   Imported: org.codehaus.plexus.classworlds < plexus.core
[DEBUG]   Imported: org.codehaus.plexus.component < plexus.core
[DEBUG]   Imported: org.codehaus.plexus.configuration < plexus.core
[DEBUG]   Imported: org.codehaus.plexus.container < plexus.core
[DEBUG]   Imported: org.codehaus.plexus.context < plexus.core
[DEBUG]   Imported: org.codehaus.plexus.lifecycle < plexus.core
[DEBUG]   Imported: org.codehaus.plexus.logging < plexus.core
[DEBUG]   Imported: org.codehaus.plexus.personality < plexus.core
[DEBUG]   Imported: org.codehaus.plexus.util.xml.Xpp3Dom < plexus.core
[DEBUG]   Imported: org.codehaus.plexus.util.xml.pull.XmlPullParser < plexus.core
[DEBUG]   Imported: org.codehaus.plexus.util.xml.pull.XmlPullParserException < plexus.core
[DEBUG]   Imported: org.codehaus.plexus.util.xml.pull.XmlSerializer < plexus.core
[DEBUG]   Imported: org.eclipse.aether.* < plexus.core
[DEBUG]   Imported: org.eclipse.aether.artifact < plexus.core
[DEBUG]   Imported: org.eclipse.aether.collection < plexus.core
[DEBUG]   Imported: org.eclipse.aether.deployment < plexus.core
[DEBUG]   Imported: org.eclipse.aether.graph < plexus.core
[DEBUG]   Imported: org.eclipse.aether.impl < plexus.core
[DEBUG]   Imported: org.eclipse.aether.installation < plexus.core
[DEBUG]   Imported: org.eclipse.aether.internal.impl < plexus.core
[DEBUG]   Imported: org.eclipse.aether.metadata < plexus.core
[DEBUG]   Imported: org.eclipse.aether.repository < plexus.core
[DEBUG]   Imported: org.eclipse.aether.resolution < plexus.core
[DEBUG]   Imported: org.eclipse.aether.spi < plexus.core
[DEBUG]   Imported: org.eclipse.aether.transfer < plexus.core
[DEBUG]   Imported: org.eclipse.aether.util < plexus.core
[DEBUG]   Imported: org.eclipse.aether.version < plexus.core
[DEBUG]   Imported: org.fusesource.jansi.* < plexus.core
[DEBUG]   Imported: org.slf4j.* < plexus.core
[DEBUG]   Imported: org.slf4j.event.* < plexus.core
[DEBUG]   Imported: org.slf4j.helpers.* < plexus.core
[DEBUG]   Imported: org.slf4j.spi.* < plexus.core
[DEBUG] Populating class realm maven.api
[DEBUG] Created adapter factory; available factories [file-lock, rwlock-local, semaphore-local, noop]; available name mappers [discriminating, file-gaecv, file-gav, file-hgaecv, file-hgav, file-static, gaecv, gav, static]
[INFO] Error stacktraces are turned on.
[DEBUG] Message scheme: color
[DEBUG] Message styles: debug info warning error success failure strong mojo project
[DEBUG] Reading global settings from /home/user/.m2/wrapper/dists/apache-maven-3.9.12/6068d197/conf/settings.xml
[DEBUG] Reading user settings from /home/user/.m2/settings.xml
[DEBUG] Reading global toolchains from /home/user/.m2/wrapper/dists/apache-maven-3.9.12/6068d197/conf/toolchains.xml
[DEBUG] Reading user toolchains from /home/user/.m2/toolchains.xml
[DEBUG] Using local repository at /home/user/.m2/repository
[DEBUG] Using manager EnhancedLocalRepositoryManager with priority 10.0 for /home/user/.m2/repository
[INFO] Scanning for projects...
[DEBUG] Creating adapter using nameMapper 'gaecv' and factory 'rwlock-local'
[DEBUG] Extension realms for project com.example:assignment1:jar:0.0.1-SNAPSHOT: (none)
[DEBUG] Looking up lifecycle mappings for packaging jar from ClassRealm[plexus.core, parent: null]
[DEBUG] Extension realms for project org.springframework.boot:spring-boot-starter-parent:pom:4.0.2: (none)
[DEBUG] Looking up lifecycle mappings for packaging pom from ClassRealm[plexus.core, parent: null]
[DEBUG] Extension realms for project org.springframework.boot:spring-boot-dependencies:pom:4.0.2: (none)
[DEBUG] Looking up lifecycle mappings for packaging pom from ClassRealm[plexus.core, parent: null]
[DEBUG] === REACTOR BUILD PLAN ================================================
[DEBUG] Project: com.example:assignment1:jar:0.0.1-SNAPSHOT
[DEBUG] Tasks:   [clean, test]
[DEBUG] Style:   Regular
[DEBUG] =======================================================================
[INFO] 
[INFO] ----------------------< com.example:assignment1 >-----------------------
[INFO] Building assignment1 0.0.1-SNAPSHOT
[INFO]   from pom.xml
[INFO] --------------------------------[ jar ]---------------------------------
[DEBUG] Lifecycle clean -> [pre-clean, clean, post-clean]
[DEBUG] Lifecycle default -> [validate, initialize, generate-sources, process-sources, generate-resources, process-resources, compile, process-classes, generate-test-sources, process-test-sources, generate-test-resources, process-test-resources, test-compile, process-test-classes, test, prepare-package, package, pre-integration-test, integration-test, post-integration-test, verify, install, deploy]
[DEBUG] Lifecycle site -> [pre-site, site, post-site, site-deploy]
[DEBUG] Lifecycle clean -> [pre-clean, clean, post-clean]
[DEBUG] Lifecycle default -> [validate, initialize, generate-sources, process-sources, generate-resources, process-resources, compile, process-classes, generate-test-sources, process-test-sources, generate-test-resources, process-test-resources, test-compile, process-test-classes, test, prepare-package, package, pre-integration-test, integration-test, post-integration-test, verify, install, deploy]
[DEBUG] Lifecycle site -> [pre-site, site, post-site, site-deploy]
[DEBUG] Lifecycle clean -> [pre-clean, clean, post-clean]
[DEBUG] Lifecycle default -> [validate, initialize, generate-sources, process-sources, generate-resources, process-resources, compile, process-classes, generate-test-sources, process-test-sources, generate-test-resources, process-test-resources, test-compile, process-test-classes, test, prepare-package, package, pre-integration-test, integration-test, post-integration-test, verify, install, deploy]
[DEBUG] Lifecycle site -> [pre-site, site, post-site, site-deploy]
[DEBUG] Lifecycle clean -> [pre-clean, clean, post-clean]
[DEBUG] Lifecycle default -> [validate, initialize, generate-sources, process-sources, generate-resources, process-resources, compile, process-classes, generate-test-sources, process-test-sources, generate-test-resources, process-test-resources, test-compile, process-test-classes, test, prepare-package, package, pre-integration-test, integration-test, post-integration-test, verify, install, deploy]
[DEBUG] Lifecycle site -> [pre-site, site, post-site, site-deploy]
[DEBUG] Lifecycle clean -> [pre-clean, clean, post-clean]
[DEBUG] Lifecycle default -> [validate, initialize, generate-sources, process-sources, generate-resources, process-resources, compile, process-classes, generate-test-sources, process-test-sources, generate-test-resources, process-test-resources, test-compile, process-test-classes, test, prepare-package, package, pre-integration-test, integration-test, post-integration-test, verify, install, deploy]
[DEBUG] Lifecycle site -> [pre-site, site, post-site, site-deploy]
[DEBUG] Lifecycle clean -> [pre-clean, clean, post-clean]
[DEBUG] Lifecycle default -> [validate, initialize, generate-sources, process-sources, generate-resources, process-resources, compile, process-classes, generate-test-sources, process-test-sources, generate-test-resources, process-test-resources, test-compile, process-test-classes, test, prepare-package, package, pre-integration-test, integration-test, post-integration-test, verify, install, deploy]
[DEBUG] Lifecycle site -> [pre-site, site, post-site, site-deploy]
[DEBUG] Lifecycle clean -> [pre-clean, clean, post-clean]
[DEBUG] Lifecycle default -> [validate, initialize, generate-sources, process-sources, generate-resources, process-resources, compile, process-classes, generate-test-sources, process-test-sources, generate-test-resources, process-test-resources, test-compile, process-test-classes, test, prepare-package, package, pre-integration-test, integration-test, post-integration-test, verify, install, deploy]
[DEBUG] Lifecycle site -> [pre-site, site, post-site, site-deploy]
[DEBUG] Lifecycle clean -> [pre-clean, clean, post-clean]
[DEBUG] Lifecycle default -> [validate, initialize, generate-sources, process-sources, generate-resources, process-resources, compile, process-classes, generate-test-sources, process-test-sources, generate-test-resources, process-test-resources, test-compile, process-test-classes, test, prepare-package, package, pre-integration-test, integration-test, post-integration-test, verify, install, deploy]
[DEBUG] Lifecycle site -> [pre-site, site, post-site, site-deploy]
[DEBUG] === PROJECT BUILD PLAN ================================================
[DEBUG] Project:       com.example:assignment1:0.0.1-SNAPSHOT
[DEBUG] Dependencies (collect): []
[DEBUG] Dependencies (resolve): [compile, test]
[DEBUG] Repositories (dependencies): [central (https://repo.maven.apache.org/maven2, default, releases)]
[DEBUG] Repositories (plugins)     : [central (https://repo.maven.apache.org/maven2, default, releases)]
[DEBUG] -----------------------------------------------------------------------
[DEBUG] Goal:          org.apache.maven.plugins:maven-clean-plugin:3.5.0:clean (default-clean)
[DEBUG] Style:         Regular
[DEBUG] Configuration: <?xml version="1.0" encoding="UTF-8"?>
<configuration>
  <directory default-value="${project.build.directory}"/>
  <excludeDefaultDirectories default-value="false">${maven.clean.excludeDefaultDirectories}</excludeDefaultDirectories>
  <failOnError default-value="true">${maven.clean.failOnError}</failOnError>
  <fast default-value="false">${maven.clean.fast}</fast>
  <fastDir>${maven.clean.fastDir}</fastDir>
  <fastMode default-value="background">${maven.clean.fastMode}</fastMode>
  <followSymLinks default-value="false">${maven.clean.followSymLinks}</followSymLinks>
  <force default-value="false">${maven.clean.force}</force>
  <outputDirectory default-value="${project.build.outputDirectory}"/>
  <reportDirectory default-value="${project.build.outputDirectory}"/>
  <retryOnError default-value="true">${maven.clean.retryOnError}</retryOnError>
  <session default-value="${session}"/>
  <skip default-value="false">${maven.clean.skip}</skip>
  <testOutputDirectory default-value="${project.build.testOutputDirectory}"/>
  <verbose>${maven.clean.verbose}</verbose>
</configuration>
[DEBUG] -----------------------------------------------------------------------
[DEBUG] Goal:          org.apache.maven.plugins:maven-resources-plugin:3.3.1:resources (default-resources)
[DEBUG] Style:         Regular
[DEBUG] Configuration: <?xml version="1.0" encoding="UTF-8"?>
<configuration>
  <addDefaultExcludes default-value="true"/>
  <buildFilters default-value="${project.build.filters}"/>
  <delimiters>
    <delimiter>@</delimiter>
  </delimiters>
  <encoding default-value="${project.build.sourceEncoding}"/>
  <escapeWindowsPaths default-value="true"/>
  <fileNameFiltering default-value="false"/>
  <includeEmptyDirs default-value="false"/>
  <outputDirectory default-value="${project.build.outputDirectory}"/>
  <overwrite default-value="false"/>
  <project default-value="${project}"/>
  <propertiesEncoding>UTF-8</propertiesEncoding>
  <resources default-value="${project.resources}"/>
  <session default-value="${session}"/>
  <skip default-value="false">${maven.resources.skip}</skip>
  <supportMultiLineFiltering default-value="false"/>
  <useBuildFilters default-value="true"/>
  <useDefaultDelimiters default-value="true">false</useDefaultDelimiters>
</configuration>
[DEBUG] -----------------------------------------------------------------------
[DEBUG] Goal:          org.apache.maven.plugins:maven-compiler-plugin:3.14.1:compile (default-compile)
[DEBUG] Style:         Regular
[DEBUG] Configuration: <?xml version="1.0" encoding="UTF-8"?>
<configuration>
  <annotationProcessorPathsUseDepMgmt default-value="false"/>
  <basedir default-value="${basedir}"/>
  <buildDirectory default-value="${project.build.directory}"/>
  <compilePath default-value="${project.compileClasspathElements}"/>
  <compileSourceRoots default-value="${project.compileSourceRoots}"/>
  <compilerId default-value="javac">${maven.compiler.compilerId}</compilerId>
  <compilerReuseStrategy default-value="${reuseCreated}">${maven.compiler.compilerReuseStrategy}</compilerReuseStrategy>
  <compilerVersion>${maven.compiler.compilerVersion}</compilerVersion>
  <createMissingPackageInfoClass default-value="true">${maven.compiler.createMissingPackageInfoClass}</createMissingPackageInfoClass>
  <debug default-value="true">${maven.compiler.debug}</debug>
  <debugFileName default-value="javac"/>
  <debuglevel>${maven.compiler.debuglevel}</debuglevel>
  <enablePreview default-value="false">${maven.compiler.enablePreview}</enablePreview>
  <encoding default-value="${project.build.sourceEncoding}">${encoding}</encoding>
  <executable>${maven.compiler.executable}</executable>
  <failOnError default-value="true">${maven.compiler.failOnError}</failOnError>
  <failOnWarning default-value="false">${maven.compiler.failOnWarning}</failOnWarning>
  <fileExtensions default-value="class,jar"/>
  <forceJavacCompilerUse default-value="false">${maven.compiler.forceJavacCompilerUse}</forceJavacCompilerUse>
  <forceLegacyJavacApi default-value="false">${maven.compiler.forceLegacyJavacApi}</forceLegacyJavacApi>
  <fork default-value="false">${maven.compiler.fork}</fork>
  <generatedSourcesDirectory default-value="${project.build.directory}/generated-sources/annotations"/>
  <implicit>${maven.compiler.implicit}</implicit>
  <maxmem>${maven.compiler.maxmem}</maxmem>
  <meminitial>${maven.compiler.meminitial}</meminitial>
  <moduleVersion default-value="${project.version}">${maven.compiler.moduleVersion}</moduleVersion>
  <mojoExecution default-value="${mojoExecution}"/>
  <optimize default-value="false">${maven.compiler.optimize}</optimize>
  <outputDirectory default-value="${project.build.outputDirectory}">${maven.compiler.outputDirectory}</outputDirectory>
  <outputTimestamp default-value="${project.build.outputTimestamp}"/>
  <parameters default-value="false">true</parameters>
  <proc>${maven.compiler.proc}</proc>
  <project default-value="${project}"/>
  <projectArtifact default-value="${project.artifact}"/>
  <release>17</release>
  <session default-value="${session}"/>
  <showCompilationChanges default-value="false">${maven.compiler.showCompilationChanges}</showCompilationChanges>
  <showDeprecation default-value="false">${maven.compiler.showDeprecation}</showDeprecation>
  <showWarnings default-value="true">${maven.compiler.showWarnings}</showWarnings>
  <skipMain>${maven.main.skip}</skipMain>
  <skipMultiThreadWarning default-value="false">${maven.compiler.skipMultiThreadWarning}</skipMultiThreadWarning>
  <source default-value="1.8">${maven.compiler.source}</source>
  <staleMillis default-value="0">${lastModGranularityMs}</staleMillis>
  <target default-value="1.8">${maven.compiler.target}</target>
  <useIncrementalCompilation default-value="true">${maven.compiler.useIncrementalCompilation}</useIncrementalCompilation>
  <useModuleVersion default-value="true">${maven.compiler.useModuleVersion}</useModuleVersion>
  <verbose default-value="false">${maven.compiler.verbose}</verbose>
</configuration>
[DEBUG] -----------------------------------------------------------------------
[DEBUG] Goal:          org.apache.maven.plugins:maven-resources-plugin:3.3.1:testResources (default-testResources)
[DEBUG] Style:         Regular
[DEBUG] Configuration: <?xml version="1.0" encoding="UTF-8"?>
<configuration>
  <addDefaultExcludes default-value="true"/>
  <buildFilters default-value="${project.build.filters}"/>
  <delimiters>
    <delimiter>@</delimiter>
  </delimiters>
  <encoding default-value="${project.build.sourceEncoding}"/>
  <escapeWindowsPaths default-value="true"/>
  <fileNameFiltering default-value="false"/>
  <includeEmptyDirs default-value="false"/>
  <outputDirectory default-value="${project.build.testOutputDirectory}"/>
  <overwrite default-value="false"/>
  <project default-value="${project}"/>
  <propertiesEncoding>UTF-8</propertiesEncoding>
  <resources default-value="${project.testResources}"/>
  <session default-value="${session}"/>
  <skip default-value="false">${maven.test.skip}</skip>
  <supportMultiLineFiltering default-value="false"/>
  <useBuildFilters default-value="true"/>
  <useDefaultDelimiters default-value="true">false</useDefaultDelimiters>
</configuration>
[DEBUG] -----------------------------------------------------------------------
[DEBUG] Goal:          org.apache.maven.plugins:maven-compiler-plugin:3.14.1:testCompile (default-testCompile)
[DEBUG] Style:         Regular
[DEBUG] Configuration: <?xml version="1.0" encoding="UTF-8"?>
<configuration>
  <annotationProcessorPathsUseDepMgmt default-value="false"/>
  <basedir default-value="${basedir}"/>
  <buildDirectory default-value="${project.build.directory}"/>
  <compileSourceRoots default-value="${project.testCompileSourceRoots}"/>
  <compilerId default-value="javac">${maven.compiler.compilerId}</compilerId>
  <compilerReuseStrategy default-value="${reuseCreated}">${maven.compiler.compilerReuseStrategy}</compilerReuseStrategy>
  <compilerVersion>${maven.compiler.compilerVersion}</compilerVersion>
  <createMissingPackageInfoClass default-value="true">${maven.compiler.createMissingPackageInfoClass}</createMissingPackageInfoClass>
  <debug default-value="true">${maven.compiler.debug}</debug>
  <debugFileName default-value="javac-test"/>
  <debuglevel>${maven.compiler.debuglevel}</debuglevel>
  <enablePreview default-value="false">${maven.compiler.enablePreview}</enablePreview>
  <encoding default-value="${project.build.sourceEncoding}">${encoding}</encoding>
  <executable>${maven.compiler.executable}</executable>
  <failOnError default-value="true">${maven.compiler.failOnError}</failOnError>
  <failOnWarning default-value="false">${maven.compiler.failOnWarning}</failOnWarning>
  <fileExtensions default-value="class,jar"/>
  <forceJavacCompilerUse default-value="false">${maven.compiler.forceJavacCompilerUse}</forceJavacCompilerUse>
  <forceLegacyJavacApi default-value="false">${maven.compiler.forceLegacyJavacApi}</forceLegacyJavacApi>
  <fork default-value="false">${maven.compiler.fork}</fork>
  <generatedTestSourcesDirectory default-value="${project.build.directory}/generated-test-sources/test-annotations"/>
  <implicit>${maven.compiler.implicit}</implicit>
  <maxmem>${maven.compiler.maxmem}</maxmem>
  <meminitial>${maven.compiler.meminitial}</meminitial>
  <mojoExecution default-value="${mojoExecution}"/>
  <optimize default-value="false">${maven.compiler.optimize}</optimize>
  <outputDirectory default-value="${project.build.testOutputDirectory}"/>
  <outputTimestamp default-value="${project.build.outputTimestamp}"/>
  <parameters default-value="false">true</parameters>
  <proc>${maven.compiler.proc}</proc>
  <project default-value="${project}"/>
  <release>17</release>
  <session default-value="${session}"/>
  <showCompilationChanges default-value="false">${maven.compiler.showCompilationChanges}</showCompilationChanges>
  <showDeprecation default-value="false">${maven.compiler.showDeprecation}</showDeprecation>
  <showWarnings default-value="true">${maven.compiler.showWarnings}</showWarnings>
  <skip>${maven.test.skip}</skip>
  <skipMultiThreadWarning default-value="false">${maven.compiler.skipMultiThreadWarning}</skipMultiThreadWarning>
  <source default-value="1.8">${maven.compiler.source}</source>
  <staleMillis default-value="0">${lastModGranularityMs}</staleMillis>
  <target default-value="1.8">${maven.compiler.target}</target>
  <testPath default-value="${project.testClasspathElements}"/>
  <testRelease>${maven.compiler.testRelease}</testRelease>
  <testSource>${maven.compiler.testSource}</testSource>
  <testTarget>${maven.compiler.testTarget}</testTarget>
  <useIncrementalCompilation default-value="true">${maven.compiler.useIncrementalCompilation}</useIncrementalCompilation>
  <useModulePath default-value="true"/>
  <verbose default-value="false">${maven.compiler.verbose}</verbose>
</configuration>
[DEBUG] -----------------------------------------------------------------------
[DEBUG] Goal:          org.apache.maven.plugins:maven-surefire-plugin:3.5.4:test (default-test)
[DEBUG] Style:         Regular
[DEBUG] Configuration: <?xml version="1.0" encoding="UTF-8"?>
<configuration>
  <additionalClasspathDependencies>${maven.test.additionalClasspathDependencies}</additionalClasspathDependencies>
  <additionalClasspathElements>${maven.test.additionalClasspath}</additionalClasspathElements>
  <argLine>${argLine}</argLine>
  <basedir default-value="${basedir}"/>
  <childDelegation default-value="false">${childDelegation}</childDelegation>
  <classesDirectory default-value="${project.build.outputDirectory}"/>
  <classpathDependencyExcludes>${maven.test.dependency.excludes}</classpathDependencyExcludes>
  <debugForkedProcess>${maven.surefire.debug}</debugForkedProcess>
  <dependenciesToScan>${dependenciesToScan}</dependenciesToScan>
  <disableXmlReport>${disableXmlReport}</disableXmlReport>
  <enableAssertions default-value="true">${enableAssertions}</enableAssertions>
  <enableOutErrElements default-value="true">${enableOutErrElements}</enableOutErrElements>
  <enableProcessChecker>${surefire.enableProcessChecker}</enableProcessChecker>
  <enablePropertiesElement default-value="true">${enablePropertiesElement}</enablePropertiesElement>
  <encoding default-value="${project.reporting.outputEncoding}">${surefire.encoding}</encoding>
  <excludeJUnit5Engines>${surefire.excludeJUnit5Engines}</excludeJUnit5Engines>
  <excludedEnvironmentVariables>${surefire.excludedEnvironmentVariables}</excludedEnvironmentVariables>
  <excludedGroups>${excludedGroups}</excludedGroups>
  <excludes>${surefire.excludes}</excludes>
  <excludesFile>${surefire.excludesFile}</excludesFile>
  <failIfNoSpecifiedTests default-value="true">${surefire.failIfNoSpecifiedTests}</failIfNoSpecifiedTests>
  <failIfNoTests default-value="false">${failIfNoTests}</failIfNoTests>
  <failOnFlakeCount default-value="0">${surefire.failOnFlakeCount}</failOnFlakeCount>
  <forkCount default-value="1">${forkCount}</forkCount>
  <forkNode>${surefire.forkNode}</forkNode>
  <forkedProcessExitTimeoutInSeconds default-value="30">${surefire.exitTimeout}</forkedProcessExitTimeoutInSeconds>
  <forkedProcessTimeoutInSeconds>${surefire.timeout}</forkedProcessTimeoutInSeconds>
  <groups>${groups}</groups>
  <includeJUnit5Engines>${surefire.includeJUnit5Engines}</includeJUnit5Engines>
  <includes>${surefire.includes}</includes>
  <includesFile>${surefire.includesFile}</includesFile>
  <junitArtifactName default-value="junit:junit">${junitArtifactName}</junitArtifactName>
  <jvm>${jvm}</jvm>
  <objectFactory>${objectFactory}</objectFactory>
  <parallel>${parallel}</parallel>
  <parallelMavenExecution default-value="${session.parallel}"/>
  <parallelOptimized default-value="true">${parallelOptimized}</parallelOptimized>
  <parallelTestsTimeoutForcedInSeconds>${surefire.parallel.forcedTimeout}</parallelTestsTimeoutForcedInSeconds>
  <parallelTestsTimeoutInSeconds>${surefire.parallel.timeout}</parallelTestsTimeoutInSeconds>
  <perCoreThreadCount default-value="true">${perCoreThreadCount}</perCoreThreadCount>
  <pluginArtifactMap>${plugin.artifactMap}</pluginArtifactMap>
  <pluginDescriptor default-value="${plugin}"/>
  <printSummary default-value="true">${surefire.printSummary}</printSummary>
  <project default-value="${project}"/>
  <projectArtifactMap>${project.artifactMap}</projectArtifactMap>
  <projectBuildDirectory default-value="${project.build.directory}"/>
  <promoteUserPropertiesToSystemProperties default-value="true"/>
  <redirectTestOutputToFile default-value="false">${maven.test.redirectTestOutputToFile}</redirectTestOutputToFile>
  <reportFormat default-value="brief">${surefire.reportFormat}</reportFormat>
  <reportNameSuffix default-value="">${surefire.reportNameSuffix}</reportNameSuffix>
  <reportsDirectory default-value="${project.build.directory}/surefire-reports"/>
  <rerunFailingTestsCount default-value="0">${surefire.rerunFailingTestsCount}</rerunFailingTestsCount>
  <reuseForks default-value="true">${reuseForks}</reuseForks>
  <runOrder default-value="filesystem">${surefire.runOrder}</runOrder>
  <runOrderRandomSeed>${surefire.runOrder.random.seed}</runOrderRandomSeed>
  <session default-value="${session}"/>
  <shutdown default-value="exit">${surefire.shutdown}</shutdown>
  <skip default-value="false">${maven.test.skip}</skip>
  <skipAfterFailureCount default-value="0">${surefire.skipAfterFailureCount}</skipAfterFailureCount>
  <skipExec>${maven.test.skip.exec}</skipExec>
  <skipTests default-value="false">${skipTests}</skipTests>
  <suiteXmlFiles>${surefire.suiteXmlFiles}</suiteXmlFiles>
  <systemPropertiesFile>${surefire.systemPropertiesFile}</systemPropertiesFile>
  <tempDir default-value="surefire">${tempDir}</tempDir>
  <test>${test}</test>
  <testClassesDirectory default-value="${project.build.testOutputDirectory}"/>
  <testFailureIgnore default-value="false">${maven.test.failure.ignore}</testFailureIgnore>
  <testNGArtifactName default-value="org.testng:testng">${testNGArtifactName}</testNGArtifactName>
  <testSourceDirectory default-value="${project.build.testSourceDirectory}"/>
  <threadCount>${threadCount}</threadCount>
  <threadCountClasses default-value="0">${threadCountClasses}</threadCountClasses>
  <threadCountMethods default-value="0">${threadCountMethods}</threadCountMethods>
  <threadCountSuites default-value="0">${threadCountSuites}</threadCountSuites>
  <trimStackTrace default-value="false">${trimStackTrace}</trimStackTrace>
  <useFile default-value="true">${surefire.useFile}</useFile>
  <useManifestOnlyJar default-value="true">${surefire.useManifestOnlyJar}</useManifestOnlyJar>
  <useModulePath default-value="true">${surefire.useModulePath}</useModulePath>
  <useSystemClassLoader default-value="true">${surefire.useSystemClassLoader}</useSystemClassLoader>
  <useUnlimitedThreads default-value="false">${useUnlimitedThreads}</useUnlimitedThreads>
  <workingDirectory>${basedir}</workingDirectory>
</configuration>
[DEBUG] =======================================================================
[DEBUG] Using mirror maven-default-http-blocker (http://0.0.0.0/) for vaadin-snapshots (http://oss.sonatype.org/content/repositories/vaadin-snapshots/).
[DEBUG] Using mirror maven-default-http-blocker (http://0.0.0.0/) for vaadin-releases (http://oss.sonatype.org/content/repositories/vaadin-releases/).
[DEBUG] Dependency collection stats {ConflictMarker.analyzeTime=1166308, ConflictMarker.markTime=743207, ConflictMarker.nodeCount=263, ConflictIdSorter.graphTime=831179, ConflictIdSorter.topsortTime=395943, ConflictIdSorter.conflictIdCount=123, ConflictIdSorter.conflictIdCycleCount=0, ConflictResolver.totalTime=9410000, ConflictResolver.conflictItemCount=259, DfDependencyCollector.collectTime=259541124, DfDependencyCollector.transformTime=14366154}
[DEBUG] com.example:assignment1:jar:0.0.1-SNAPSHOT
[DEBUG]    org.springframework.boot:spring-boot-starter-data-jpa:jar:4.0.2:compile
[DEBUG]       org.springframework.boot:spring-boot-starter:jar:4.0.2:compile (version managed from 4.0.2)
[DEBUG]          org.springframework.boot:spring-boot-starter-logging:jar:4.0.2:compile (version managed from 4.0.2)
[DEBUG]             ch.qos.logback:logback-classic:jar:1.5.25:compile (version managed from 1.5.25)
[DEBUG]                ch.qos.logback:logback-core:jar:1.5.25:compile (version managed from 1.5.25)
[DEBUG]             org.apache.logging.log4j:log4j-to-slf4j:jar:2.25.3:compile (version managed from 2.25.3)
[DEBUG]                org.apache.logging.log4j:log4j-api:jar:2.25.3:compile (version managed from 2.25.3)
[DEBUG]             org.slf4j:jul-to-slf4j:jar:2.0.17:compile (version managed from 2.0.17)
[DEBUG]          jakarta.annotation:jakarta.annotation-api:jar:3.0.0:compile (version managed from 3.0.0)
[DEBUG]          org.yaml:snakeyaml:jar:2.5:compile (version managed from 2.5)
[DEBUG]       org.springframework.boot:spring-boot-starter-jdbc:jar:4.0.2:compile (version managed from 4.0.2)
[DEBUG]          com.zaxxer:HikariCP:jar:7.0.2:compile (version managed from 7.0.2)
[DEBUG]       org.springframework.boot:spring-boot-data-jpa:jar:4.0.2:compile (version managed from 4.0.2)
[DEBUG]          org.springframework.boot:spring-boot-data-commons:jar:4.0.2:compile (version managed from 4.0.2)
[DEBUG]             org.springframework.boot:spring-boot-persistence:jar:4.0.2:compile (version managed from 4.0.2)
[DEBUG]             org.springframework.data:spring-data-commons:jar:4.0.2:compile (version managed from 4.0.2)
[DEBUG]          org.springframework.boot:spring-boot-hibernate:jar:4.0.2:compile (version managed from 4.0.2)
[DEBUG]             org.springframework.boot:spring-boot-jpa:jar:4.0.2:compile (version managed from 4.0.2)
[DEBUG]                jakarta.persistence:jakarta.persistence-api:jar:3.2.0:compile (version managed from 3.2.0)
[DEBUG]             org.hibernate.orm:hibernate-core:jar:7.2.1.Final:compile (version managed from 7.2.1.Final)
[DEBUG]                jakarta.transaction:jakarta.transaction-api:jar:2.0.1:compile (version managed from 2.0.1)
[DEBUG]                org.jboss.logging:jboss-logging:jar:3.6.1.Final:runtime (version managed from 3.6.1.Final)
[DEBUG]                org.hibernate.models:hibernate-models:jar:1.0.1:runtime
[DEBUG]                com.fasterxml:classmate:jar:1.7.3:runtime (version managed from 1.7.1)
[DEBUG]                org.glassfish.jaxb:jaxb-runtime:jar:4.0.6:runtime (version managed from 4.0.6)
[DEBUG]                   org.glassfish.jaxb:jaxb-core:jar:4.0.6:runtime (version managed from 4.0.6)
[DEBUG]                      org.eclipse.angus:angus-activation:jar:2.0.3:runtime
[DEBUG]                      org.glassfish.jaxb:txw2:jar:4.0.6:runtime (version managed from 4.0.6)
[DEBUG]                      com.sun.istack:istack-commons-runtime:jar:4.1.2:runtime
[DEBUG]                jakarta.inject:jakarta.inject-api:jar:2.0.1:runtime (version managed from 2.0.1)
[DEBUG]             org.springframework:spring-orm:jar:7.0.3:compile (version managed from 7.0.3)
[DEBUG]          org.springframework.data:spring-data-jpa:jar:4.0.2:compile (version managed from 4.0.2)
[DEBUG]             org.springframework:spring-tx:jar:7.0.3:compile (version managed from 7.0.3)
[DEBUG]             org.antlr:antlr4-runtime:jar:4.13.2:compile
[DEBUG]          org.springframework:spring-aspects:jar:7.0.3:compile (version managed from 7.0.3)
[DEBUG]             org.aspectj:aspectjweaver:jar:1.9.25.1:compile (version managed from 1.9.25)
[DEBUG]       org.springframework.boot:spring-boot-jdbc:jar:4.0.2:compile (version managed from 4.0.2)
[DEBUG]          org.springframework.boot:spring-boot-sql:jar:4.0.2:compile (version managed from 4.0.2)
[DEBUG]          org.springframework.boot:spring-boot-transaction:jar:4.0.2:compile (version managed from 4.0.2)
[DEBUG]          org.springframework:spring-jdbc:jar:7.0.3:compile (version managed from 7.0.3)
[DEBUG]    com.h2database:h2:jar:2.4.240:test
[DEBUG]    org.springframework.boot:spring-boot-starter-security:jar:4.0.2:compile
[DEBUG]       org.springframework.boot:spring-boot-security:jar:4.0.2:compile (version managed from 4.0.2)
[DEBUG]          org.springframework.security:spring-security-config:jar:7.0.2:compile (version managed from 7.0.2)
[DEBUG]             org.springframework.security:spring-security-core:jar:7.0.2:compile (version managed from 7.0.2)
[DEBUG]                org.springframework.security:spring-security-crypto:jar:7.0.2:compile (version managed from 7.0.2)
[DEBUG]          org.springframework.security:spring-security-web:jar:7.0.2:compile (version managed from 7.0.2)
[DEBUG]             org.springframework:spring-expression:jar:7.0.3:compile (version managed from 7.0.2)
[DEBUG]       org.springframework:spring-aop:jar:7.0.3:compile (version managed from 7.0.3)
[DEBUG]          org.springframework:spring-beans:jar:7.0.3:compile (version managed from 7.0.3)
[DEBUG]    org.springframework.boot:spring-boot-starter-thymeleaf:jar:4.0.2:compile
[DEBUG]       org.springframework.boot:spring-boot-thymeleaf:jar:4.0.2:compile (version managed from 4.0.2)
[DEBUG]          org.springframework:spring-web:jar:7.0.3:compile (version managed from 7.0.3)
[DEBUG]             io.micrometer:micrometer-observation:jar:1.16.2:compile (version managed from 1.16.2)
[DEBUG]                io.micrometer:micrometer-commons:jar:1.16.2:compile (version managed from 1.16.2)
[DEBUG]    org.springframework.boot:spring-boot-starter-webmvc:jar:4.0.2:compile
[DEBUG]       org.springframework.boot:spring-boot-starter-jackson:jar:4.0.2:compile (version managed from 4.0.2)
[DEBUG]          org.springframework.boot:spring-boot-jackson:jar:4.0.2:compile (version managed from 4.0.2)
[DEBUG]       org.springframework.boot:spring-boot-starter-tomcat:jar:4.0.2:compile (version managed from 4.0.2)
[DEBUG]          org.springframework.boot:spring-boot-starter-tomcat-runtime:jar:4.0.2:compile (version managed from 4.0.2)
[DEBUG]             org.springframework.boot:spring-boot-web-server:jar:4.0.2:compile (version managed from 4.0.2)
[DEBUG]             org.apache.tomcat.embed:tomcat-embed-core:jar:11.0.15:compile (version managed from 11.0.15)
[DEBUG]             org.apache.tomcat.embed:tomcat-embed-el:jar:11.0.15:compile (version managed from 11.0.15)
[DEBUG]             org.apache.tomcat.embed:tomcat-embed-websocket:jar:11.0.15:compile (version managed from 11.0.15)
[DEBUG]          org.springframework.boot:spring-boot-tomcat:jar:4.0.2:compile (version managed from 4.0.2)
[DEBUG]       org.springframework.boot:spring-boot-http-converter:jar:4.0.2:compile (version managed from 4.0.2)
[DEBUG]       org.springframework.boot:spring-boot-webmvc:jar:4.0.2:compile (version managed from 4.0.2)
[DEBUG]          org.springframework.boot:spring-boot-servlet:jar:4.0.2:compile (version managed from 4.0.2)
[DEBUG]          org.springframework:spring-webmvc:jar:7.0.3:compile (version managed from 7.0.3)
[DEBUG]    org.thymeleaf.extras:thymeleaf-extras-springsecurity6:jar:3.1.3.RELEASE:compile
[DEBUG]       org.thymeleaf:thymeleaf-spring6:jar:3.1.3.RELEASE:compile (version managed from 3.1.3.RELEASE)
[DEBUG]          org.thymeleaf:thymeleaf:jar:3.1.3.RELEASE:compile (version managed from 3.1.3.RELEASE)
[DEBUG]             org.attoparser:attoparser:jar:2.0.7.RELEASE:compile
[DEBUG]             org.unbescape:unbescape:jar:1.1.6.RELEASE:compile
[DEBUG]       org.slf4j:slf4j-api:jar:2.0.17:compile (version managed from 2.0.16)
[DEBUG]    org.springframework.boot:spring-boot-devtools:jar:4.0.2:runtime (optional)
[DEBUG]       org.springframework.boot:spring-boot:jar:4.0.2:compile (version managed from 4.0.2)
[DEBUG]          org.springframework:spring-context:jar:7.0.3:compile (version managed from 7.0.3)
[DEBUG]       org.springframework.boot:spring-boot-autoconfigure:jar:4.0.2:compile (version managed from 4.0.2)
[DEBUG]    org.springframework.boot:spring-boot-docker-compose:jar:4.0.2:runtime (optional)
[DEBUG]       tools.jackson.core:jackson-databind:jar:3.0.4:compile (version managed from 3.0.4)
[DEBUG]          com.fasterxml.jackson.core:jackson-annotations:jar:2.20:compile (version managed from 2.20)
[DEBUG]          tools.jackson.core:jackson-core:jar:3.0.4:compile (version managed from 3.0.4)
[DEBUG]    org.postgresql:postgresql:jar:42.7.9:runtime
[DEBUG]       org.checkerframework:checker-qual:jar:3.52.0:runtime
[DEBUG]    org.springframework.boot:spring-boot-starter-test:jar:4.0.2:test
[DEBUG]       org.springframework.boot:spring-boot-test-autoconfigure:jar:4.0.2:test (version managed from 4.0.2)
[DEBUG]       com.jayway.jsonpath:json-path:jar:2.10.0:test (version managed from 2.10.0)
[DEBUG]       jakarta.xml.bind:jakarta.xml.bind-api:jar:4.0.4:runtime (version managed from 4.0.4)
[DEBUG]          jakarta.activation:jakarta.activation-api:jar:2.1.4:runtime (version managed from 2.1.4)
[DEBUG]       net.minidev:json-smart:jar:2.6.0:test (version managed from 2.6.0)
[DEBUG]          net.minidev:accessors-smart:jar:2.6.0:test
[DEBUG]             org.ow2.asm:asm:jar:9.7.1:test
[DEBUG]       org.assertj:assertj-core:jar:3.27.6:test (version managed from 3.27.6)
[DEBUG]          net.bytebuddy:byte-buddy:jar:1.17.8:runtime (version managed from 1.17.7)
[DEBUG]       org.awaitility:awaitility:jar:4.3.0:test (version managed from 4.3.0)
[DEBUG]       org.hamcrest:hamcrest:jar:3.0:test (version managed from 3.0)
[DEBUG]       org.junit.jupiter:junit-jupiter:jar:6.0.2:test (version managed from 6.0.2)
[DEBUG]          org.junit.jupiter:junit-jupiter-api:jar:6.0.2:test (version managed from 6.0.2)
[DEBUG]             org.opentest4j:opentest4j:jar:1.3.0:test
[DEBUG]             org.junit.platform:junit-platform-commons:jar:6.0.2:test (version managed from 6.0.2)
[DEBUG]             org.apiguardian:apiguardian-api:jar:1.1.2:test
[DEBUG]          org.junit.jupiter:junit-jupiter-params:jar:6.0.2:test (version managed from 6.0.2)
[DEBUG]          org.junit.jupiter:junit-jupiter-engine:jar:6.0.2:test (version managed from 6.0.2)
[DEBUG]             org.junit.platform:junit-platform-engine:jar:6.0.2:test (version managed from 6.0.2)
[DEBUG]       org.mockito:mockito-core:jar:5.20.0:test (version managed from 5.20.0)
[DEBUG]          net.bytebuddy:byte-buddy-agent:jar:1.17.8:test (version managed from 1.17.7)
[DEBUG]          org.objenesis:objenesis:jar:3.3:test
[DEBUG]       org.mockito:mockito-junit-jupiter:jar:5.20.0:test (version managed from 5.20.0)
[DEBUG]       org.skyscreamer:jsonassert:jar:1.5.3:test (version managed from 1.5.3)
[DEBUG]          com.vaadin.external.google:android-json:jar:0.0.20131108.vaadin1:test
[DEBUG]       org.springframework:spring-core:jar:7.0.3:compile (version managed from 7.0.3)
[DEBUG]          commons-logging:commons-logging:jar:1.3.5:compile (version managed from 1.3.5)
[DEBUG]          org.jspecify:jspecify:jar:1.0.0:compile (version managed from 1.0.0)
[DEBUG]       org.springframework:spring-test:jar:7.0.3:test (version managed from 7.0.3)
[DEBUG]       org.xmlunit:xmlunit-core:jar:2.10.4:test (version managed from 2.10.4)
[DEBUG]    org.springframework.boot:spring-boot-test:jar:4.0.2:test
[DEBUG]    org.projectlombok:lombok:jar:1.18.42:compile (optional)
[DEBUG]    io.jsonwebtoken:jjwt-api:jar:0.12.5:compile
[DEBUG]    io.jsonwebtoken:jjwt-impl:jar:0.12.5:runtime
[DEBUG]    io.jsonwebtoken:jjwt-jackson:jar:0.12.5:runtime
[DEBUG]       com.fasterxml.jackson.core:jackson-databind:jar:2.20.2:runtime (version managed from 2.12.7.1)
[DEBUG]          com.fasterxml.jackson.core:jackson-core:jar:2.20.2:runtime (version managed from 2.20.2)
[INFO] 
[INFO] --- clean:3.5.0:clean (default-clean) @ assignment1 ---
[DEBUG] Dependency collection stats {ConflictMarker.analyzeTime=89047, ConflictMarker.markTime=62979, ConflictMarker.nodeCount=2, ConflictIdSorter.graphTime=37937, ConflictIdSorter.topsortTime=9758, ConflictIdSorter.conflictIdCount=2, ConflictIdSorter.conflictIdCycleCount=0, ConflictResolver.totalTime=125341, ConflictResolver.conflictItemCount=2, DfDependencyCollector.collectTime=7027632, DfDependencyCollector.transformTime=341987}
[DEBUG] org.apache.maven.plugins:maven-clean-plugin:jar:3.5.0
[DEBUG]    org.codehaus.plexus:plexus-utils:jar:4.0.2:compile
[DEBUG] Created new class realm plugin>org.apache.maven.plugins:maven-clean-plugin:3.5.0
[DEBUG] Importing foreign packages into class realm plugin>org.apache.maven.plugins:maven-clean-plugin:3.5.0
[DEBUG]   Imported:  < maven.api
[DEBUG] Populating class realm plugin>org.apache.maven.plugins:maven-clean-plugin:3.5.0
[DEBUG]   Included: org.apache.maven.plugins:maven-clean-plugin:jar:3.5.0
[DEBUG]   Included: org.codehaus.plexus:plexus-utils:jar:4.0.2
[DEBUG] Loading mojo org.apache.maven.plugins:maven-clean-plugin:3.5.0:clean from plugin realm ClassRealm[plugin>org.apache.maven.plugins:maven-clean-plugin:3.5.0, parent: jdk.internal.loader.ClassLoaders$AppClassLoader@5ffd2b27]
[DEBUG] Configuring mojo execution 'org.apache.maven.plugins:maven-clean-plugin:3.5.0:clean:default-clean' with basic configurator -->
[DEBUG]   (f) directory = /home/user/Projects/cse-3219/assignment1/target
[DEBUG]   (f) excludeDefaultDirectories = false
[DEBUG]   (f) failOnError = true
[DEBUG]   (f) fast = false
[DEBUG]   (f) fastMode = background
[DEBUG]   (f) followSymLinks = false
[DEBUG]   (f) force = false
[DEBUG]   (f) outputDirectory = /home/user/Projects/cse-3219/assignment1/target/classes
[DEBUG]   (f) reportDirectory = /home/user/Projects/cse-3219/assignment1/target/classes
[DEBUG]   (f) retryOnError = true
[DEBUG]   (f) session = org.apache.maven.execution.MavenSession@59072e9d
[DEBUG]   (f) skip = false
[DEBUG]   (f) testOutputDirectory = /home/user/Projects/cse-3219/assignment1/target/test-classes
[DEBUG] -- end configuration --
[DEBUG] Skipping non-existing directory /home/user/Projects/cse-3219/assignment1/target
[DEBUG] Skipping non-existing directory /home/user/Projects/cse-3219/assignment1/target/classes
[DEBUG] Skipping non-existing directory /home/user/Projects/cse-3219/assignment1/target/test-classes
[DEBUG] Skipping non-existing directory /home/user/Projects/cse-3219/assignment1/target/classes
[INFO] 
[INFO] --- resources:3.3.1:resources (default-resources) @ assignment1 ---
[DEBUG] Dependency collection stats {ConflictMarker.analyzeTime=53976, ConflictMarker.markTime=63247, ConflictMarker.nodeCount=13, ConflictIdSorter.graphTime=27295, ConflictIdSorter.topsortTime=14234, ConflictIdSorter.conflictIdCount=9, ConflictIdSorter.conflictIdCycleCount=0, ConflictResolver.totalTime=236129, ConflictResolver.conflictItemCount=13, DfDependencyCollector.collectTime=35392701, DfDependencyCollector.transformTime=415875}
[DEBUG] org.apache.maven.plugins:maven-resources-plugin:jar:3.3.1
[DEBUG]    org.codehaus.plexus:plexus-interpolation:jar:1.26:runtime
[DEBUG]    org.codehaus.plexus:plexus-utils:jar:3.5.1:compile
[DEBUG]    org.apache.maven.shared:maven-filtering:jar:3.3.1:compile
[DEBUG]       javax.inject:javax.inject:jar:1:compile
[DEBUG]       org.slf4j:slf4j-api:jar:1.7.36:compile
[DEBUG]       org.sonatype.plexus:plexus-build-api:jar:0.0.7:compile
[DEBUG]    commons-io:commons-io:jar:2.11.0:compile
[DEBUG]    org.apache.commons:commons-lang3:jar:3.12.0:compile
[DEBUG] Created new class realm plugin>org.apache.maven.plugins:maven-resources-plugin:3.3.1
[DEBUG] Importing foreign packages into class realm plugin>org.apache.maven.plugins:maven-resources-plugin:3.3.1
[DEBUG]   Imported:  < maven.api
[DEBUG] Populating class realm plugin>org.apache.maven.plugins:maven-resources-plugin:3.3.1
[DEBUG]   Included: org.apache.maven.plugins:maven-resources-plugin:jar:3.3.1
[DEBUG]   Included: org.codehaus.plexus:plexus-interpolation:jar:1.26
[DEBUG]   Included: org.codehaus.plexus:plexus-utils:jar:3.5.1
[DEBUG]   Included: org.apache.maven.shared:maven-filtering:jar:3.3.1
[DEBUG]   Included: org.sonatype.plexus:plexus-build-api:jar:0.0.7
[DEBUG]   Included: commons-io:commons-io:jar:2.11.0
[DEBUG]   Included: org.apache.commons:commons-lang3:jar:3.12.0
[DEBUG] Loading mojo org.apache.maven.plugins:maven-resources-plugin:3.3.1:resources from plugin realm ClassRealm[plugin>org.apache.maven.plugins:maven-resources-plugin:3.3.1, parent: jdk.internal.loader.ClassLoaders$AppClassLoader@5ffd2b27]
[DEBUG] Configuring mojo execution 'org.apache.maven.plugins:maven-resources-plugin:3.3.1:resources:default-resources' with basic configurator -->
[DEBUG]   (f) addDefaultExcludes = true
[DEBUG]   (f) buildFilters = []
[DEBUG]   (s) delimiters = [@]
[DEBUG]   (f) encoding = UTF-8
[DEBUG]   (f) escapeWindowsPaths = true
[DEBUG]   (f) fileNameFiltering = false
[DEBUG]   (s) includeEmptyDirs = false
[DEBUG]   (s) outputDirectory = /home/user/Projects/cse-3219/assignment1/target/classes
[DEBUG]   (s) overwrite = false
[DEBUG]   (f) project = MavenProject: com.example:assignment1:0.0.1-SNAPSHOT @ /home/user/Projects/cse-3219/assignment1/pom.xml
[DEBUG]   (f) propertiesEncoding = UTF-8
[DEBUG]   (s) resources = [Resource {targetPath: null, filtering: true, FileSet {directory: /home/user/Projects/cse-3219/assignment1/src/main/resources, PatternSet [includes: {**/application*.yml, **/application*.yaml, **/application*.properties}, excludes: {}]}}, Resource {targetPath: null, filtering: false, FileSet {directory: /home/user/Projects/cse-3219/assignment1/src/main/resources, PatternSet [includes: {}, excludes: {**/application*.yml, **/application*.yaml, **/application*.properties}]}}]
[DEBUG]   (f) session = org.apache.maven.execution.MavenSession@59072e9d
[DEBUG]   (f) skip = false
[DEBUG]   (f) supportMultiLineFiltering = false
[DEBUG]   (f) useBuildFilters = true
[DEBUG]   (s) useDefaultDelimiters = false
[DEBUG] -- end configuration --
[DEBUG] properties used:
[DEBUG] activemq.version: 6.1.8
[DEBUG] angus-mail.version: 2.0.5
[DEBUG] artemis.version: 2.43.0
[DEBUG] aspectj.version: 1.9.25.1
[DEBUG] assertj.version: 3.27.6
[DEBUG] awaitility.version: 4.3.0
[DEBUG] brave.version: 6.3.0
[DEBUG] build-helper-maven-plugin.version: 3.6.1
[DEBUG] byte-buddy.version: 1.17.8
[DEBUG] cache2k.version: 2.6.1.Final
[DEBUG] caffeine.version: 3.2.3
[DEBUG] cassandra-driver.version: 4.19.2
[DEBUG] classmate.version: 1.7.3
[DEBUG] classworlds.conf: /home/user/.m2/wrapper/dists/apache-maven-3.9.12/6068d197/bin/m2.conf
[DEBUG] commons-codec.version: 1.19.0
[DEBUG] commons-dbcp2.version: 2.13.0
[DEBUG] commons-lang3.version: 3.19.0
[DEBUG] commons-logging.version: 1.3.5
[DEBUG] commons-pool.version: 1.6
[DEBUG] commons-pool2.version: 2.12.1
[DEBUG] couchbase-client.version: 3.9.2
[DEBUG] crac.version: 1.5.0
[DEBUG] cyclonedx-maven-plugin.version: 2.9.1
[DEBUG] db2-jdbc.version: 12.1.3.0
[DEBUG] dependency-management-plugin.version: 1.1.7
[DEBUG] derby.version: 10.16.1.1
[DEBUG] ehcache3.version: 3.11.1
[DEBUG] elasticsearch-client.version: 9.2.3
[DEBUG] env.CASROOT: /usr
[DEBUG] env.CHROME_DESKTOP: code.desktop
[DEBUG] env.COLORTERM: truecolor
[DEBUG] env.CONDA_PROMPT_MODIFIER: false
[DEBUG] env.CSF_DrawPluginDefaults: /usr/share/opencascade/resources/DrawResources
[DEBUG] env.CSF_EXCEPTION_PROMPT: 1
[DEBUG] env.CSF_IGESDefaults: /usr/share/opencascade/resources/XSTEPResource
[DEBUG] env.CSF_LANGUAGE: us
[DEBUG] env.CSF_MDTVTexturesDirectory: /usr/share/opencascade/resources/Textures
[DEBUG] env.CSF_MIGRATION_TYPES: /usr/share/opencascade/resources/StdResource/MigrationSheet.txt
[DEBUG] env.CSF_OCCTResourcePath: /usr/share/opencascade/resources
[DEBUG] env.CSF_PluginDefaults: /usr/share/opencascade/resources/StdResource
[DEBUG] env.CSF_SHMessage: /usr/share/opencascade/resources/SHMessage
[DEBUG] env.CSF_STEPDefaults: /usr/share/opencascade/resources/XSTEPResource
[DEBUG] env.CSF_ShadersDirectory: /usr/share/opencascade/resources/Shaders
[DEBUG] env.CSF_StandardDefaults: /usr/share/opencascade/resources/StdResource
[DEBUG] env.CSF_StandardLiteDefaults: /usr/share/opencascade/resources/StdResource
[DEBUG] env.CSF_TObjDefaults: /usr/share/opencascade/resources/StdResource
[DEBUG] env.CSF_TObjMessage: /usr/share/opencascade/resources/TObj
[DEBUG] env.CSF_XCAFDefaults: /usr/share/opencascade/resources/StdResource
[DEBUG] env.CSF_XSMessage: /usr/share/opencascade/resources/XSMessage
[DEBUG] env.CSF_XmlOcafResource: /usr/share/opencascade/resources/XmlOcafResource
[DEBUG] env.DBUS_SESSION_BUS_ADDRESS: unix:path=/run/user/1000/bus
[DEBUG] env.DEBUGINFOD_URLS: https://debuginfod.archlinux.org 
[DEBUG] env.DESKTOP_SESSION: gnome
[DEBUG] env.DISPLAY: :0
[DEBUG] env.DRAWDEFAULT: /usr/share/opencascade/resources/DrawResources/DrawDefault
[DEBUG] env.DRAWHOME: /usr/share/opencascade/resources/DrawResources
[DEBUG] env.FC_FONTATIONS: 1
[DEBUG] env.GDK_BACKEND: wayland
[DEBUG] env.GDMSESSION: gnome
[DEBUG] env.GDM_LANG: C.UTF-8
[DEBUG] env.GIO_LAUNCHED_DESKTOP_FILE: /usr/share/applications/code.desktop
[DEBUG] env.GIO_LAUNCHED_DESKTOP_FILE_PID: 672515
[DEBUG] env.GIT_ASKPASS: /opt/visual-studio-code/resources/app/extensions/git/dist/askpass.sh
[DEBUG] env.GIT_PAGER: cat
[DEBUG] env.GJS_DEBUG_OUTPUT: stderr
[DEBUG] env.GJS_DEBUG_TOPICS: JS ERROR;JS LOG
[DEBUG] env.GNOME_SETUP_DISPLAY: :1
[DEBUG] env.GRADLE_HOME: /usr/share/java/gradle
[DEBUG] env.HOME: /home/user
[DEBUG] env.INVOCATION_ID: d56e2a377789432daa29b08ee1367805
[DEBUG] env.JOURNAL_STREAM: 9:644858
[DEBUG] env.LANG: C.UTF-8
[DEBUG] env.LESS: -R
[DEBUG] env.LOGNAME: user
[DEBUG] env.LSCOLORS: Gxfxcxdxbxegedabagacad
[DEBUG] env.LS_COLORS: rs=0:di=01;34:ln=01;36:mh=00:pi=40;33:so=01;35:do=01;35:bd=40;33;01:cd=40;33;01:or=40;31;01:mi=00:su=37;41:sg=30;43:ca=00:tw=30;42:ow=34;42:st=37;44:ex=01;32:*.7z=01;31:*.ace=01;31:*.alz=01;31:*.apk=01;31:*.arc=01;31:*.arj=01;31:*.bz=01;31:*.bz2=01;31:*.cab=01;31:*.cpio=01;31:*.crate=01;31:*.deb=01;31:*.drpm=01;31:*.dwm=01;31:*.dz=01;31:*.ear=01;31:*.egg=01;31:*.esd=01;31:*.gz=01;31:*.jar=01;31:*.lha=01;31:*.lrz=01;31:*.lz=01;31:*.lz4=01;31:*.lzh=01;31:*.lzma=01;31:*.lzo=01;31:*.pyz=01;31:*.rar=01;31:*.rpm=01;31:*.rz=01;31:*.sar=01;31:*.swm=01;31:*.t7z=01;31:*.tar=01;31:*.taz=01;31:*.tbz=01;31:*.tbz2=01;31:*.tgz=01;31:*.tlz=01;31:*.txz=01;31:*.tz=01;31:*.tzo=01;31:*.tzst=01;31:*.udeb=01;31:*.war=01;31:*.whl=01;31:*.wim=01;31:*.xz=01;31:*.z=01;31:*.zip=01;31:*.zoo=01;31:*.zst=01;31:*.avif=01;35:*.jpg=01;35:*.jpeg=01;35:*.jxl=01;35:*.mjpg=01;35:*.mjpeg=01;35:*.gif=01;35:*.bmp=01;35:*.pbm=01;35:*.pgm=01;35:*.ppm=01;35:*.tga=01;35:*.xbm=01;35:*.xpm=01;35:*.tif=01;35:*.tiff=01;35:*.png=01;35:*.svg=01;35:*.svgz=01;35:*.mng=01;35:*.pcx=01;35:*.mov=01;35:*.mpg=01;35:*.mpeg=01;35:*.m2v=01;35:*.mkv=01;35:*.webm=01;35:*.webp=01;35:*.ogm=01;35:*.mp4=01;35:*.m4v=01;35:*.mp4v=01;35:*.vob=01;35:*.qt=01;35:*.nuv=01;35:*.wmv=01;35:*.asf=01;35:*.rm=01;35:*.rmvb=01;35:*.flc=01;35:*.avi=01;35:*.fli=01;35:*.flv=01;35:*.gl=01;35:*.dl=01;35:*.xcf=01;35:*.xwd=01;35:*.yuv=01;35:*.cgm=01;35:*.emf=01;35:*.ogv=01;35:*.ogx=01;35:*.aac=00;36:*.au=00;36:*.flac=00;36:*.m4a=00;36:*.mid=00;36:*.midi=00;36:*.mka=00;36:*.mp3=00;36:*.mpc=00;36:*.ogg=00;36:*.ra=00;36:*.wav=00;36:*.oga=00;36:*.opus=00;36:*.spx=00;36:*.xspf=00;36:*~=00;90:*#=00;90:*.bak=00;90:*.crdownload=00;90:*.dpkg-dist=00;90:*.dpkg-new=00;90:*.dpkg-old=00;90:*.dpkg-tmp=00;90:*.old=00;90:*.orig=00;90:*.part=00;90:*.rej=00;90:*.rpmnew=00;90:*.rpmorig=00;90:*.rpmsave=00;90:*.swp=00;90:*.tmp=00;90:*.ucf-dist=00;90:*.ucf-new=00;90:*.ucf-old=00;90:
[DEBUG] env.MAIL: /var/spool/mail/user
[DEBUG] env.MANAGERPID: 359126
[DEBUG] env.MANAGERPIDFDID: 359127
[DEBUG] env.MAVEN_CMD_LINE_ARGS:  -X -e clean test
[DEBUG] env.MAVEN_PROJECTBASEDIR: /home/user/Projects/cse-3219/assignment1
[DEBUG] env.MEMORY_PRESSURE_WATCH: /sys/fs/cgroup/user.slice/user-1000.slice/user@1000.service/session.slice/org.gnome.Shell@wayland.service/memory.pressure
[DEBUG] env.MEMORY_PRESSURE_WRITE: c29tZSAyMDAwMDAgMjAwMDAwMAA=
[DEBUG] env.MMGT_CLEAR: 1
[DEBUG] env.MOTD_SHOWN: pam
[DEBUG] env.NO_AT_BRIDGE: 1
[DEBUG] env.OLDPWD: /home/user/Projects/cse-3219/assignment1
[DEBUG] env.OSTYPE: linux-gnu
[DEBUG] env.PAGER: less
[DEBUG] env.PATH: /home/user/.local/share/pnpm:/home/user/.config/Code/User/globalStorage/github.copilot-chat/debugCommand:/home/user/.config/Code/User/globalStorage/github.copilot-chat/copilotCli:/usr/local/bin:/usr/bin:/usr/local/sbin:/opt/android-sdk/platform-tools:/usr/lib/jvm/default/bin:/usr/bin/site_perl:/usr/bin/vendor_perl:/usr/bin/core_perl:/home/user/.vscode/extensions/vscjava.vscode-java-debug-0.58.5/bundled/scripts/noConfigScripts
[DEBUG] env.PNPM_HOME: /home/user/.local/share/pnpm
[DEBUG] env.POSH_SESSION_ID: 0456ba21-dbe3-4632-8c9b-5d17b0bdde71
[DEBUG] env.POSH_SHELL: zsh
[DEBUG] env.POSH_SHELL_VERSION: 5.9
[DEBUG] env.POWERLINE_COMMAND: oh-my-posh
[DEBUG] env.PWD: /home/user/Projects/cse-3219/assignment1
[DEBUG] env.PYENV_VIRTUALENV_DISABLE_PROMPT: 1
[DEBUG] env.PYTHONSTARTUP: /home/user/.config/Code/User/workspaceStorage/b63edc931cfdb50f6a1bda8a80d65a9c/ms-python.python/pythonrc.py
[DEBUG] env.PYTHON_BASIC_REPL: 1
[DEBUG] env.QT_IM_MODULE: ibus
[DEBUG] env.QT_IM_MODULES: wayland;ibus
[DEBUG] env.SHELL: /usr/bin/zsh
[DEBUG] env.SHLVL: 2
[DEBUG] env.SSH_AUTH_SOCK: /run/user/1000/gcr/ssh
[DEBUG] env.SYSTEMD_EXEC_PID: 359269
[DEBUG] env.TERM: xterm-256color
[DEBUG] env.TERM_PROGRAM: vscode
[DEBUG] env.TERM_PROGRAM_VERSION: 1.109.2
[DEBUG] env.USER: user
[DEBUG] env.USERNAME: user
[DEBUG] env.USER_ZDOTDIR: /home/user
[DEBUG] env.VIRTUAL_ENV_DISABLE_PROMPT: 1
[DEBUG] env.VSCODE_GIT_ASKPASS_EXTRA_ARGS: 
[DEBUG] env.VSCODE_GIT_ASKPASS_MAIN: /opt/visual-studio-code/resources/app/extensions/git/dist/askpass-main.js
[DEBUG] env.VSCODE_GIT_ASKPASS_NODE: /opt/visual-studio-code/code
[DEBUG] env.VSCODE_GIT_IPC_HANDLE: /run/user/1000/vscode-git-250ceda59e.sock
[DEBUG] env.VSCODE_INJECTION: 1
[DEBUG] env.VSCODE_JAVA_EXEC: /usr/lib/jvm/java-17-openjdk/bin/java
[DEBUG] env.VSCODE_JDWP_ADAPTER_ENDPOINTS: /home/user/.vscode/extensions/vscjava.vscode-java-debug-0.58.5/.noConfigDebugAdapterEndpoints/endpoint-d819400e3f22baeb.txt
[DEBUG] env.VSCODE_PYTHON_AUTOACTIVATE_GUARD: 1
[DEBUG] env.WAYLAND_DISPLAY: wayland-0
[DEBUG] env.XAUTHORITY: /run/user/1000/.mutter-Xwaylandauth.RYWBL3
[DEBUG] env.XDG_CURRENT_DESKTOP: GNOME
[DEBUG] env.XDG_DATA_DIRS: /home/user/.local/share/flatpak/exports/share:/var/lib/flatpak/exports/share:/usr/local/share/:/usr/share/
[DEBUG] env.XDG_MENU_PREFIX: gnome-
[DEBUG] env.XDG_RUNTIME_DIR: /run/user/1000
[DEBUG] env.XDG_SESSION_CLASS: user
[DEBUG] env.XDG_SESSION_DESKTOP: gnome
[DEBUG] env.XDG_SESSION_TYPE: wayland
[DEBUG] env.XMODIFIERS: @im=ibus
[DEBUG] env.ZDOTDIR: /home/user
[DEBUG] env.ZLE_RPROMPT_INDENT: 0
[DEBUG] env.ZSH: /home/user/.oh-my-zsh
[DEBUG] file.encoding: UTF-8
[DEBUG] file.separator: /
[DEBUG] flyway.version: 11.14.1
[DEBUG] freemarker.version: 2.3.34
[DEBUG] git-commit-id-maven-plugin.version: 9.0.2
[DEBUG] glassfish-jaxb.version: 4.0.6
[DEBUG] glassfish-jstl.version: 3.0.1
[DEBUG] graphql-java.version: 25.0
[DEBUG] groovy.version: 5.0.3
[DEBUG] gson.version: 2.13.2
[DEBUG] h2.version: 2.4.240
[DEBUG] hamcrest.version: 3.0
[DEBUG] hazelcast.version: 5.5.0
[DEBUG] hibernate-validator.version: 9.0.1.Final
[DEBUG] hibernate.version: 7.2.1.Final
[DEBUG] hikaricp.version: 7.0.2
[DEBUG] hsqldb.version: 2.7.3
[DEBUG] htmlunit.version: 4.17.0
[DEBUG] httpasyncclient.version: 4.1.5
[DEBUG] httpclient5.version: 5.5.2
[DEBUG] httpcore.version: 4.4.16
[DEBUG] httpcore5.version: 5.3.6
[DEBUG] infinispan.version: 15.2.6.Final
[DEBUG] influxdb-java.version: 2.25
[DEBUG] jackson-2-bom.version: 2.20.2
[DEBUG] jackson-bom.version: 3.0.4
[DEBUG] jakarta-activation.version: 2.1.4
[DEBUG] jakarta-annotation.version: 3.0.0
[DEBUG] jakarta-inject.version: 2.0.1
[DEBUG] jakarta-jms.version: 3.1.0
[DEBUG] jakarta-json-bind.version: 3.0.1
[DEBUG] jakarta-json.version: 2.1.3
[DEBUG] jakarta-mail.version: 2.1.5
[DEBUG] jakarta-management.version: 1.1.4
[DEBUG] jakarta-persistence.version: 3.2.0
[DEBUG] jakarta-servlet-jsp-jstl.version: 3.0.2
[DEBUG] jakarta-servlet.version: 6.1.0
[DEBUG] jakarta-transaction.version: 2.0.1
[DEBUG] jakarta-validation.version: 3.1.1
[DEBUG] jakarta-websocket.version: 2.2.0
[DEBUG] jakarta-ws-rs.version: 4.0.0
[DEBUG] jakarta-xml-bind.version: 4.0.4
[DEBUG] jakarta-xml-soap.version: 3.0.2
[DEBUG] jakarta-xml-ws.version: 4.0.2
[DEBUG] janino.version: 3.1.12
[DEBUG] java.class.path: /home/user/.m2/wrapper/dists/apache-maven-3.9.12/6068d197/boot/plexus-classworlds-2.9.0.jar
[DEBUG] java.class.version: 61.0
[DEBUG] java.home: /usr/lib/jvm/java-17-openjdk
[DEBUG] java.io.tmpdir: /tmp
[DEBUG] java.library.path: /usr/java/packages/lib:/usr/lib64:/lib64:/lib:/usr/lib
[DEBUG] java.runtime.name: OpenJDK Runtime Environment
[DEBUG] java.runtime.version: 17.0.18+8
[DEBUG] java.specification.maintenance.version: 1
[DEBUG] java.specification.name: Java Platform API Specification
[DEBUG] java.specification.vendor: Oracle Corporation
[DEBUG] java.specification.version: 17
[DEBUG] java.vendor: Arch Linux
[DEBUG] java.vendor.url: https://openjdk.java.net/
[DEBUG] java.vendor.url.bug: https://bugreport.java.com/bugreport/
[DEBUG] java.version: 17.0.18
[DEBUG] java.version.date: 2026-01-20
[DEBUG] java.vm.compressedOopsMode: Zero based
[DEBUG] java.vm.info: mixed mode, sharing
[DEBUG] java.vm.name: OpenJDK 64-Bit Server VM
[DEBUG] java.vm.specification.name: Java Virtual Machine Specification
[DEBUG] java.vm.specification.vendor: Oracle Corporation
[DEBUG] java.vm.specification.version: 17
[DEBUG] java.vm.vendor: Arch Linux
[DEBUG] java.vm.version: 17.0.18+8
[DEBUG] javax-cache.version: 1.1.1
[DEBUG] javax-money.version: 1.1
[DEBUG] jaxen.version: 2.0.0
[DEBUG] jaybird.version: 6.0.3
[DEBUG] jboss-logging.version: 3.6.1.Final
[DEBUG] jdk.debug: release
[DEBUG] jdom2.version: 2.0.6.1
[DEBUG] jedis.version: 7.0.0
[DEBUG] jersey.version: 4.0.0
[DEBUG] jetty-reactive-httpclient.version: 4.1.4
[DEBUG] jetty.version: 12.1.5
[DEBUG] jmustache.version: 1.16
[DEBUG] jooq.version: 3.19.29
[DEBUG] json-path.version: 2.10.0
[DEBUG] json-smart.version: 2.6.0
[DEBUG] jsonassert.version: 1.5.3
[DEBUG] jspecify.version: 1.0.0
[DEBUG] jtds.version: 1.3.1
[DEBUG] junit-jupiter.version: 6.0.2
[DEBUG] junit.version: 4.13.2
[DEBUG] kafka.version: 4.1.1
[DEBUG] kotlin-coroutines.version: 1.10.2
[DEBUG] kotlin-serialization.version: 1.9.0
[DEBUG] kotlin.version: 2.2.21
[DEBUG] lettuce.version: 6.8.2.RELEASE
[DEBUG] library.jansi.path: /home/user/.m2/wrapper/dists/apache-maven-3.9.12/6068d197/lib/jansi-native
[DEBUG] line.separator: 

[DEBUG] liquibase.version: 5.0.1
[DEBUG] log4j2.version: 2.25.3
[DEBUG] logback.version: 1.5.25
[DEBUG] lombok.version: 1.18.42
[DEBUG] mariadb.version: 3.5.7
[DEBUG] maven-antrun-plugin.version: 3.2.0
[DEBUG] maven-assembly-plugin.version: 3.7.1
[DEBUG] maven-clean-plugin.version: 3.5.0
[DEBUG] maven-compiler-plugin.version: 3.14.1
[DEBUG] maven-dependency-plugin.version: 3.9.0
[DEBUG] maven-deploy-plugin.version: 3.1.4
[DEBUG] maven-enforcer-plugin.version: 3.6.2
[DEBUG] maven-failsafe-plugin.version: 3.5.4
[DEBUG] maven-help-plugin.version: 3.5.1
[DEBUG] maven-install-plugin.version: 3.1.4
[DEBUG] maven-invoker-plugin.version: 3.9.1
[DEBUG] maven-jar-plugin.version: 3.4.2
[DEBUG] maven-javadoc-plugin.version: 3.12.0
[DEBUG] maven-resources-plugin.version: 3.3.1
[DEBUG] maven-shade-plugin.version: 3.6.1
[DEBUG] maven-source-plugin.version: 3.3.1
[DEBUG] maven-surefire-plugin.version: 3.5.4
[DEBUG] maven-war-plugin.version: 3.4.0
[DEBUG] maven.build.timestamp: 2026-02-22T16:48:07Z
[DEBUG] maven.build.version: Apache Maven 3.9.12 (848fbb4bf2d427b72bdb2471c22fced7ebd9a7a1)
[DEBUG] maven.compiler.release: 17
[DEBUG] maven.conf: /home/user/.m2/wrapper/dists/apache-maven-3.9.12/6068d197/conf
[DEBUG] maven.home: /home/user/.m2/wrapper/dists/apache-maven-3.9.12/6068d197
[DEBUG] maven.multiModuleProjectDirectory: /home/user/Projects/cse-3219/assignment1
[DEBUG] maven.version: 3.9.12
[DEBUG] micrometer-tracing.version: 1.6.2
[DEBUG] micrometer.version: 1.16.2
[DEBUG] mockito.version: 5.20.0
[DEBUG] mongodb.version: 5.6.2
[DEBUG] mssql-jdbc.version: 13.2.1.jre11
[DEBUG] mysql.version: 9.5.0
[DEBUG] native-build-tools-plugin.version: 0.11.4
[DEBUG] native.encoding: UTF-8
[DEBUG] nekohtml.version: 1.9.22
[DEBUG] neo4j-java-driver.version: 6.0.2
[DEBUG] netty.version: 4.2.9.Final
[DEBUG] opentelemetry.version: 1.55.0
[DEBUG] oracle-database.version: 23.9.0.25.07
[DEBUG] oracle-r2dbc.version: 1.3.0
[DEBUG] os.arch: amd64
[DEBUG] os.name: Linux
[DEBUG] os.version: 6.18.8-zen2-1-zen
[DEBUG] path.separator: :
[DEBUG] pooled-jms.version: 3.1.9
[DEBUG] postgresql.version: 42.7.9
[DEBUG] project.baseUri: file:/home/user/Projects/cse-3219/assignment1/
[DEBUG] project.build.sourceEncoding: UTF-8
[DEBUG] project.reporting.outputEncoding: UTF-8
[DEBUG] prometheus-client.version: 1.4.3
[DEBUG] prometheus-simpleclient.version: 0.16.0
[DEBUG] pulsar.version: 4.1.2
[DEBUG] quartz.version: 2.5.2
[DEBUG] querydsl.version: 5.1.0
[DEBUG] r2dbc-h2.version: 1.1.0.RELEASE
[DEBUG] r2dbc-mariadb.version: 1.3.0
[DEBUG] r2dbc-mssql.version: 1.0.4.RELEASE
[DEBUG] r2dbc-mysql.version: 1.4.1
[DEBUG] r2dbc-pool.version: 1.0.2.RELEASE
[DEBUG] r2dbc-postgresql.version: 1.1.1.RELEASE
[DEBUG] r2dbc-proxy.version: 1.1.6.RELEASE
[DEBUG] r2dbc-spi.version: 1.0.0.RELEASE
[DEBUG] rabbit-amqp-client.version: 5.27.1
[DEBUG] rabbit-stream-client.version: 0.23.0
[DEBUG] reactive-streams.version: 1.0.4
[DEBUG] reactor-bom.version: 2025.0.2
[DEBUG] resource.delimiter: @
[DEBUG] rsocket.version: 1.1.5
[DEBUG] rxjava3.version: 3.1.12
[DEBUG] saaj-impl.version: 3.0.4
[DEBUG] selenium-htmlunit.version: 4.36.1
[DEBUG] selenium.version: 4.37.0
[DEBUG] sendgrid.version: 4.10.3
[DEBUG] slf4j.version: 2.0.17
[DEBUG] snakeyaml.version: 2.5
[DEBUG] spring-amqp.version: 4.0.2
[DEBUG] spring-batch.version: 6.0.2
[DEBUG] spring-boot.run.main-class: ${start-class}
[DEBUG] spring-data-bom.version: 2025.1.2
[DEBUG] spring-framework.version: 7.0.3
[DEBUG] spring-graphql.version: 2.0.2
[DEBUG] spring-hateoas.version: 3.0.2
[DEBUG] spring-integration.version: 7.0.2
[DEBUG] spring-kafka.version: 4.0.2
[DEBUG] spring-ldap.version: 4.0.1
[DEBUG] spring-pulsar.version: 2.0.2
[DEBUG] spring-restdocs.version: 4.0.0
[DEBUG] spring-security.version: 7.0.2
[DEBUG] spring-session.version: 4.0.1
[DEBUG] spring-ws.version: 5.0.0
[DEBUG] sqlite-jdbc.version: 3.50.3.0
[DEBUG] sun.arch.data.model: 64
[DEBUG] sun.boot.library.path: /usr/lib/jvm/java-17-openjdk/lib
[DEBUG] sun.cpu.endian: little
[DEBUG] sun.io.unicode.encoding: UnicodeLittle
[DEBUG] sun.java.command: org.codehaus.plexus.classworlds.launcher.Launcher -X -e clean test
[DEBUG] sun.java.launcher: SUN_STANDARD
[DEBUG] sun.jnu.encoding: UTF-8
[DEBUG] sun.management.compiler: HotSpot 64-Bit Tiered Compilers
[DEBUG] sun.stderr.encoding: UTF-8
[DEBUG] testcontainers-redis-module.version: 2.2.4
[DEBUG] testcontainers.version: 2.0.3
[DEBUG] thymeleaf-extras-data-attribute.version: 2.0.1
[DEBUG] thymeleaf-extras-springsecurity.version: 3.1.3.RELEASE
[DEBUG] thymeleaf-layout-dialect.version: 3.4.0
[DEBUG] thymeleaf.version: 3.1.3.RELEASE
[DEBUG] tomcat.version: 11.0.15
[DEBUG] unboundid-ldapsdk.version: 7.0.4
[DEBUG] user.dir: /home/user/Projects/cse-3219/assignment1
[DEBUG] user.home: /home/user
[DEBUG] user.language: en
[DEBUG] user.name: user
[DEBUG] versions-maven-plugin.version: 2.19.1
[DEBUG] vibur.version: 26.0
[DEBUG] webjars-locator-core.version: 0.59
[DEBUG] webjars-locator-lite.version: 1.1.3
[DEBUG] wsdl4j.version: 1.6.3
[DEBUG] xml-maven-plugin.version: 1.2.1
[DEBUG] xmlunit2.version: 2.10.4
[DEBUG] yasson.version: 3.0.4
[DEBUG] zipkin-reporter.version: 3.5.1
[DEBUG] Using 'UTF-8' encoding to copy filtered resources.
[DEBUG] Using 'UTF-8' encoding to copy filtered properties files.
[DEBUG] resource with targetPath null
directory /home/user/Projects/cse-3219/assignment1/src/main/resources
excludes []
includes [**/application*.yml, **/application*.yaml, **/application*.properties]
[DEBUG] ignoreDelta true
[INFO] Copying 1 resource from src/main/resources to target/classes
[DEBUG] Copying file application.yaml
[DEBUG] file application.yaml has a filtered file extension
[DEBUG] Using 'UTF-8' encoding to copy filtered resource 'application.yaml'.
[DEBUG] filtering /home/user/Projects/cse-3219/assignment1/src/main/resources/application.yaml to /home/user/Projects/cse-3219/assignment1/target/classes/application.yaml
[DEBUG] resource with targetPath null
directory /home/user/Projects/cse-3219/assignment1/src/main/resources
excludes [**/application*.yml, **/application*.yaml, **/application*.properties]
includes []
[DEBUG] ignoreDelta true
[INFO] Copying 8 resources from src/main/resources to target/classes
[DEBUG] Copying file static/js/auth.js
[DEBUG] file auth.js has a filtered file extension
[DEBUG] Using 'UTF-8' encoding to copy filtered resource 'auth.js'.
[DEBUG] copy /home/user/Projects/cse-3219/assignment1/src/main/resources/static/js/auth.js to /home/user/Projects/cse-3219/assignment1/target/classes/static/js/auth.js
[DEBUG] Copying file static/js/dashboard.js
[DEBUG] file dashboard.js has a filtered file extension
[DEBUG] Using 'UTF-8' encoding to copy filtered resource 'dashboard.js'.
[DEBUG] copy /home/user/Projects/cse-3219/assignment1/src/main/resources/static/js/dashboard.js to /home/user/Projects/cse-3219/assignment1/target/classes/static/js/dashboard.js
[DEBUG] Copying file static/css/style.css
[DEBUG] file style.css has a filtered file extension
[DEBUG] Using 'UTF-8' encoding to copy filtered resource 'style.css'.
[DEBUG] copy /home/user/Projects/cse-3219/assignment1/src/main/resources/static/css/style.css to /home/user/Projects/cse-3219/assignment1/target/classes/static/css/style.css
[DEBUG] Copying file static/css/dashboard.css
[DEBUG] file dashboard.css has a filtered file extension
[DEBUG] Using 'UTF-8' encoding to copy filtered resource 'dashboard.css'.
[DEBUG] copy /home/user/Projects/cse-3219/assignment1/src/main/resources/static/css/dashboard.css to /home/user/Projects/cse-3219/assignment1/target/classes/static/css/dashboard.css
[DEBUG] Copying file templates/dashboard.html
[DEBUG] file dashboard.html has a filtered file extension
[DEBUG] Using 'UTF-8' encoding to copy filtered resource 'dashboard.html'.
[DEBUG] copy /home/user/Projects/cse-3219/assignment1/src/main/resources/templates/dashboard.html to /home/user/Projects/cse-3219/assignment1/target/classes/templates/dashboard.html
[DEBUG] Copying file templates/controlled-teacher.html
[DEBUG] file controlled-teacher.html has a filtered file extension
[DEBUG] Using 'UTF-8' encoding to copy filtered resource 'controlled-teacher.html'.
[DEBUG] copy /home/user/Projects/cse-3219/assignment1/src/main/resources/templates/controlled-teacher.html to /home/user/Projects/cse-3219/assignment1/target/classes/templates/controlled-teacher.html
[DEBUG] Copying file templates/index.html
[DEBUG] file index.html has a filtered file extension
[DEBUG] Using 'UTF-8' encoding to copy filtered resource 'index.html'.
[DEBUG] copy /home/user/Projects/cse-3219/assignment1/src/main/resources/templates/index.html to /home/user/Projects/cse-3219/assignment1/target/classes/templates/index.html
[DEBUG] Copying file templates/controlled-student.html
[DEBUG] file controlled-student.html has a filtered file extension
[DEBUG] Using 'UTF-8' encoding to copy filtered resource 'controlled-student.html'.
[DEBUG] copy /home/user/Projects/cse-3219/assignment1/src/main/resources/templates/controlled-student.html to /home/user/Projects/cse-3219/assignment1/target/classes/templates/controlled-student.html
[DEBUG] no user filter components
[INFO] 
[INFO] --- compiler:3.14.1:compile (default-compile) @ assignment1 ---
[DEBUG] Using mirror maven-default-http-blocker (http://0.0.0.0/) for apache.snapshots (http://repository.apache.org/snapshots).
[DEBUG] Dependency collection stats {ConflictMarker.analyzeTime=56472, ConflictMarker.markTime=31817, ConflictMarker.nodeCount=23, ConflictIdSorter.graphTime=34665, ConflictIdSorter.topsortTime=17882, ConflictIdSorter.conflictIdCount=14, ConflictIdSorter.conflictIdCycleCount=0, ConflictResolver.totalTime=340173, ConflictResolver.conflictItemCount=23, DfDependencyCollector.collectTime=30065616, DfDependencyCollector.transformTime=501937}
[DEBUG] org.apache.maven.plugins:maven-compiler-plugin:jar:3.14.1
[DEBUG]    org.ow2.asm:asm:jar:9.8:compile
[DEBUG]    org.apache.maven.shared:maven-shared-utils:jar:3.4.2:compile
[DEBUG]       org.slf4j:slf4j-api:jar:1.7.36:compile
[DEBUG]       commons-io:commons-io:jar:2.11.0:compile
[DEBUG]    org.apache.maven.shared:maven-shared-incremental:jar:1.1:compile
[DEBUG]    org.codehaus.plexus:plexus-java:jar:1.5.0:compile
[DEBUG]       com.thoughtworks.qdox:qdox:jar:2.2.0:compile
[DEBUG]    org.codehaus.plexus:plexus-compiler-api:jar:2.15.0:compile
[DEBUG]    org.codehaus.plexus:plexus-compiler-manager:jar:2.15.0:compile
[DEBUG]       javax.inject:javax.inject:jar:1:compile
[DEBUG]       org.codehaus.plexus:plexus-xml:jar:3.0.1:compile (version managed from default)
[DEBUG]    org.codehaus.plexus:plexus-compiler-javac:jar:2.15.0:runtime
[DEBUG]    org.codehaus.plexus:plexus-utils:jar:4.0.2:compile
[DEBUG] Created new class realm plugin>org.apache.maven.plugins:maven-compiler-plugin:3.14.1
[DEBUG] Importing foreign packages into class realm plugin>org.apache.maven.plugins:maven-compiler-plugin:3.14.1
[DEBUG]   Imported:  < maven.api
[DEBUG] Populating class realm plugin>org.apache.maven.plugins:maven-compiler-plugin:3.14.1
[DEBUG]   Included: org.apache.maven.plugins:maven-compiler-plugin:jar:3.14.1
[DEBUG]   Included: org.ow2.asm:asm:jar:9.8
[DEBUG]   Included: org.apache.maven.shared:maven-shared-utils:jar:3.4.2
[DEBUG]   Included: commons-io:commons-io:jar:2.11.0
[DEBUG]   Included: org.apache.maven.shared:maven-shared-incremental:jar:1.1
[DEBUG]   Included: org.codehaus.plexus:plexus-java:jar:1.5.0
[DEBUG]   Included: com.thoughtworks.qdox:qdox:jar:2.2.0
[DEBUG]   Included: org.codehaus.plexus:plexus-compiler-api:jar:2.15.0
[DEBUG]   Included: org.codehaus.plexus:plexus-compiler-manager:jar:2.15.0
[DEBUG]   Included: org.codehaus.plexus:plexus-xml:jar:3.0.1
[DEBUG]   Included: org.codehaus.plexus:plexus-compiler-javac:jar:2.15.0
[DEBUG]   Included: org.codehaus.plexus:plexus-utils:jar:4.0.2
[DEBUG] Loading mojo org.apache.maven.plugins:maven-compiler-plugin:3.14.1:compile from plugin realm ClassRealm[plugin>org.apache.maven.plugins:maven-compiler-plugin:3.14.1, parent: jdk.internal.loader.ClassLoaders$AppClassLoader@5ffd2b27]
[DEBUG] Configuring mojo execution 'org.apache.maven.plugins:maven-compiler-plugin:3.14.1:compile:default-compile' with basic configurator -->
[DEBUG]   (f) annotationProcessorPathsUseDepMgmt = false
[DEBUG]   (f) basedir = /home/user/Projects/cse-3219/assignment1
[DEBUG]   (f) buildDirectory = /home/user/Projects/cse-3219/assignment1/target
[DEBUG]   (f) compilePath = [/home/user/Projects/cse-3219/assignment1/target/classes, /home/user/.m2/repository/org/springframework/boot/spring-boot-starter-data-jpa/4.0.2/spring-boot-starter-data-jpa-4.0.2.jar, /home/user/.m2/repository/org/springframework/boot/spring-boot-starter/4.0.2/spring-boot-starter-4.0.2.jar, /home/user/.m2/repository/org/springframework/boot/spring-boot-starter-logging/4.0.2/spring-boot-starter-logging-4.0.2.jar, /home/user/.m2/repository/ch/qos/logback/logback-classic/1.5.25/logback-classic-1.5.25.jar, /home/user/.m2/repository/ch/qos/logback/logback-core/1.5.25/logback-core-1.5.25.jar, /home/user/.m2/repository/org/apache/logging/log4j/log4j-to-slf4j/2.25.3/log4j-to-slf4j-2.25.3.jar, /home/user/.m2/repository/org/apache/logging/log4j/log4j-api/2.25.3/log4j-api-2.25.3.jar, /home/user/.m2/repository/org/slf4j/jul-to-slf4j/2.0.17/jul-to-slf4j-2.0.17.jar, /home/user/.m2/repository/jakarta/annotation/jakarta.annotation-api/3.0.0/jakarta.annotation-api-3.0.0.jar, /home/user/.m2/repository/org/yaml/snakeyaml/2.5/snakeyaml-2.5.jar, /home/user/.m2/repository/org/springframework/boot/spring-boot-starter-jdbc/4.0.2/spring-boot-starter-jdbc-4.0.2.jar, /home/user/.m2/repository/com/zaxxer/HikariCP/7.0.2/HikariCP-7.0.2.jar, /home/user/.m2/repository/org/springframework/boot/spring-boot-data-jpa/4.0.2/spring-boot-data-jpa-4.0.2.jar, /home/user/.m2/repository/org/springframework/boot/spring-boot-data-commons/4.0.2/spring-boot-data-commons-4.0.2.jar, /home/user/.m2/repository/org/springframework/boot/spring-boot-persistence/4.0.2/spring-boot-persistence-4.0.2.jar, /home/user/.m2/repository/org/springframework/data/spring-data-commons/4.0.2/spring-data-commons-4.0.2.jar, /home/user/.m2/repository/org/springframework/boot/spring-boot-hibernate/4.0.2/spring-boot-hibernate-4.0.2.jar, /home/user/.m2/repository/org/springframework/boot/spring-boot-jpa/4.0.2/spring-boot-jpa-4.0.2.jar, /home/user/.m2/repository/jakarta/persistence/jakarta.persistence-api/3.2.0/jakarta.persistence-api-3.2.0.jar, /home/user/.m2/repository/org/hibernate/orm/hibernate-core/7.2.1.Final/hibernate-core-7.2.1.Final.jar, /home/user/.m2/repository/jakarta/transaction/jakarta.transaction-api/2.0.1/jakarta.transaction-api-2.0.1.jar, /home/user/.m2/repository/org/springframework/spring-orm/7.0.3/spring-orm-7.0.3.jar, /home/user/.m2/repository/org/springframework/data/spring-data-jpa/4.0.2/spring-data-jpa-4.0.2.jar, /home/user/.m2/repository/org/springframework/spring-tx/7.0.3/spring-tx-7.0.3.jar, /home/user/.m2/repository/org/antlr/antlr4-runtime/4.13.2/antlr4-runtime-4.13.2.jar, /home/user/.m2/repository/org/springframework/spring-aspects/7.0.3/spring-aspects-7.0.3.jar, /home/user/.m2/repository/org/aspectj/aspectjweaver/1.9.25.1/aspectjweaver-1.9.25.1.jar, /home/user/.m2/repository/org/springframework/boot/spring-boot-jdbc/4.0.2/spring-boot-jdbc-4.0.2.jar, /home/user/.m2/repository/org/springframework/boot/spring-boot-sql/4.0.2/spring-boot-sql-4.0.2.jar, /home/user/.m2/repository/org/springframework/boot/spring-boot-transaction/4.0.2/spring-boot-transaction-4.0.2.jar, /home/user/.m2/repository/org/springframework/spring-jdbc/7.0.3/spring-jdbc-7.0.3.jar, /home/user/.m2/repository/org/springframework/boot/spring-boot-starter-security/4.0.2/spring-boot-starter-security-4.0.2.jar, /home/user/.m2/repository/org/springframework/boot/spring-boot-security/4.0.2/spring-boot-security-4.0.2.jar, /home/user/.m2/repository/org/springframework/security/spring-security-config/7.0.2/spring-security-config-7.0.2.jar, /home/user/.m2/repository/org/springframework/security/spring-security-core/7.0.2/spring-security-core-7.0.2.jar, /home/user/.m2/repository/org/springframework/security/spring-security-crypto/7.0.2/spring-security-crypto-7.0.2.jar, /home/user/.m2/repository/org/springframework/security/spring-security-web/7.0.2/spring-security-web-7.0.2.jar, /home/user/.m2/repository/org/springframework/spring-expression/7.0.3/spring-expression-7.0.3.jar, /home/user/.m2/repository/org/springframework/spring-aop/7.0.3/spring-aop-7.0.3.jar, /home/user/.m2/repository/org/springframework/spring-beans/7.0.3/spring-beans-7.0.3.jar, /home/user/.m2/repository/org/springframework/boot/spring-boot-starter-thymeleaf/4.0.2/spring-boot-starter-thymeleaf-4.0.2.jar, /home/user/.m2/repository/org/springframework/boot/spring-boot-thymeleaf/4.0.2/spring-boot-thymeleaf-4.0.2.jar, /home/user/.m2/repository/org/springframework/spring-web/7.0.3/spring-web-7.0.3.jar, /home/user/.m2/repository/io/micrometer/micrometer-observation/1.16.2/micrometer-observation-1.16.2.jar, /home/user/.m2/repository/io/micrometer/micrometer-commons/1.16.2/micrometer-commons-1.16.2.jar, /home/user/.m2/repository/org/springframework/boot/spring-boot-starter-webmvc/4.0.2/spring-boot-starter-webmvc-4.0.2.jar, /home/user/.m2/repository/org/springframework/boot/spring-boot-starter-jackson/4.0.2/spring-boot-starter-jackson-4.0.2.jar, /home/user/.m2/repository/org/springframework/boot/spring-boot-jackson/4.0.2/spring-boot-jackson-4.0.2.jar, /home/user/.m2/repository/org/springframework/boot/spring-boot-starter-tomcat/4.0.2/spring-boot-starter-tomcat-4.0.2.jar, /home/user/.m2/repository/org/springframework/boot/spring-boot-starter-tomcat-runtime/4.0.2/spring-boot-starter-tomcat-runtime-4.0.2.jar, /home/user/.m2/repository/org/springframework/boot/spring-boot-web-server/4.0.2/spring-boot-web-server-4.0.2.jar, /home/user/.m2/repository/org/apache/tomcat/embed/tomcat-embed-core/11.0.15/tomcat-embed-core-11.0.15.jar, /home/user/.m2/repository/org/apache/tomcat/embed/tomcat-embed-el/11.0.15/tomcat-embed-el-11.0.15.jar, /home/user/.m2/repository/org/apache/tomcat/embed/tomcat-embed-websocket/11.0.15/tomcat-embed-websocket-11.0.15.jar, /home/user/.m2/repository/org/springframework/boot/spring-boot-tomcat/4.0.2/spring-boot-tomcat-4.0.2.jar, /home/user/.m2/repository/org/springframework/boot/spring-boot-http-converter/4.0.2/spring-boot-http-converter-4.0.2.jar, /home/user/.m2/repository/org/springframework/boot/spring-boot-webmvc/4.0.2/spring-boot-webmvc-4.0.2.jar, /home/user/.m2/repository/org/springframework/boot/spring-boot-servlet/4.0.2/spring-boot-servlet-4.0.2.jar, /home/user/.m2/repository/org/springframework/spring-webmvc/7.0.3/spring-webmvc-7.0.3.jar, /home/user/.m2/repository/org/thymeleaf/extras/thymeleaf-extras-springsecurity6/3.1.3.RELEASE/thymeleaf-extras-springsecurity6-3.1.3.RELEASE.jar, /home/user/.m2/repository/org/thymeleaf/thymeleaf-spring6/3.1.3.RELEASE/thymeleaf-spring6-3.1.3.RELEASE.jar, /home/user/.m2/repository/org/thymeleaf/thymeleaf/3.1.3.RELEASE/thymeleaf-3.1.3.RELEASE.jar, /home/user/.m2/repository/org/attoparser/attoparser/2.0.7.RELEASE/attoparser-2.0.7.RELEASE.jar, /home/user/.m2/repository/org/unbescape/unbescape/1.1.6.RELEASE/unbescape-1.1.6.RELEASE.jar, /home/user/.m2/repository/org/slf4j/slf4j-api/2.0.17/slf4j-api-2.0.17.jar, /home/user/.m2/repository/org/springframework/boot/spring-boot/4.0.2/spring-boot-4.0.2.jar, /home/user/.m2/repository/org/springframework/spring-context/7.0.3/spring-context-7.0.3.jar, /home/user/.m2/repository/org/springframework/boot/spring-boot-autoconfigure/4.0.2/spring-boot-autoconfigure-4.0.2.jar, /home/user/.m2/repository/tools/jackson/core/jackson-databind/3.0.4/jackson-databind-3.0.4.jar, /home/user/.m2/repository/com/fasterxml/jackson/core/jackson-annotations/2.20/jackson-annotations-2.20.jar, /home/user/.m2/repository/tools/jackson/core/jackson-core/3.0.4/jackson-core-3.0.4.jar, /home/user/.m2/repository/org/springframework/spring-core/7.0.3/spring-core-7.0.3.jar, /home/user/.m2/repository/commons-logging/commons-logging/1.3.5/commons-logging-1.3.5.jar, /home/user/.m2/repository/org/jspecify/jspecify/1.0.0/jspecify-1.0.0.jar, /home/user/.m2/repository/org/projectlombok/lombok/1.18.42/lombok-1.18.42.jar, /home/user/.m2/repository/io/jsonwebtoken/jjwt-api/0.12.5/jjwt-api-0.12.5.jar]
[DEBUG]   (f) compileSourceRoots = [/home/user/Projects/cse-3219/assignment1/src/main/java]
[DEBUG]   (f) compilerId = javac
[DEBUG]   (f) createMissingPackageInfoClass = true
[DEBUG]   (f) debug = true
[DEBUG]   (f) debugFileName = javac
[DEBUG]   (f) enablePreview = false
[DEBUG]   (f) encoding = UTF-8
[DEBUG]   (f) failOnError = true
[DEBUG]   (f) failOnWarning = false
[DEBUG]   (f) fileExtensions = [jar, class]
[DEBUG]   (f) forceJavacCompilerUse = false
[DEBUG]   (f) forceLegacyJavacApi = false
[DEBUG]   (f) fork = false
[DEBUG]   (f) generatedSourcesDirectory = /home/user/Projects/cse-3219/assignment1/target/generated-sources/annotations
[DEBUG]   (f) moduleVersion = 0.0.1-SNAPSHOT
[DEBUG]   (f) mojoExecution = org.apache.maven.plugins:maven-compiler-plugin:3.14.1:compile {execution: default-compile}
[DEBUG]   (f) optimize = false
[DEBUG]   (f) outputDirectory = /home/user/Projects/cse-3219/assignment1/target/classes
[DEBUG]   (f) parameters = true
[DEBUG]   (f) project = MavenProject: com.example:assignment1:0.0.1-SNAPSHOT @ /home/user/Projects/cse-3219/assignment1/pom.xml
[DEBUG]   (f) projectArtifact = com.example:assignment1:jar:0.0.1-SNAPSHOT
[DEBUG]   (s) release = 17
[DEBUG]   (f) session = org.apache.maven.execution.MavenSession@59072e9d
[DEBUG]   (f) showCompilationChanges = false
[DEBUG]   (f) showDeprecation = false
[DEBUG]   (f) showWarnings = true
[DEBUG]   (f) skipMultiThreadWarning = false
[DEBUG]   (f) source = 1.8
[DEBUG]   (f) staleMillis = 0
[DEBUG]   (s) target = 1.8
[DEBUG]   (f) useIncrementalCompilation = true
[DEBUG]   (f) useModuleVersion = true
[DEBUG]   (f) verbose = false
[DEBUG] -- end configuration --
[DEBUG] Using compiler 'javac'.
[DEBUG] CompilerReuseStrategy: reuseCreated
[DEBUG] useIncrementalCompilation enabled
[INFO] 	Stale source detected: /home/user/Projects/cse-3219/assignment1/src/main/java/com/example/assignment1/repository/StudentRepository.java
[INFO] 	Stale source detected: /home/user/Projects/cse-3219/assignment1/src/main/java/com/example/assignment1/controller/TeacherController.java
[INFO] 	Stale source detected: /home/user/Projects/cse-3219/assignment1/src/main/java/com/example/assignment1/Assignment1Application.java
[INFO] 	Stale source detected: /home/user/Projects/cse-3219/assignment1/src/main/java/com/example/assignment1/repository/Users.java
[INFO] 	Stale source detected: /home/user/Projects/cse-3219/assignment1/src/main/java/com/example/assignment1/repository/Student.java
[INFO] 	Stale source detected: /home/user/Projects/cse-3219/assignment1/src/main/java/com/example/assignment1/repository/Teacher.java
[INFO] 	Stale source detected: /home/user/Projects/cse-3219/assignment1/src/main/java/com/example/assignment1/controller/AuthController.java
[INFO] 	Stale source detected: /home/user/Projects/cse-3219/assignment1/src/main/java/com/example/assignment1/controller/ControlledController.java
[INFO] 	Stale source detected: /home/user/Projects/cse-3219/assignment1/src/main/java/com/example/assignment1/service/JwtService.java
[INFO] 	Stale source detected: /home/user/Projects/cse-3219/assignment1/src/main/java/com/example/assignment1/repository/UserRepository.java
[INFO] 	Stale source detected: /home/user/Projects/cse-3219/assignment1/src/main/java/com/example/assignment1/controller/CourseController.java
[INFO] 	Stale source detected: /home/user/Projects/cse-3219/assignment1/src/main/java/com/example/assignment1/repository/Course.java
[INFO] 	Stale source detected: /home/user/Projects/cse-3219/assignment1/src/main/java/com/example/assignment1/controller/HomeController.java
[INFO] 	Stale source detected: /home/user/Projects/cse-3219/assignment1/src/main/java/com/example/assignment1/config/SecurityConfig.java
[INFO] 	Stale source detected: /home/user/Projects/cse-3219/assignment1/src/main/java/com/example/assignment1/repository/CourseRepository.java
[INFO] 	Stale source detected: /home/user/Projects/cse-3219/assignment1/src/main/java/com/example/assignment1/controller/StudentController.java
[INFO] 	Stale source detected: /home/user/Projects/cse-3219/assignment1/src/main/java/com/example/assignment1/repository/TeacherRepository.java
[INFO] 	Stale source detected: /home/user/Projects/cse-3219/assignment1/src/main/java/com/example/assignment1/service/JwtFilter.java
[INFO] 	Input tree files (+): /home/user/Projects/cse-3219/assignment1/src/main/java/com/example/assignment1/Assignment1Application.java
[INFO] 	Input tree files (+): /home/user/Projects/cse-3219/assignment1/src/main/java/com/example/assignment1/config/SecurityConfig.java
[INFO] 	Input tree files (+): /home/user/Projects/cse-3219/assignment1/src/main/java/com/example/assignment1/controller/AuthController.java
[INFO] 	Input tree files (+): /home/user/Projects/cse-3219/assignment1/src/main/java/com/example/assignment1/controller/ControlledController.java
[INFO] 	Input tree files (+): /home/user/Projects/cse-3219/assignment1/src/main/java/com/example/assignment1/controller/CourseController.java
[INFO] 	Input tree files (+): /home/user/Projects/cse-3219/assignment1/src/main/java/com/example/assignment1/controller/HomeController.java
[INFO] 	Input tree files (+): /home/user/Projects/cse-3219/assignment1/src/main/java/com/example/assignment1/controller/StudentController.java
[INFO] 	Input tree files (+): /home/user/Projects/cse-3219/assignment1/src/main/java/com/example/assignment1/controller/TeacherController.java
[INFO] 	Input tree files (+): /home/user/Projects/cse-3219/assignment1/src/main/java/com/example/assignment1/repository/Course.java
[INFO] 	Input tree files (+): /home/user/Projects/cse-3219/assignment1/src/main/java/com/example/assignment1/repository/CourseRepository.java
[INFO] 	Input tree files (+): /home/user/Projects/cse-3219/assignment1/src/main/java/com/example/assignment1/repository/Student.java
[INFO] 	Input tree files (+): /home/user/Projects/cse-3219/assignment1/src/main/java/com/example/assignment1/repository/StudentRepository.java
[INFO] 	Input tree files (+): /home/user/Projects/cse-3219/assignment1/src/main/java/com/example/assignment1/repository/Teacher.java
[INFO] 	Input tree files (+): /home/user/Projects/cse-3219/assignment1/src/main/java/com/example/assignment1/repository/TeacherRepository.java
[INFO] 	Input tree files (+): /home/user/Projects/cse-3219/assignment1/src/main/java/com/example/assignment1/repository/UserRepository.java
[INFO] 	Input tree files (+): /home/user/Projects/cse-3219/assignment1/src/main/java/com/example/assignment1/repository/Users.java
[INFO] 	Input tree files (+): /home/user/Projects/cse-3219/assignment1/src/main/java/com/example/assignment1/service/JwtFilter.java
[INFO] 	Input tree files (+): /home/user/Projects/cse-3219/assignment1/src/main/java/com/example/assignment1/service/JwtService.java
[INFO] Recompiling the module because of changed source code.
[DEBUG] Classpath:
[DEBUG]  /home/user/Projects/cse-3219/assignment1/target/classes
[DEBUG]  /home/user/.m2/repository/org/springframework/boot/spring-boot-starter-data-jpa/4.0.2/spring-boot-starter-data-jpa-4.0.2.jar
[DEBUG]  /home/user/.m2/repository/org/springframework/boot/spring-boot-starter/4.0.2/spring-boot-starter-4.0.2.jar
[DEBUG]  /home/user/.m2/repository/org/springframework/boot/spring-boot-starter-logging/4.0.2/spring-boot-starter-logging-4.0.2.jar
[DEBUG]  /home/user/.m2/repository/ch/qos/logback/logback-classic/1.5.25/logback-classic-1.5.25.jar
[DEBUG]  /home/user/.m2/repository/ch/qos/logback/logback-core/1.5.25/logback-core-1.5.25.jar
[DEBUG]  /home/user/.m2/repository/org/apache/logging/log4j/log4j-to-slf4j/2.25.3/log4j-to-slf4j-2.25.3.jar
[DEBUG]  /home/user/.m2/repository/org/apache/logging/log4j/log4j-api/2.25.3/log4j-api-2.25.3.jar
[DEBUG]  /home/user/.m2/repository/org/slf4j/jul-to-slf4j/2.0.17/jul-to-slf4j-2.0.17.jar
[DEBUG]  /home/user/.m2/repository/jakarta/annotation/jakarta.annotation-api/3.0.0/jakarta.annotation-api-3.0.0.jar
[DEBUG]  /home/user/.m2/repository/org/yaml/snakeyaml/2.5/snakeyaml-2.5.jar
[DEBUG]  /home/user/.m2/repository/org/springframework/boot/spring-boot-starter-jdbc/4.0.2/spring-boot-starter-jdbc-4.0.2.jar
[DEBUG]  /home/user/.m2/repository/com/zaxxer/HikariCP/7.0.2/HikariCP-7.0.2.jar
[DEBUG]  /home/user/.m2/repository/org/springframework/boot/spring-boot-data-jpa/4.0.2/spring-boot-data-jpa-4.0.2.jar
[DEBUG]  /home/user/.m2/repository/org/springframework/boot/spring-boot-data-commons/4.0.2/spring-boot-data-commons-4.0.2.jar
[DEBUG]  /home/user/.m2/repository/org/springframework/boot/spring-boot-persistence/4.0.2/spring-boot-persistence-4.0.2.jar
[DEBUG]  /home/user/.m2/repository/org/springframework/data/spring-data-commons/4.0.2/spring-data-commons-4.0.2.jar
[DEBUG]  /home/user/.m2/repository/org/springframework/boot/spring-boot-hibernate/4.0.2/spring-boot-hibernate-4.0.2.jar
[DEBUG]  /home/user/.m2/repository/org/springframework/boot/spring-boot-jpa/4.0.2/spring-boot-jpa-4.0.2.jar
[DEBUG]  /home/user/.m2/repository/jakarta/persistence/jakarta.persistence-api/3.2.0/jakarta.persistence-api-3.2.0.jar
[DEBUG]  /home/user/.m2/repository/org/hibernate/orm/hibernate-core/7.2.1.Final/hibernate-core-7.2.1.Final.jar
[DEBUG]  /home/user/.m2/repository/jakarta/transaction/jakarta.transaction-api/2.0.1/jakarta.transaction-api-2.0.1.jar
[DEBUG]  /home/user/.m2/repository/org/springframework/spring-orm/7.0.3/spring-orm-7.0.3.jar
[DEBUG]  /home/user/.m2/repository/org/springframework/data/spring-data-jpa/4.0.2/spring-data-jpa-4.0.2.jar
[DEBUG]  /home/user/.m2/repository/org/springframework/spring-tx/7.0.3/spring-tx-7.0.3.jar
[DEBUG]  /home/user/.m2/repository/org/antlr/antlr4-runtime/4.13.2/antlr4-runtime-4.13.2.jar
[DEBUG]  /home/user/.m2/repository/org/springframework/spring-aspects/7.0.3/spring-aspects-7.0.3.jar
[DEBUG]  /home/user/.m2/repository/org/aspectj/aspectjweaver/1.9.25.1/aspectjweaver-1.9.25.1.jar
[DEBUG]  /home/user/.m2/repository/org/springframework/boot/spring-boot-jdbc/4.0.2/spring-boot-jdbc-4.0.2.jar
[DEBUG]  /home/user/.m2/repository/org/springframework/boot/spring-boot-sql/4.0.2/spring-boot-sql-4.0.2.jar
[DEBUG]  /home/user/.m2/repository/org/springframework/boot/spring-boot-transaction/4.0.2/spring-boot-transaction-4.0.2.jar
[DEBUG]  /home/user/.m2/repository/org/springframework/spring-jdbc/7.0.3/spring-jdbc-7.0.3.jar
[DEBUG]  /home/user/.m2/repository/org/springframework/boot/spring-boot-starter-security/4.0.2/spring-boot-starter-security-4.0.2.jar
[DEBUG]  /home/user/.m2/repository/org/springframework/boot/spring-boot-security/4.0.2/spring-boot-security-4.0.2.jar
[DEBUG]  /home/user/.m2/repository/org/springframework/security/spring-security-config/7.0.2/spring-security-config-7.0.2.jar
[DEBUG]  /home/user/.m2/repository/org/springframework/security/spring-security-core/7.0.2/spring-security-core-7.0.2.jar
[DEBUG]  /home/user/.m2/repository/org/springframework/security/spring-security-crypto/7.0.2/spring-security-crypto-7.0.2.jar
[DEBUG]  /home/user/.m2/repository/org/springframework/security/spring-security-web/7.0.2/spring-security-web-7.0.2.jar
[DEBUG]  /home/user/.m2/repository/org/springframework/spring-expression/7.0.3/spring-expression-7.0.3.jar
[DEBUG]  /home/user/.m2/repository/org/springframework/spring-aop/7.0.3/spring-aop-7.0.3.jar
[DEBUG]  /home/user/.m2/repository/org/springframework/spring-beans/7.0.3/spring-beans-7.0.3.jar
[DEBUG]  /home/user/.m2/repository/org/springframework/boot/spring-boot-starter-thymeleaf/4.0.2/spring-boot-starter-thymeleaf-4.0.2.jar
[DEBUG]  /home/user/.m2/repository/org/springframework/boot/spring-boot-thymeleaf/4.0.2/spring-boot-thymeleaf-4.0.2.jar
[DEBUG]  /home/user/.m2/repository/org/springframework/spring-web/7.0.3/spring-web-7.0.3.jar
[DEBUG]  /home/user/.m2/repository/io/micrometer/micrometer-observation/1.16.2/micrometer-observation-1.16.2.jar
[DEBUG]  /home/user/.m2/repository/io/micrometer/micrometer-commons/1.16.2/micrometer-commons-1.16.2.jar
[DEBUG]  /home/user/.m2/repository/org/springframework/boot/spring-boot-starter-webmvc/4.0.2/spring-boot-starter-webmvc-4.0.2.jar
[DEBUG]  /home/user/.m2/repository/org/springframework/boot/spring-boot-starter-jackson/4.0.2/spring-boot-starter-jackson-4.0.2.jar
[DEBUG]  /home/user/.m2/repository/org/springframework/boot/spring-boot-jackson/4.0.2/spring-boot-jackson-4.0.2.jar
[DEBUG]  /home/user/.m2/repository/org/springframework/boot/spring-boot-starter-tomcat/4.0.2/spring-boot-starter-tomcat-4.0.2.jar
[DEBUG]  /home/user/.m2/repository/org/springframework/boot/spring-boot-starter-tomcat-runtime/4.0.2/spring-boot-starter-tomcat-runtime-4.0.2.jar
[DEBUG]  /home/user/.m2/repository/org/springframework/boot/spring-boot-web-server/4.0.2/spring-boot-web-server-4.0.2.jar
[DEBUG]  /home/user/.m2/repository/org/apache/tomcat/embed/tomcat-embed-core/11.0.15/tomcat-embed-core-11.0.15.jar
[DEBUG]  /home/user/.m2/repository/org/apache/tomcat/embed/tomcat-embed-el/11.0.15/tomcat-embed-el-11.0.15.jar
[DEBUG]  /home/user/.m2/repository/org/apache/tomcat/embed/tomcat-embed-websocket/11.0.15/tomcat-embed-websocket-11.0.15.jar
[DEBUG]  /home/user/.m2/repository/org/springframework/boot/spring-boot-tomcat/4.0.2/spring-boot-tomcat-4.0.2.jar
[DEBUG]  /home/user/.m2/repository/org/springframework/boot/spring-boot-http-converter/4.0.2/spring-boot-http-converter-4.0.2.jar
[DEBUG]  /home/user/.m2/repository/org/springframework/boot/spring-boot-webmvc/4.0.2/spring-boot-webmvc-4.0.2.jar
[DEBUG]  /home/user/.m2/repository/org/springframework/boot/spring-boot-servlet/4.0.2/spring-boot-servlet-4.0.2.jar
[DEBUG]  /home/user/.m2/repository/org/springframework/spring-webmvc/7.0.3/spring-webmvc-7.0.3.jar
[DEBUG]  /home/user/.m2/repository/org/thymeleaf/extras/thymeleaf-extras-springsecurity6/3.1.3.RELEASE/thymeleaf-extras-springsecurity6-3.1.3.RELEASE.jar
[DEBUG]  /home/user/.m2/repository/org/thymeleaf/thymeleaf-spring6/3.1.3.RELEASE/thymeleaf-spring6-3.1.3.RELEASE.jar
[DEBUG]  /home/user/.m2/repository/org/thymeleaf/thymeleaf/3.1.3.RELEASE/thymeleaf-3.1.3.RELEASE.jar
[DEBUG]  /home/user/.m2/repository/org/attoparser/attoparser/2.0.7.RELEASE/attoparser-2.0.7.RELEASE.jar
[DEBUG]  /home/user/.m2/repository/org/unbescape/unbescape/1.1.6.RELEASE/unbescape-1.1.6.RELEASE.jar
[DEBUG]  /home/user/.m2/repository/org/slf4j/slf4j-api/2.0.17/slf4j-api-2.0.17.jar
[DEBUG]  /home/user/.m2/repository/org/springframework/boot/spring-boot/4.0.2/spring-boot-4.0.2.jar
[DEBUG]  /home/user/.m2/repository/org/springframework/spring-context/7.0.3/spring-context-7.0.3.jar
[DEBUG]  /home/user/.m2/repository/org/springframework/boot/spring-boot-autoconfigure/4.0.2/spring-boot-autoconfigure-4.0.2.jar
[DEBUG]  /home/user/.m2/repository/tools/jackson/core/jackson-databind/3.0.4/jackson-databind-3.0.4.jar
[DEBUG]  /home/user/.m2/repository/com/fasterxml/jackson/core/jackson-annotations/2.20/jackson-annotations-2.20.jar
[DEBUG]  /home/user/.m2/repository/tools/jackson/core/jackson-core/3.0.4/jackson-core-3.0.4.jar
[DEBUG]  /home/user/.m2/repository/org/springframework/spring-core/7.0.3/spring-core-7.0.3.jar
[DEBUG]  /home/user/.m2/repository/commons-logging/commons-logging/1.3.5/commons-logging-1.3.5.jar
[DEBUG]  /home/user/.m2/repository/org/jspecify/jspecify/1.0.0/jspecify-1.0.0.jar
[DEBUG]  /home/user/.m2/repository/org/projectlombok/lombok/1.18.42/lombok-1.18.42.jar
[DEBUG]  /home/user/.m2/repository/io/jsonwebtoken/jjwt-api/0.12.5/jjwt-api-0.12.5.jar
[DEBUG] Source roots:
[DEBUG]  /home/user/Projects/cse-3219/assignment1/src/main/java
[DEBUG] Command line options:
[DEBUG] -d /home/user/Projects/cse-3219/assignment1/target/classes -classpath /home/user/Projects/cse-3219/assignment1/target/classes:/home/user/.m2/repository/org/springframework/boot/spring-boot-starter-data-jpa/4.0.2/spring-boot-starter-data-jpa-4.0.2.jar:/home/user/.m2/repository/org/springframework/boot/spring-boot-starter/4.0.2/spring-boot-starter-4.0.2.jar:/home/user/.m2/repository/org/springframework/boot/spring-boot-starter-logging/4.0.2/spring-boot-starter-logging-4.0.2.jar:/home/user/.m2/repository/ch/qos/logback/logback-classic/1.5.25/logback-classic-1.5.25.jar:/home/user/.m2/repository/ch/qos/logback/logback-core/1.5.25/logback-core-1.5.25.jar:/home/user/.m2/repository/org/apache/logging/log4j/log4j-to-slf4j/2.25.3/log4j-to-slf4j-2.25.3.jar:/home/user/.m2/repository/org/apache/logging/log4j/log4j-api/2.25.3/log4j-api-2.25.3.jar:/home/user/.m2/repository/org/slf4j/jul-to-slf4j/2.0.17/jul-to-slf4j-2.0.17.jar:/home/user/.m2/repository/jakarta/annotation/jakarta.annotation-api/3.0.0/jakarta.annotation-api-3.0.0.jar:/home/user/.m2/repository/org/yaml/snakeyaml/2.5/snakeyaml-2.5.jar:/home/user/.m2/repository/org/springframework/boot/spring-boot-starter-jdbc/4.0.2/spring-boot-starter-jdbc-4.0.2.jar:/home/user/.m2/repository/com/zaxxer/HikariCP/7.0.2/HikariCP-7.0.2.jar:/home/user/.m2/repository/org/springframework/boot/spring-boot-data-jpa/4.0.2/spring-boot-data-jpa-4.0.2.jar:/home/user/.m2/repository/org/springframework/boot/spring-boot-data-commons/4.0.2/spring-boot-data-commons-4.0.2.jar:/home/user/.m2/repository/org/springframework/boot/spring-boot-persistence/4.0.2/spring-boot-persistence-4.0.2.jar:/home/user/.m2/repository/org/springframework/data/spring-data-commons/4.0.2/spring-data-commons-4.0.2.jar:/home/user/.m2/repository/org/springframework/boot/spring-boot-hibernate/4.0.2/spring-boot-hibernate-4.0.2.jar:/home/user/.m2/repository/org/springframework/boot/spring-boot-jpa/4.0.2/spring-boot-jpa-4.0.2.jar:/home/user/.m2/repository/jakarta/persistence/jakarta.persistence-api/3.2.0/jakarta.persistence-api-3.2.0.jar:/home/user/.m2/repository/org/hibernate/orm/hibernate-core/7.2.1.Final/hibernate-core-7.2.1.Final.jar:/home/user/.m2/repository/jakarta/transaction/jakarta.transaction-api/2.0.1/jakarta.transaction-api-2.0.1.jar:/home/user/.m2/repository/org/springframework/spring-orm/7.0.3/spring-orm-7.0.3.jar:/home/user/.m2/repository/org/springframework/data/spring-data-jpa/4.0.2/spring-data-jpa-4.0.2.jar:/home/user/.m2/repository/org/springframework/spring-tx/7.0.3/spring-tx-7.0.3.jar:/home/user/.m2/repository/org/antlr/antlr4-runtime/4.13.2/antlr4-runtime-4.13.2.jar:/home/user/.m2/repository/org/springframework/spring-aspects/7.0.3/spring-aspects-7.0.3.jar:/home/user/.m2/repository/org/aspectj/aspectjweaver/1.9.25.1/aspectjweaver-1.9.25.1.jar:/home/user/.m2/repository/org/springframework/boot/spring-boot-jdbc/4.0.2/spring-boot-jdbc-4.0.2.jar:/home/user/.m2/repository/org/springframework/boot/spring-boot-sql/4.0.2/spring-boot-sql-4.0.2.jar:/home/user/.m2/repository/org/springframework/boot/spring-boot-transaction/4.0.2/spring-boot-transaction-4.0.2.jar:/home/user/.m2/repository/org/springframework/spring-jdbc/7.0.3/spring-jdbc-7.0.3.jar:/home/user/.m2/repository/org/springframework/boot/spring-boot-starter-security/4.0.2/spring-boot-starter-security-4.0.2.jar:/home/user/.m2/repository/org/springframework/boot/spring-boot-security/4.0.2/spring-boot-security-4.0.2.jar:/home/user/.m2/repository/org/springframework/security/spring-security-config/7.0.2/spring-security-config-7.0.2.jar:/home/user/.m2/repository/org/springframework/security/spring-security-core/7.0.2/spring-security-core-7.0.2.jar:/home/user/.m2/repository/org/springframework/security/spring-security-crypto/7.0.2/spring-security-crypto-7.0.2.jar:/home/user/.m2/repository/org/springframework/security/spring-security-web/7.0.2/spring-security-web-7.0.2.jar:/home/user/.m2/repository/org/springframework/spring-expression/7.0.3/spring-expression-7.0.3.jar:/home/user/.m2/repository/org/springframework/spring-aop/7.0.3/spring-aop-7.0.3.jar:/home/user/.m2/repository/org/springframework/spring-beans/7.0.3/spring-beans-7.0.3.jar:/home/user/.m2/repository/org/springframework/boot/spring-boot-starter-thymeleaf/4.0.2/spring-boot-starter-thymeleaf-4.0.2.jar:/home/user/.m2/repository/org/springframework/boot/spring-boot-thymeleaf/4.0.2/spring-boot-thymeleaf-4.0.2.jar:/home/user/.m2/repository/org/springframework/spring-web/7.0.3/spring-web-7.0.3.jar:/home/user/.m2/repository/io/micrometer/micrometer-observation/1.16.2/micrometer-observation-1.16.2.jar:/home/user/.m2/repository/io/micrometer/micrometer-commons/1.16.2/micrometer-commons-1.16.2.jar:/home/user/.m2/repository/org/springframework/boot/spring-boot-starter-webmvc/4.0.2/spring-boot-starter-webmvc-4.0.2.jar:/home/user/.m2/repository/org/springframework/boot/spring-boot-starter-jackson/4.0.2/spring-boot-starter-jackson-4.0.2.jar:/home/user/.m2/repository/org/springframework/boot/spring-boot-jackson/4.0.2/spring-boot-jackson-4.0.2.jar:/home/user/.m2/repository/org/springframework/boot/spring-boot-starter-tomcat/4.0.2/spring-boot-starter-tomcat-4.0.2.jar:/home/user/.m2/repository/org/springframework/boot/spring-boot-starter-tomcat-runtime/4.0.2/spring-boot-starter-tomcat-runtime-4.0.2.jar:/home/user/.m2/repository/org/springframework/boot/spring-boot-web-server/4.0.2/spring-boot-web-server-4.0.2.jar:/home/user/.m2/repository/org/apache/tomcat/embed/tomcat-embed-core/11.0.15/tomcat-embed-core-11.0.15.jar:/home/user/.m2/repository/org/apache/tomcat/embed/tomcat-embed-el/11.0.15/tomcat-embed-el-11.0.15.jar:/home/user/.m2/repository/org/apache/tomcat/embed/tomcat-embed-websocket/11.0.15/tomcat-embed-websocket-11.0.15.jar:/home/user/.m2/repository/org/springframework/boot/spring-boot-tomcat/4.0.2/spring-boot-tomcat-4.0.2.jar:/home/user/.m2/repository/org/springframework/boot/spring-boot-http-converter/4.0.2/spring-boot-http-converter-4.0.2.jar:/home/user/.m2/repository/org/springframework/boot/spring-boot-webmvc/4.0.2/spring-boot-webmvc-4.0.2.jar:/home/user/.m2/repository/org/springframework/boot/spring-boot-servlet/4.0.2/spring-boot-servlet-4.0.2.jar:/home/user/.m2/repository/org/springframework/spring-webmvc/7.0.3/spring-webmvc-7.0.3.jar:/home/user/.m2/repository/org/thymeleaf/extras/thymeleaf-extras-springsecurity6/3.1.3.RELEASE/thymeleaf-extras-springsecurity6-3.1.3.RELEASE.jar:/home/user/.m2/repository/org/thymeleaf/thymeleaf-spring6/3.1.3.RELEASE/thymeleaf-spring6-3.1.3.RELEASE.jar:/home/user/.m2/repository/org/thymeleaf/thymeleaf/3.1.3.RELEASE/thymeleaf-3.1.3.RELEASE.jar:/home/user/.m2/repository/org/attoparser/attoparser/2.0.7.RELEASE/attoparser-2.0.7.RELEASE.jar:/home/user/.m2/repository/org/unbescape/unbescape/1.1.6.RELEASE/unbescape-1.1.6.RELEASE.jar:/home/user/.m2/repository/org/slf4j/slf4j-api/2.0.17/slf4j-api-2.0.17.jar:/home/user/.m2/repository/org/springframework/boot/spring-boot/4.0.2/spring-boot-4.0.2.jar:/home/user/.m2/repository/org/springframework/spring-context/7.0.3/spring-context-7.0.3.jar:/home/user/.m2/repository/org/springframework/boot/spring-boot-autoconfigure/4.0.2/spring-boot-autoconfigure-4.0.2.jar:/home/user/.m2/repository/tools/jackson/core/jackson-databind/3.0.4/jackson-databind-3.0.4.jar:/home/user/.m2/repository/com/fasterxml/jackson/core/jackson-annotations/2.20/jackson-annotations-2.20.jar:/home/user/.m2/repository/tools/jackson/core/jackson-core/3.0.4/jackson-core-3.0.4.jar:/home/user/.m2/repository/org/springframework/spring-core/7.0.3/spring-core-7.0.3.jar:/home/user/.m2/repository/commons-logging/commons-logging/1.3.5/commons-logging-1.3.5.jar:/home/user/.m2/repository/org/jspecify/jspecify/1.0.0/jspecify-1.0.0.jar:/home/user/.m2/repository/org/projectlombok/lombok/1.18.42/lombok-1.18.42.jar:/home/user/.m2/repository/io/jsonwebtoken/jjwt-api/0.12.5/jjwt-api-0.12.5.jar: -sourcepath /home/user/Projects/cse-3219/assignment1/src/main/java: -s /home/user/Projects/cse-3219/assignment1/target/generated-sources/annotations -g -parameters --release 17 -encoding UTF-8 -XDuseUnsharedTable=true
[DEBUG] incrementalBuildHelper#beforeRebuildExecution
[INFO] Compiling 18 source files with javac [debug parameters release 17] to target/classes
[DEBUG] incrementalBuildHelper#afterRebuildExecution
[DEBUG] Adding /home/user/Projects/cse-3219/assignment1/target/generated-sources/annotations to the project compile source roots but NOT the actual compile source roots:
  /home/user/Projects/cse-3219/assignment1/src/main/java
[INFO] 
[INFO] --- resources:3.3.1:testResources (default-testResources) @ assignment1 ---
[DEBUG] Loading mojo org.apache.maven.plugins:maven-resources-plugin:3.3.1:testResources from plugin realm ClassRealm[plugin>org.apache.maven.plugins:maven-resources-plugin:3.3.1, parent: jdk.internal.loader.ClassLoaders$AppClassLoader@5ffd2b27]
[DEBUG] Configuring mojo execution 'org.apache.maven.plugins:maven-resources-plugin:3.3.1:testResources:default-testResources' with basic configurator -->
[DEBUG]   (f) addDefaultExcludes = true
[DEBUG]   (f) buildFilters = []
[DEBUG]   (s) delimiters = [@]
[DEBUG]   (f) encoding = UTF-8
[DEBUG]   (f) escapeWindowsPaths = true
[DEBUG]   (f) fileNameFiltering = false
[DEBUG]   (s) includeEmptyDirs = false
[DEBUG]   (s) outputDirectory = /home/user/Projects/cse-3219/assignment1/target/test-classes
[DEBUG]   (s) overwrite = false
[DEBUG]   (f) project = MavenProject: com.example:assignment1:0.0.1-SNAPSHOT @ /home/user/Projects/cse-3219/assignment1/pom.xml
[DEBUG]   (f) propertiesEncoding = UTF-8
[DEBUG]   (s) resources = [Resource {targetPath: null, filtering: false, FileSet {directory: /home/user/Projects/cse-3219/assignment1/src/test/resources, PatternSet [includes: {}, excludes: {}]}}]
[DEBUG]   (f) session = org.apache.maven.execution.MavenSession@59072e9d
[DEBUG]   (f) skip = false
[DEBUG]   (f) supportMultiLineFiltering = false
[DEBUG]   (f) useBuildFilters = true
[DEBUG]   (s) useDefaultDelimiters = false
[DEBUG] -- end configuration --
[DEBUG] properties used:
[DEBUG] activemq.version: 6.1.8
[DEBUG] angus-mail.version: 2.0.5
[DEBUG] artemis.version: 2.43.0
[DEBUG] aspectj.version: 1.9.25.1
[DEBUG] assertj.version: 3.27.6
[DEBUG] awaitility.version: 4.3.0
[DEBUG] brave.version: 6.3.0
[DEBUG] build-helper-maven-plugin.version: 3.6.1
[DEBUG] byte-buddy.version: 1.17.8
[DEBUG] cache2k.version: 2.6.1.Final
[DEBUG] caffeine.version: 3.2.3
[DEBUG] cassandra-driver.version: 4.19.2
[DEBUG] classmate.version: 1.7.3
[DEBUG] classworlds.conf: /home/user/.m2/wrapper/dists/apache-maven-3.9.12/6068d197/bin/m2.conf
[DEBUG] commons-codec.version: 1.19.0
[DEBUG] commons-dbcp2.version: 2.13.0
[DEBUG] commons-lang3.version: 3.19.0
[DEBUG] commons-logging.version: 1.3.5
[DEBUG] commons-pool.version: 1.6
[DEBUG] commons-pool2.version: 2.12.1
[DEBUG] couchbase-client.version: 3.9.2
[DEBUG] crac.version: 1.5.0
[DEBUG] cyclonedx-maven-plugin.version: 2.9.1
[DEBUG] db2-jdbc.version: 12.1.3.0
[DEBUG] dependency-management-plugin.version: 1.1.7
[DEBUG] derby.version: 10.16.1.1
[DEBUG] ehcache3.version: 3.11.1
[DEBUG] elasticsearch-client.version: 9.2.3
[DEBUG] env.CASROOT: /usr
[DEBUG] env.CHROME_DESKTOP: code.desktop
[DEBUG] env.COLORTERM: truecolor
[DEBUG] env.CONDA_PROMPT_MODIFIER: false
[DEBUG] env.CSF_DrawPluginDefaults: /usr/share/opencascade/resources/DrawResources
[DEBUG] env.CSF_EXCEPTION_PROMPT: 1
[DEBUG] env.CSF_IGESDefaults: /usr/share/opencascade/resources/XSTEPResource
[DEBUG] env.CSF_LANGUAGE: us
[DEBUG] env.CSF_MDTVTexturesDirectory: /usr/share/opencascade/resources/Textures
[DEBUG] env.CSF_MIGRATION_TYPES: /usr/share/opencascade/resources/StdResource/MigrationSheet.txt
[DEBUG] env.CSF_OCCTResourcePath: /usr/share/opencascade/resources
[DEBUG] env.CSF_PluginDefaults: /usr/share/opencascade/resources/StdResource
[DEBUG] env.CSF_SHMessage: /usr/share/opencascade/resources/SHMessage
[DEBUG] env.CSF_STEPDefaults: /usr/share/opencascade/resources/XSTEPResource
[DEBUG] env.CSF_ShadersDirectory: /usr/share/opencascade/resources/Shaders
[DEBUG] env.CSF_StandardDefaults: /usr/share/opencascade/resources/StdResource
[DEBUG] env.CSF_StandardLiteDefaults: /usr/share/opencascade/resources/StdResource
[DEBUG] env.CSF_TObjDefaults: /usr/share/opencascade/resources/StdResource
[DEBUG] env.CSF_TObjMessage: /usr/share/opencascade/resources/TObj
[DEBUG] env.CSF_XCAFDefaults: /usr/share/opencascade/resources/StdResource
[DEBUG] env.CSF_XSMessage: /usr/share/opencascade/resources/XSMessage
[DEBUG] env.CSF_XmlOcafResource: /usr/share/opencascade/resources/XmlOcafResource
[DEBUG] env.DBUS_SESSION_BUS_ADDRESS: unix:path=/run/user/1000/bus
[DEBUG] env.DEBUGINFOD_URLS: https://debuginfod.archlinux.org 
[DEBUG] env.DESKTOP_SESSION: gnome
[DEBUG] env.DISPLAY: :0
[DEBUG] env.DRAWDEFAULT: /usr/share/opencascade/resources/DrawResources/DrawDefault
[DEBUG] env.DRAWHOME: /usr/share/opencascade/resources/DrawResources
[DEBUG] env.FC_FONTATIONS: 1
[DEBUG] env.GDK_BACKEND: wayland
[DEBUG] env.GDMSESSION: gnome
[DEBUG] env.GDM_LANG: C.UTF-8
[DEBUG] env.GIO_LAUNCHED_DESKTOP_FILE: /usr/share/applications/code.desktop
[DEBUG] env.GIO_LAUNCHED_DESKTOP_FILE_PID: 672515
[DEBUG] env.GIT_ASKPASS: /opt/visual-studio-code/resources/app/extensions/git/dist/askpass.sh
[DEBUG] env.GIT_PAGER: cat
[DEBUG] env.GJS_DEBUG_OUTPUT: stderr
[DEBUG] env.GJS_DEBUG_TOPICS: JS ERROR;JS LOG
[DEBUG] env.GNOME_SETUP_DISPLAY: :1
[DEBUG] env.GRADLE_HOME: /usr/share/java/gradle
[DEBUG] env.HOME: /home/user
[DEBUG] env.INVOCATION_ID: d56e2a377789432daa29b08ee1367805
[DEBUG] env.JOURNAL_STREAM: 9:644858
[DEBUG] env.LANG: C.UTF-8
[DEBUG] env.LESS: -R
[DEBUG] env.LOGNAME: user
[DEBUG] env.LSCOLORS: Gxfxcxdxbxegedabagacad
[DEBUG] env.LS_COLORS: rs=0:di=01;34:ln=01;36:mh=00:pi=40;33:so=01;35:do=01;35:bd=40;33;01:cd=40;33;01:or=40;31;01:mi=00:su=37;41:sg=30;43:ca=00:tw=30;42:ow=34;42:st=37;44:ex=01;32:*.7z=01;31:*.ace=01;31:*.alz=01;31:*.apk=01;31:*.arc=01;31:*.arj=01;31:*.bz=01;31:*.bz2=01;31:*.cab=01;31:*.cpio=01;31:*.crate=01;31:*.deb=01;31:*.drpm=01;31:*.dwm=01;31:*.dz=01;31:*.ear=01;31:*.egg=01;31:*.esd=01;31:*.gz=01;31:*.jar=01;31:*.lha=01;31:*.lrz=01;31:*.lz=01;31:*.lz4=01;31:*.lzh=01;31:*.lzma=01;31:*.lzo=01;31:*.pyz=01;31:*.rar=01;31:*.rpm=01;31:*.rz=01;31:*.sar=01;31:*.swm=01;31:*.t7z=01;31:*.tar=01;31:*.taz=01;31:*.tbz=01;31:*.tbz2=01;31:*.tgz=01;31:*.tlz=01;31:*.txz=01;31:*.tz=01;31:*.tzo=01;31:*.tzst=01;31:*.udeb=01;31:*.war=01;31:*.whl=01;31:*.wim=01;31:*.xz=01;31:*.z=01;31:*.zip=01;31:*.zoo=01;31:*.zst=01;31:*.avif=01;35:*.jpg=01;35:*.jpeg=01;35:*.jxl=01;35:*.mjpg=01;35:*.mjpeg=01;35:*.gif=01;35:*.bmp=01;35:*.pbm=01;35:*.pgm=01;35:*.ppm=01;35:*.tga=01;35:*.xbm=01;35:*.xpm=01;35:*.tif=01;35:*.tiff=01;35:*.png=01;35:*.svg=01;35:*.svgz=01;35:*.mng=01;35:*.pcx=01;35:*.mov=01;35:*.mpg=01;35:*.mpeg=01;35:*.m2v=01;35:*.mkv=01;35:*.webm=01;35:*.webp=01;35:*.ogm=01;35:*.mp4=01;35:*.m4v=01;35:*.mp4v=01;35:*.vob=01;35:*.qt=01;35:*.nuv=01;35:*.wmv=01;35:*.asf=01;35:*.rm=01;35:*.rmvb=01;35:*.flc=01;35:*.avi=01;35:*.fli=01;35:*.flv=01;35:*.gl=01;35:*.dl=01;35:*.xcf=01;35:*.xwd=01;35:*.yuv=01;35:*.cgm=01;35:*.emf=01;35:*.ogv=01;35:*.ogx=01;35:*.aac=00;36:*.au=00;36:*.flac=00;36:*.m4a=00;36:*.mid=00;36:*.midi=00;36:*.mka=00;36:*.mp3=00;36:*.mpc=00;36:*.ogg=00;36:*.ra=00;36:*.wav=00;36:*.oga=00;36:*.opus=00;36:*.spx=00;36:*.xspf=00;36:*~=00;90:*#=00;90:*.bak=00;90:*.crdownload=00;90:*.dpkg-dist=00;90:*.dpkg-new=00;90:*.dpkg-old=00;90:*.dpkg-tmp=00;90:*.old=00;90:*.orig=00;90:*.part=00;90:*.rej=00;90:*.rpmnew=00;90:*.rpmorig=00;90:*.rpmsave=00;90:*.swp=00;90:*.tmp=00;90:*.ucf-dist=00;90:*.ucf-new=00;90:*.ucf-old=00;90:
[DEBUG] env.MAIL: /var/spool/mail/user
[DEBUG] env.MANAGERPID: 359126
[DEBUG] env.MANAGERPIDFDID: 359127
[DEBUG] env.MAVEN_CMD_LINE_ARGS:  -X -e clean test
[DEBUG] env.MAVEN_PROJECTBASEDIR: /home/user/Projects/cse-3219/assignment1
[DEBUG] env.MEMORY_PRESSURE_WATCH: /sys/fs/cgroup/user.slice/user-1000.slice/user@1000.service/session.slice/org.gnome.Shell@wayland.service/memory.pressure
[DEBUG] env.MEMORY_PRESSURE_WRITE: c29tZSAyMDAwMDAgMjAwMDAwMAA=
[DEBUG] env.MMGT_CLEAR: 1
[DEBUG] env.MOTD_SHOWN: pam
[DEBUG] env.NO_AT_BRIDGE: 1
[DEBUG] env.OLDPWD: /home/user/Projects/cse-3219/assignment1
[DEBUG] env.OSTYPE: linux-gnu
[DEBUG] env.PAGER: less
[DEBUG] env.PATH: /home/user/.local/share/pnpm:/home/user/.config/Code/User/globalStorage/github.copilot-chat/debugCommand:/home/user/.config/Code/User/globalStorage/github.copilot-chat/copilotCli:/usr/local/bin:/usr/bin:/usr/local/sbin:/opt/android-sdk/platform-tools:/usr/lib/jvm/default/bin:/usr/bin/site_perl:/usr/bin/vendor_perl:/usr/bin/core_perl:/home/user/.vscode/extensions/vscjava.vscode-java-debug-0.58.5/bundled/scripts/noConfigScripts
[DEBUG] env.PNPM_HOME: /home/user/.local/share/pnpm
[DEBUG] env.POSH_SESSION_ID: 0456ba21-dbe3-4632-8c9b-5d17b0bdde71
[DEBUG] env.POSH_SHELL: zsh
[DEBUG] env.POSH_SHELL_VERSION: 5.9
[DEBUG] env.POWERLINE_COMMAND: oh-my-posh
[DEBUG] env.PWD: /home/user/Projects/cse-3219/assignment1
[DEBUG] env.PYENV_VIRTUALENV_DISABLE_PROMPT: 1
[DEBUG] env.PYTHONSTARTUP: /home/user/.config/Code/User/workspaceStorage/b63edc931cfdb50f6a1bda8a80d65a9c/ms-python.python/pythonrc.py
[DEBUG] env.PYTHON_BASIC_REPL: 1
[DEBUG] env.QT_IM_MODULE: ibus
[DEBUG] env.QT_IM_MODULES: wayland;ibus
[DEBUG] env.SHELL: /usr/bin/zsh
[DEBUG] env.SHLVL: 2
[DEBUG] env.SSH_AUTH_SOCK: /run/user/1000/gcr/ssh
[DEBUG] env.SYSTEMD_EXEC_PID: 359269
[DEBUG] env.TERM: xterm-256color
[DEBUG] env.TERM_PROGRAM: vscode
[DEBUG] env.TERM_PROGRAM_VERSION: 1.109.2
[DEBUG] env.USER: user
[DEBUG] env.USERNAME: user
[DEBUG] env.USER_ZDOTDIR: /home/user
[DEBUG] env.VIRTUAL_ENV_DISABLE_PROMPT: 1
[DEBUG] env.VSCODE_GIT_ASKPASS_EXTRA_ARGS: 
[DEBUG] env.VSCODE_GIT_ASKPASS_MAIN: /opt/visual-studio-code/resources/app/extensions/git/dist/askpass-main.js
[DEBUG] env.VSCODE_GIT_ASKPASS_NODE: /opt/visual-studio-code/code
[DEBUG] env.VSCODE_GIT_IPC_HANDLE: /run/user/1000/vscode-git-250ceda59e.sock
[DEBUG] env.VSCODE_INJECTION: 1
[DEBUG] env.VSCODE_JAVA_EXEC: /usr/lib/jvm/java-17-openjdk/bin/java
[DEBUG] env.VSCODE_JDWP_ADAPTER_ENDPOINTS: /home/user/.vscode/extensions/vscjava.vscode-java-debug-0.58.5/.noConfigDebugAdapterEndpoints/endpoint-d819400e3f22baeb.txt
[DEBUG] env.VSCODE_PYTHON_AUTOACTIVATE_GUARD: 1
[DEBUG] env.WAYLAND_DISPLAY: wayland-0
[DEBUG] env.XAUTHORITY: /run/user/1000/.mutter-Xwaylandauth.RYWBL3
[DEBUG] env.XDG_CURRENT_DESKTOP: GNOME
[DEBUG] env.XDG_DATA_DIRS: /home/user/.local/share/flatpak/exports/share:/var/lib/flatpak/exports/share:/usr/local/share/:/usr/share/
[DEBUG] env.XDG_MENU_PREFIX: gnome-
[DEBUG] env.XDG_RUNTIME_DIR: /run/user/1000
[DEBUG] env.XDG_SESSION_CLASS: user
[DEBUG] env.XDG_SESSION_DESKTOP: gnome
[DEBUG] env.XDG_SESSION_TYPE: wayland
[DEBUG] env.XMODIFIERS: @im=ibus
[DEBUG] env.ZDOTDIR: /home/user
[DEBUG] env.ZLE_RPROMPT_INDENT: 0
[DEBUG] env.ZSH: /home/user/.oh-my-zsh
[DEBUG] file.encoding: UTF-8
[DEBUG] file.separator: /
[DEBUG] flyway.version: 11.14.1
[DEBUG] freemarker.version: 2.3.34
[DEBUG] git-commit-id-maven-plugin.version: 9.0.2
[DEBUG] glassfish-jaxb.version: 4.0.6
[DEBUG] glassfish-jstl.version: 3.0.1
[DEBUG] graphql-java.version: 25.0
[DEBUG] groovy.version: 5.0.3
[DEBUG] gson.version: 2.13.2
[DEBUG] h2.version: 2.4.240
[DEBUG] hamcrest.version: 3.0
[DEBUG] hazelcast.version: 5.5.0
[DEBUG] hibernate-validator.version: 9.0.1.Final
[DEBUG] hibernate.version: 7.2.1.Final
[DEBUG] hikaricp.version: 7.0.2
[DEBUG] hsqldb.version: 2.7.3
[DEBUG] htmlunit.version: 4.17.0
[DEBUG] httpasyncclient.version: 4.1.5
[DEBUG] httpclient5.version: 5.5.2
[DEBUG] httpcore.version: 4.4.16
[DEBUG] httpcore5.version: 5.3.6
[DEBUG] infinispan.version: 15.2.6.Final
[DEBUG] influxdb-java.version: 2.25
[DEBUG] jackson-2-bom.version: 2.20.2
[DEBUG] jackson-bom.version: 3.0.4
[DEBUG] jakarta-activation.version: 2.1.4
[DEBUG] jakarta-annotation.version: 3.0.0
[DEBUG] jakarta-inject.version: 2.0.1
[DEBUG] jakarta-jms.version: 3.1.0
[DEBUG] jakarta-json-bind.version: 3.0.1
[DEBUG] jakarta-json.version: 2.1.3
[DEBUG] jakarta-mail.version: 2.1.5
[DEBUG] jakarta-management.version: 1.1.4
[DEBUG] jakarta-persistence.version: 3.2.0
[DEBUG] jakarta-servlet-jsp-jstl.version: 3.0.2
[DEBUG] jakarta-servlet.version: 6.1.0
[DEBUG] jakarta-transaction.version: 2.0.1
[DEBUG] jakarta-validation.version: 3.1.1
[DEBUG] jakarta-websocket.version: 2.2.0
[DEBUG] jakarta-ws-rs.version: 4.0.0
[DEBUG] jakarta-xml-bind.version: 4.0.4
[DEBUG] jakarta-xml-soap.version: 3.0.2
[DEBUG] jakarta-xml-ws.version: 4.0.2
[DEBUG] janino.version: 3.1.12
[DEBUG] java.class.path: /home/user/.m2/wrapper/dists/apache-maven-3.9.12/6068d197/boot/plexus-classworlds-2.9.0.jar
[DEBUG] java.class.version: 61.0
[DEBUG] java.home: /usr/lib/jvm/java-17-openjdk
[DEBUG] java.io.tmpdir: /tmp
[DEBUG] java.library.path: /usr/java/packages/lib:/usr/lib64:/lib64:/lib:/usr/lib
[DEBUG] java.runtime.name: OpenJDK Runtime Environment
[DEBUG] java.runtime.version: 17.0.18+8
[DEBUG] java.specification.maintenance.version: 1
[DEBUG] java.specification.name: Java Platform API Specification
[DEBUG] java.specification.vendor: Oracle Corporation
[DEBUG] java.specification.version: 17
[DEBUG] java.vendor: Arch Linux
[DEBUG] java.vendor.url: https://openjdk.java.net/
[DEBUG] java.vendor.url.bug: https://bugreport.java.com/bugreport/
[DEBUG] java.version: 17.0.18
[DEBUG] java.version.date: 2026-01-20
[DEBUG] java.vm.compressedOopsMode: Zero based
[DEBUG] java.vm.info: mixed mode, sharing
[DEBUG] java.vm.name: OpenJDK 64-Bit Server VM
[DEBUG] java.vm.specification.name: Java Virtual Machine Specification
[DEBUG] java.vm.specification.vendor: Oracle Corporation
[DEBUG] java.vm.specification.version: 17
[DEBUG] java.vm.vendor: Arch Linux
[DEBUG] java.vm.version: 17.0.18+8
[DEBUG] javax-cache.version: 1.1.1
[DEBUG] javax-money.version: 1.1
[DEBUG] jaxen.version: 2.0.0
[DEBUG] jaybird.version: 6.0.3
[DEBUG] jboss-logging.version: 3.6.1.Final
[DEBUG] jdk.debug: release
[DEBUG] jdom2.version: 2.0.6.1
[DEBUG] jedis.version: 7.0.0
[DEBUG] jersey.version: 4.0.0
[DEBUG] jetty-reactive-httpclient.version: 4.1.4
[DEBUG] jetty.version: 12.1.5
[DEBUG] jmustache.version: 1.16
[DEBUG] jooq.version: 3.19.29
[DEBUG] json-path.version: 2.10.0
[DEBUG] json-smart.version: 2.6.0
[DEBUG] jsonassert.version: 1.5.3
[DEBUG] jspecify.version: 1.0.0
[DEBUG] jtds.version: 1.3.1
[DEBUG] junit-jupiter.version: 6.0.2
[DEBUG] junit.version: 4.13.2
[DEBUG] kafka.version: 4.1.1
[DEBUG] kotlin-coroutines.version: 1.10.2
[DEBUG] kotlin-serialization.version: 1.9.0
[DEBUG] kotlin.version: 2.2.21
[DEBUG] lettuce.version: 6.8.2.RELEASE
[DEBUG] library.jansi.path: /home/user/.m2/wrapper/dists/apache-maven-3.9.12/6068d197/lib/jansi-native
[DEBUG] line.separator: 

[DEBUG] liquibase.version: 5.0.1
[DEBUG] log4j2.version: 2.25.3
[DEBUG] logback.version: 1.5.25
[DEBUG] lombok.version: 1.18.42
[DEBUG] mariadb.version: 3.5.7
[DEBUG] maven-antrun-plugin.version: 3.2.0
[DEBUG] maven-assembly-plugin.version: 3.7.1
[DEBUG] maven-clean-plugin.version: 3.5.0
[DEBUG] maven-compiler-plugin.version: 3.14.1
[DEBUG] maven-dependency-plugin.version: 3.9.0
[DEBUG] maven-deploy-plugin.version: 3.1.4
[DEBUG] maven-enforcer-plugin.version: 3.6.2
[DEBUG] maven-failsafe-plugin.version: 3.5.4
[DEBUG] maven-help-plugin.version: 3.5.1
[DEBUG] maven-install-plugin.version: 3.1.4
[DEBUG] maven-invoker-plugin.version: 3.9.1
[DEBUG] maven-jar-plugin.version: 3.4.2
[DEBUG] maven-javadoc-plugin.version: 3.12.0
[DEBUG] maven-resources-plugin.version: 3.3.1
[DEBUG] maven-shade-plugin.version: 3.6.1
[DEBUG] maven-source-plugin.version: 3.3.1
[DEBUG] maven-surefire-plugin.version: 3.5.4
[DEBUG] maven-war-plugin.version: 3.4.0
[DEBUG] maven.build.timestamp: 2026-02-22T16:48:08Z
[DEBUG] maven.build.version: Apache Maven 3.9.12 (848fbb4bf2d427b72bdb2471c22fced7ebd9a7a1)
[DEBUG] maven.compiler.release: 17
[DEBUG] maven.conf: /home/user/.m2/wrapper/dists/apache-maven-3.9.12/6068d197/conf
[DEBUG] maven.home: /home/user/.m2/wrapper/dists/apache-maven-3.9.12/6068d197
[DEBUG] maven.multiModuleProjectDirectory: /home/user/Projects/cse-3219/assignment1
[DEBUG] maven.version: 3.9.12
[DEBUG] micrometer-tracing.version: 1.6.2
[DEBUG] micrometer.version: 1.16.2
[DEBUG] mockito.version: 5.20.0
[DEBUG] mongodb.version: 5.6.2
[DEBUG] mssql-jdbc.version: 13.2.1.jre11
[DEBUG] mysql.version: 9.5.0
[DEBUG] native-build-tools-plugin.version: 0.11.4
[DEBUG] native.encoding: UTF-8
[DEBUG] nekohtml.version: 1.9.22
[DEBUG] neo4j-java-driver.version: 6.0.2
[DEBUG] netty.version: 4.2.9.Final
[DEBUG] opentelemetry.version: 1.55.0
[DEBUG] oracle-database.version: 23.9.0.25.07
[DEBUG] oracle-r2dbc.version: 1.3.0
[DEBUG] os.arch: amd64
[DEBUG] os.name: Linux
[DEBUG] os.version: 6.18.8-zen2-1-zen
[DEBUG] path.separator: :
[DEBUG] pooled-jms.version: 3.1.9
[DEBUG] postgresql.version: 42.7.9
[DEBUG] project.baseUri: file:/home/user/Projects/cse-3219/assignment1/
[DEBUG] project.build.sourceEncoding: UTF-8
[DEBUG] project.reporting.outputEncoding: UTF-8
[DEBUG] prometheus-client.version: 1.4.3
[DEBUG] prometheus-simpleclient.version: 0.16.0
[DEBUG] pulsar.version: 4.1.2
[DEBUG] quartz.version: 2.5.2
[DEBUG] querydsl.version: 5.1.0
[DEBUG] r2dbc-h2.version: 1.1.0.RELEASE
[DEBUG] r2dbc-mariadb.version: 1.3.0
[DEBUG] r2dbc-mssql.version: 1.0.4.RELEASE
[DEBUG] r2dbc-mysql.version: 1.4.1
[DEBUG] r2dbc-pool.version: 1.0.2.RELEASE
[DEBUG] r2dbc-postgresql.version: 1.1.1.RELEASE
[DEBUG] r2dbc-proxy.version: 1.1.6.RELEASE
[DEBUG] r2dbc-spi.version: 1.0.0.RELEASE
[DEBUG] rabbit-amqp-client.version: 5.27.1
[DEBUG] rabbit-stream-client.version: 0.23.0
[DEBUG] reactive-streams.version: 1.0.4
[DEBUG] reactor-bom.version: 2025.0.2
[DEBUG] resource.delimiter: @
[DEBUG] rsocket.version: 1.1.5
[DEBUG] rxjava3.version: 3.1.12
[DEBUG] saaj-impl.version: 3.0.4
[DEBUG] selenium-htmlunit.version: 4.36.1
[DEBUG] selenium.version: 4.37.0
[DEBUG] sendgrid.version: 4.10.3
[DEBUG] slf4j.version: 2.0.17
[DEBUG] snakeyaml.version: 2.5
[DEBUG] spring-amqp.version: 4.0.2
[DEBUG] spring-batch.version: 6.0.2
[DEBUG] spring-boot.run.main-class: ${start-class}
[DEBUG] spring-data-bom.version: 2025.1.2
[DEBUG] spring-framework.version: 7.0.3
[DEBUG] spring-graphql.version: 2.0.2
[DEBUG] spring-hateoas.version: 3.0.2
[DEBUG] spring-integration.version: 7.0.2
[DEBUG] spring-kafka.version: 4.0.2
[DEBUG] spring-ldap.version: 4.0.1
[DEBUG] spring-pulsar.version: 2.0.2
[DEBUG] spring-restdocs.version: 4.0.0
[DEBUG] spring-security.version: 7.0.2
[DEBUG] spring-session.version: 4.0.1
[DEBUG] spring-ws.version: 5.0.0
[DEBUG] sqlite-jdbc.version: 3.50.3.0
[DEBUG] sun.arch.data.model: 64
[DEBUG] sun.boot.library.path: /usr/lib/jvm/java-17-openjdk/lib
[DEBUG] sun.cpu.endian: little
[DEBUG] sun.io.unicode.encoding: UnicodeLittle
[DEBUG] sun.java.command: org.codehaus.plexus.classworlds.launcher.Launcher -X -e clean test
[DEBUG] sun.java.launcher: SUN_STANDARD
[DEBUG] sun.jnu.encoding: UTF-8
[DEBUG] sun.management.compiler: HotSpot 64-Bit Tiered Compilers
[DEBUG] sun.stderr.encoding: UTF-8
[DEBUG] testcontainers-redis-module.version: 2.2.4
[DEBUG] testcontainers.version: 2.0.3
[DEBUG] thymeleaf-extras-data-attribute.version: 2.0.1
[DEBUG] thymeleaf-extras-springsecurity.version: 3.1.3.RELEASE
[DEBUG] thymeleaf-layout-dialect.version: 3.4.0
[DEBUG] thymeleaf.version: 3.1.3.RELEASE
[DEBUG] tomcat.version: 11.0.15
[DEBUG] unboundid-ldapsdk.version: 7.0.4
[DEBUG] user.dir: /home/user/Projects/cse-3219/assignment1
[DEBUG] user.home: /home/user
[DEBUG] user.language: en
[DEBUG] user.name: user
[DEBUG] versions-maven-plugin.version: 2.19.1
[DEBUG] vibur.version: 26.0
[DEBUG] webjars-locator-core.version: 0.59
[DEBUG] webjars-locator-lite.version: 1.1.3
[DEBUG] wsdl4j.version: 1.6.3
[DEBUG] xml-maven-plugin.version: 1.2.1
[DEBUG] xmlunit2.version: 2.10.4
[DEBUG] yasson.version: 3.0.4
[DEBUG] zipkin-reporter.version: 3.5.1
[DEBUG] Using 'UTF-8' encoding to copy filtered resources.
[DEBUG] Using 'UTF-8' encoding to copy filtered properties files.
[DEBUG] resource with targetPath null
directory /home/user/Projects/cse-3219/assignment1/src/test/resources
excludes []
includes []
[DEBUG] ignoreDelta true
[INFO] Copying 1 resource from src/test/resources to target/test-classes
[DEBUG] Copying file application.yaml
[DEBUG] file application.yaml has a filtered file extension
[DEBUG] Using 'UTF-8' encoding to copy filtered resource 'application.yaml'.
[DEBUG] copy /home/user/Projects/cse-3219/assignment1/src/test/resources/application.yaml to /home/user/Projects/cse-3219/assignment1/target/test-classes/application.yaml
[DEBUG] no user filter components
[INFO] 
[INFO] --- compiler:3.14.1:testCompile (default-testCompile) @ assignment1 ---
[DEBUG] Loading mojo org.apache.maven.plugins:maven-compiler-plugin:3.14.1:testCompile from plugin realm ClassRealm[plugin>org.apache.maven.plugins:maven-compiler-plugin:3.14.1, parent: jdk.internal.loader.ClassLoaders$AppClassLoader@5ffd2b27]
[DEBUG] Configuring mojo execution 'org.apache.maven.plugins:maven-compiler-plugin:3.14.1:testCompile:default-testCompile' with basic configurator -->
[DEBUG]   (f) annotationProcessorPathsUseDepMgmt = false
[DEBUG]   (f) basedir = /home/user/Projects/cse-3219/assignment1
[DEBUG]   (f) buildDirectory = /home/user/Projects/cse-3219/assignment1/target
[DEBUG]   (f) compileSourceRoots = [/home/user/Projects/cse-3219/assignment1/src/test/java]
[DEBUG]   (f) compilerId = javac
[DEBUG]   (f) createMissingPackageInfoClass = true
[DEBUG]   (f) debug = true
[DEBUG]   (f) debugFileName = javac-test
[DEBUG]   (f) enablePreview = false
[DEBUG]   (f) encoding = UTF-8
[DEBUG]   (f) failOnError = true
[DEBUG]   (f) failOnWarning = false
[DEBUG]   (f) fileExtensions = [jar, class]
[DEBUG]   (f) forceJavacCompilerUse = false
[DEBUG]   (f) forceLegacyJavacApi = false
[DEBUG]   (f) fork = false
[DEBUG]   (f) generatedTestSourcesDirectory = /home/user/Projects/cse-3219/assignment1/target/generated-test-sources/test-annotations
[DEBUG]   (f) mojoExecution = org.apache.maven.plugins:maven-compiler-plugin:3.14.1:testCompile {execution: default-testCompile}
[DEBUG]   (f) optimize = false
[DEBUG]   (f) outputDirectory = /home/user/Projects/cse-3219/assignment1/target/test-classes
[DEBUG]   (f) parameters = true
[DEBUG]   (f) project = MavenProject: com.example:assignment1:0.0.1-SNAPSHOT @ /home/user/Projects/cse-3219/assignment1/pom.xml
[DEBUG]   (s) release = 17
[DEBUG]   (f) session = org.apache.maven.execution.MavenSession@59072e9d
[DEBUG]   (f) showCompilationChanges = false
[DEBUG]   (f) showDeprecation = false
[DEBUG]   (f) showWarnings = true
[DEBUG]   (f) skipMultiThreadWarning = false
[DEBUG]   (f) source = 1.8
[DEBUG]   (f) staleMillis = 0
[DEBUG]   (s) target = 1.8
[DEBUG]   (f) testPath = [/home/user/Projects/cse-3219/assignment1/target/test-classes, /home/user/Projects/cse-3219/assignment1/target/classes, /home/user/.m2/repository/org/springframework/boot/spring-boot-starter-data-jpa/4.0.2/spring-boot-starter-data-jpa-4.0.2.jar, /home/user/.m2/repository/org/springframework/boot/spring-boot-starter/4.0.2/spring-boot-starter-4.0.2.jar, /home/user/.m2/repository/org/springframework/boot/spring-boot-starter-logging/4.0.2/spring-boot-starter-logging-4.0.2.jar, /home/user/.m2/repository/ch/qos/logback/logback-classic/1.5.25/logback-classic-1.5.25.jar, /home/user/.m2/repository/ch/qos/logback/logback-core/1.5.25/logback-core-1.5.25.jar, /home/user/.m2/repository/org/apache/logging/log4j/log4j-to-slf4j/2.25.3/log4j-to-slf4j-2.25.3.jar, /home/user/.m2/repository/org/apache/logging/log4j/log4j-api/2.25.3/log4j-api-2.25.3.jar, /home/user/.m2/repository/org/slf4j/jul-to-slf4j/2.0.17/jul-to-slf4j-2.0.17.jar, /home/user/.m2/repository/jakarta/annotation/jakarta.annotation-api/3.0.0/jakarta.annotation-api-3.0.0.jar, /home/user/.m2/repository/org/yaml/snakeyaml/2.5/snakeyaml-2.5.jar, /home/user/.m2/repository/org/springframework/boot/spring-boot-starter-jdbc/4.0.2/spring-boot-starter-jdbc-4.0.2.jar, /home/user/.m2/repository/com/zaxxer/HikariCP/7.0.2/HikariCP-7.0.2.jar, /home/user/.m2/repository/org/springframework/boot/spring-boot-data-jpa/4.0.2/spring-boot-data-jpa-4.0.2.jar, /home/user/.m2/repository/org/springframework/boot/spring-boot-data-commons/4.0.2/spring-boot-data-commons-4.0.2.jar, /home/user/.m2/repository/org/springframework/boot/spring-boot-persistence/4.0.2/spring-boot-persistence-4.0.2.jar, /home/user/.m2/repository/org/springframework/data/spring-data-commons/4.0.2/spring-data-commons-4.0.2.jar, /home/user/.m2/repository/org/springframework/boot/spring-boot-hibernate/4.0.2/spring-boot-hibernate-4.0.2.jar, /home/user/.m2/repository/org/springframework/boot/spring-boot-jpa/4.0.2/spring-boot-jpa-4.0.2.jar, /home/user/.m2/repository/jakarta/persistence/jakarta.persistence-api/3.2.0/jakarta.persistence-api-3.2.0.jar, /home/user/.m2/repository/org/hibernate/orm/hibernate-core/7.2.1.Final/hibernate-core-7.2.1.Final.jar, /home/user/.m2/repository/jakarta/transaction/jakarta.transaction-api/2.0.1/jakarta.transaction-api-2.0.1.jar, /home/user/.m2/repository/org/jboss/logging/jboss-logging/3.6.1.Final/jboss-logging-3.6.1.Final.jar, /home/user/.m2/repository/org/hibernate/models/hibernate-models/1.0.1/hibernate-models-1.0.1.jar, /home/user/.m2/repository/com/fasterxml/classmate/1.7.3/classmate-1.7.3.jar, /home/user/.m2/repository/org/glassfish/jaxb/jaxb-runtime/4.0.6/jaxb-runtime-4.0.6.jar, /home/user/.m2/repository/org/glassfish/jaxb/jaxb-core/4.0.6/jaxb-core-4.0.6.jar, /home/user/.m2/repository/org/eclipse/angus/angus-activation/2.0.3/angus-activation-2.0.3.jar, /home/user/.m2/repository/org/glassfish/jaxb/txw2/4.0.6/txw2-4.0.6.jar, /home/user/.m2/repository/com/sun/istack/istack-commons-runtime/4.1.2/istack-commons-runtime-4.1.2.jar, /home/user/.m2/repository/jakarta/inject/jakarta.inject-api/2.0.1/jakarta.inject-api-2.0.1.jar, /home/user/.m2/repository/org/springframework/spring-orm/7.0.3/spring-orm-7.0.3.jar, /home/user/.m2/repository/org/springframework/data/spring-data-jpa/4.0.2/spring-data-jpa-4.0.2.jar, /home/user/.m2/repository/org/springframework/spring-tx/7.0.3/spring-tx-7.0.3.jar, /home/user/.m2/repository/org/antlr/antlr4-runtime/4.13.2/antlr4-runtime-4.13.2.jar, /home/user/.m2/repository/org/springframework/spring-aspects/7.0.3/spring-aspects-7.0.3.jar, /home/user/.m2/repository/org/aspectj/aspectjweaver/1.9.25.1/aspectjweaver-1.9.25.1.jar, /home/user/.m2/repository/org/springframework/boot/spring-boot-jdbc/4.0.2/spring-boot-jdbc-4.0.2.jar, /home/user/.m2/repository/org/springframework/boot/spring-boot-sql/4.0.2/spring-boot-sql-4.0.2.jar, /home/user/.m2/repository/org/springframework/boot/spring-boot-transaction/4.0.2/spring-boot-transaction-4.0.2.jar, /home/user/.m2/repository/org/springframework/spring-jdbc/7.0.3/spring-jdbc-7.0.3.jar, /home/user/.m2/repository/com/h2database/h2/2.4.240/h2-2.4.240.jar, /home/user/.m2/repository/org/springframework/boot/spring-boot-starter-security/4.0.2/spring-boot-starter-security-4.0.2.jar, /home/user/.m2/repository/org/springframework/boot/spring-boot-security/4.0.2/spring-boot-security-4.0.2.jar, /home/user/.m2/repository/org/springframework/security/spring-security-config/7.0.2/spring-security-config-7.0.2.jar, /home/user/.m2/repository/org/springframework/security/spring-security-core/7.0.2/spring-security-core-7.0.2.jar, /home/user/.m2/repository/org/springframework/security/spring-security-crypto/7.0.2/spring-security-crypto-7.0.2.jar, /home/user/.m2/repository/org/springframework/security/spring-security-web/7.0.2/spring-security-web-7.0.2.jar, /home/user/.m2/repository/org/springframework/spring-expression/7.0.3/spring-expression-7.0.3.jar, /home/user/.m2/repository/org/springframework/spring-aop/7.0.3/spring-aop-7.0.3.jar, /home/user/.m2/repository/org/springframework/spring-beans/7.0.3/spring-beans-7.0.3.jar, /home/user/.m2/repository/org/springframework/boot/spring-boot-starter-thymeleaf/4.0.2/spring-boot-starter-thymeleaf-4.0.2.jar, /home/user/.m2/repository/org/springframework/boot/spring-boot-thymeleaf/4.0.2/spring-boot-thymeleaf-4.0.2.jar, /home/user/.m2/repository/org/springframework/spring-web/7.0.3/spring-web-7.0.3.jar, /home/user/.m2/repository/io/micrometer/micrometer-observation/1.16.2/micrometer-observation-1.16.2.jar, /home/user/.m2/repository/io/micrometer/micrometer-commons/1.16.2/micrometer-commons-1.16.2.jar, /home/user/.m2/repository/org/springframework/boot/spring-boot-starter-webmvc/4.0.2/spring-boot-starter-webmvc-4.0.2.jar, /home/user/.m2/repository/org/springframework/boot/spring-boot-starter-jackson/4.0.2/spring-boot-starter-jackson-4.0.2.jar, /home/user/.m2/repository/org/springframework/boot/spring-boot-jackson/4.0.2/spring-boot-jackson-4.0.2.jar, /home/user/.m2/repository/org/springframework/boot/spring-boot-starter-tomcat/4.0.2/spring-boot-starter-tomcat-4.0.2.jar, /home/user/.m2/repository/org/springframework/boot/spring-boot-starter-tomcat-runtime/4.0.2/spring-boot-starter-tomcat-runtime-4.0.2.jar, /home/user/.m2/repository/org/springframework/boot/spring-boot-web-server/4.0.2/spring-boot-web-server-4.0.2.jar, /home/user/.m2/repository/org/apache/tomcat/embed/tomcat-embed-core/11.0.15/tomcat-embed-core-11.0.15.jar, /home/user/.m2/repository/org/apache/tomcat/embed/tomcat-embed-el/11.0.15/tomcat-embed-el-11.0.15.jar, /home/user/.m2/repository/org/apache/tomcat/embed/tomcat-embed-websocket/11.0.15/tomcat-embed-websocket-11.0.15.jar, /home/user/.m2/repository/org/springframework/boot/spring-boot-tomcat/4.0.2/spring-boot-tomcat-4.0.2.jar, /home/user/.m2/repository/org/springframework/boot/spring-boot-http-converter/4.0.2/spring-boot-http-converter-4.0.2.jar, /home/user/.m2/repository/org/springframework/boot/spring-boot-webmvc/4.0.2/spring-boot-webmvc-4.0.2.jar, /home/user/.m2/repository/org/springframework/boot/spring-boot-servlet/4.0.2/spring-boot-servlet-4.0.2.jar, /home/user/.m2/repository/org/springframework/spring-webmvc/7.0.3/spring-webmvc-7.0.3.jar, /home/user/.m2/repository/org/thymeleaf/extras/thymeleaf-extras-springsecurity6/3.1.3.RELEASE/thymeleaf-extras-springsecurity6-3.1.3.RELEASE.jar, /home/user/.m2/repository/org/thymeleaf/thymeleaf-spring6/3.1.3.RELEASE/thymeleaf-spring6-3.1.3.RELEASE.jar, /home/user/.m2/repository/org/thymeleaf/thymeleaf/3.1.3.RELEASE/thymeleaf-3.1.3.RELEASE.jar, /home/user/.m2/repository/org/attoparser/attoparser/2.0.7.RELEASE/attoparser-2.0.7.RELEASE.jar, /home/user/.m2/repository/org/unbescape/unbescape/1.1.6.RELEASE/unbescape-1.1.6.RELEASE.jar, /home/user/.m2/repository/org/slf4j/slf4j-api/2.0.17/slf4j-api-2.0.17.jar, /home/user/.m2/repository/org/springframework/boot/spring-boot-devtools/4.0.2/spring-boot-devtools-4.0.2.jar, /home/user/.m2/repository/org/springframework/boot/spring-boot/4.0.2/spring-boot-4.0.2.jar, /home/user/.m2/repository/org/springframework/spring-context/7.0.3/spring-context-7.0.3.jar, /home/user/.m2/repository/org/springframework/boot/spring-boot-autoconfigure/4.0.2/spring-boot-autoconfigure-4.0.2.jar, /home/user/.m2/repository/org/springframework/boot/spring-boot-docker-compose/4.0.2/spring-boot-docker-compose-4.0.2.jar, /home/user/.m2/repository/tools/jackson/core/jackson-databind/3.0.4/jackson-databind-3.0.4.jar, /home/user/.m2/repository/com/fasterxml/jackson/core/jackson-annotations/2.20/jackson-annotations-2.20.jar, /home/user/.m2/repository/tools/jackson/core/jackson-core/3.0.4/jackson-core-3.0.4.jar, /home/user/.m2/repository/org/postgresql/postgresql/42.7.9/postgresql-42.7.9.jar, /home/user/.m2/repository/org/checkerframework/checker-qual/3.52.0/checker-qual-3.52.0.jar, /home/user/.m2/repository/org/springframework/boot/spring-boot-starter-test/4.0.2/spring-boot-starter-test-4.0.2.jar, /home/user/.m2/repository/org/springframework/boot/spring-boot-test-autoconfigure/4.0.2/spring-boot-test-autoconfigure-4.0.2.jar, /home/user/.m2/repository/com/jayway/jsonpath/json-path/2.10.0/json-path-2.10.0.jar, /home/user/.m2/repository/jakarta/xml/bind/jakarta.xml.bind-api/4.0.4/jakarta.xml.bind-api-4.0.4.jar, /home/user/.m2/repository/jakarta/activation/jakarta.activation-api/2.1.4/jakarta.activation-api-2.1.4.jar, /home/user/.m2/repository/net/minidev/json-smart/2.6.0/json-smart-2.6.0.jar, /home/user/.m2/repository/net/minidev/accessors-smart/2.6.0/accessors-smart-2.6.0.jar, /home/user/.m2/repository/org/ow2/asm/asm/9.7.1/asm-9.7.1.jar, /home/user/.m2/repository/org/assertj/assertj-core/3.27.6/assertj-core-3.27.6.jar, /home/user/.m2/repository/net/bytebuddy/byte-buddy/1.17.8/byte-buddy-1.17.8.jar, /home/user/.m2/repository/org/awaitility/awaitility/4.3.0/awaitility-4.3.0.jar, /home/user/.m2/repository/org/hamcrest/hamcrest/3.0/hamcrest-3.0.jar, /home/user/.m2/repository/org/junit/jupiter/junit-jupiter/6.0.2/junit-jupiter-6.0.2.jar, /home/user/.m2/repository/org/junit/jupiter/junit-jupiter-api/6.0.2/junit-jupiter-api-6.0.2.jar, /home/user/.m2/repository/org/opentest4j/opentest4j/1.3.0/opentest4j-1.3.0.jar, /home/user/.m2/repository/org/junit/platform/junit-platform-commons/6.0.2/junit-platform-commons-6.0.2.jar, /home/user/.m2/repository/org/apiguardian/apiguardian-api/1.1.2/apiguardian-api-1.1.2.jar, /home/user/.m2/repository/org/junit/jupiter/junit-jupiter-params/6.0.2/junit-jupiter-params-6.0.2.jar, /home/user/.m2/repository/org/junit/jupiter/junit-jupiter-engine/6.0.2/junit-jupiter-engine-6.0.2.jar, /home/user/.m2/repository/org/junit/platform/junit-platform-engine/6.0.2/junit-platform-engine-6.0.2.jar, /home/user/.m2/repository/org/mockito/mockito-core/5.20.0/mockito-core-5.20.0.jar, /home/user/.m2/repository/net/bytebuddy/byte-buddy-agent/1.17.8/byte-buddy-agent-1.17.8.jar, /home/user/.m2/repository/org/objenesis/objenesis/3.3/objenesis-3.3.jar, /home/user/.m2/repository/org/mockito/mockito-junit-jupiter/5.20.0/mockito-junit-jupiter-5.20.0.jar, /home/user/.m2/repository/org/skyscreamer/jsonassert/1.5.3/jsonassert-1.5.3.jar, /home/user/.m2/repository/com/vaadin/external/google/android-json/0.0.20131108.vaadin1/android-json-0.0.20131108.vaadin1.jar, /home/user/.m2/repository/org/springframework/spring-core/7.0.3/spring-core-7.0.3.jar, /home/user/.m2/repository/commons-logging/commons-logging/1.3.5/commons-logging-1.3.5.jar, /home/user/.m2/repository/org/jspecify/jspecify/1.0.0/jspecify-1.0.0.jar, /home/user/.m2/repository/org/springframework/spring-test/7.0.3/spring-test-7.0.3.jar, /home/user/.m2/repository/org/xmlunit/xmlunit-core/2.10.4/xmlunit-core-2.10.4.jar, /home/user/.m2/repository/org/springframework/boot/spring-boot-test/4.0.2/spring-boot-test-4.0.2.jar, /home/user/.m2/repository/org/projectlombok/lombok/1.18.42/lombok-1.18.42.jar, /home/user/.m2/repository/io/jsonwebtoken/jjwt-api/0.12.5/jjwt-api-0.12.5.jar, /home/user/.m2/repository/io/jsonwebtoken/jjwt-impl/0.12.5/jjwt-impl-0.12.5.jar, /home/user/.m2/repository/io/jsonwebtoken/jjwt-jackson/0.12.5/jjwt-jackson-0.12.5.jar, /home/user/.m2/repository/com/fasterxml/jackson/core/jackson-databind/2.20.2/jackson-databind-2.20.2.jar, /home/user/.m2/repository/com/fasterxml/jackson/core/jackson-core/2.20.2/jackson-core-2.20.2.jar]
[DEBUG]   (f) useIncrementalCompilation = true
[DEBUG]   (f) useModulePath = true
[DEBUG]   (f) verbose = false
[DEBUG] -- end configuration --
[DEBUG] Using compiler 'javac'.
[DEBUG] CompilerReuseStrategy: reuseCreated
[DEBUG] useIncrementalCompilation enabled
[INFO] 	New dependency detected: /home/user/Projects/cse-3219/assignment1/target/classes/com/example/assignment1/controller/HomeController.class
[INFO] 	Stale source detected: /home/user/Projects/cse-3219/assignment1/src/test/java/com/example/assignment1/controller/TeacherControllerTest.java
[INFO] 	Stale source detected: /home/user/Projects/cse-3219/assignment1/src/test/java/com/example/assignment1/Assignment1ApplicationTests.java
[INFO] 	Stale source detected: /home/user/Projects/cse-3219/assignment1/src/test/java/com/example/assignment1/controller/AuthControllerTest.java
[INFO] 	Stale source detected: /home/user/Projects/cse-3219/assignment1/src/test/java/com/example/assignment1/controller/StudentControllerTest.java
[INFO] 	Stale source detected: /home/user/Projects/cse-3219/assignment1/src/test/java/com/example/assignment1/controller/CourseControllerTest.java
[INFO] 	Input tree files (+): /home/user/Projects/cse-3219/assignment1/src/test/java/com/example/assignment1/Assignment1ApplicationTests.java
[INFO] 	Input tree files (+): /home/user/Projects/cse-3219/assignment1/src/test/java/com/example/assignment1/controller/AuthControllerTest.java
[INFO] 	Input tree files (+): /home/user/Projects/cse-3219/assignment1/src/test/java/com/example/assignment1/controller/CourseControllerTest.java
[INFO] 	Input tree files (+): /home/user/Projects/cse-3219/assignment1/src/test/java/com/example/assignment1/controller/StudentControllerTest.java
[INFO] 	Input tree files (+): /home/user/Projects/cse-3219/assignment1/src/test/java/com/example/assignment1/controller/TeacherControllerTest.java
[INFO] Recompiling the module because of changed dependency.
[DEBUG] Classpath:
[DEBUG]  /home/user/Projects/cse-3219/assignment1/target/test-classes
[DEBUG]  /home/user/Projects/cse-3219/assignment1/target/classes
[DEBUG]  /home/user/.m2/repository/org/springframework/boot/spring-boot-starter-data-jpa/4.0.2/spring-boot-starter-data-jpa-4.0.2.jar
[DEBUG]  /home/user/.m2/repository/org/springframework/boot/spring-boot-starter/4.0.2/spring-boot-starter-4.0.2.jar
[DEBUG]  /home/user/.m2/repository/org/springframework/boot/spring-boot-starter-logging/4.0.2/spring-boot-starter-logging-4.0.2.jar
[DEBUG]  /home/user/.m2/repository/ch/qos/logback/logback-classic/1.5.25/logback-classic-1.5.25.jar
[DEBUG]  /home/user/.m2/repository/ch/qos/logback/logback-core/1.5.25/logback-core-1.5.25.jar
[DEBUG]  /home/user/.m2/repository/org/apache/logging/log4j/log4j-to-slf4j/2.25.3/log4j-to-slf4j-2.25.3.jar
[DEBUG]  /home/user/.m2/repository/org/apache/logging/log4j/log4j-api/2.25.3/log4j-api-2.25.3.jar
[DEBUG]  /home/user/.m2/repository/org/slf4j/jul-to-slf4j/2.0.17/jul-to-slf4j-2.0.17.jar
[DEBUG]  /home/user/.m2/repository/jakarta/annotation/jakarta.annotation-api/3.0.0/jakarta.annotation-api-3.0.0.jar
[DEBUG]  /home/user/.m2/repository/org/yaml/snakeyaml/2.5/snakeyaml-2.5.jar
[DEBUG]  /home/user/.m2/repository/org/springframework/boot/spring-boot-starter-jdbc/4.0.2/spring-boot-starter-jdbc-4.0.2.jar
[DEBUG]  /home/user/.m2/repository/com/zaxxer/HikariCP/7.0.2/HikariCP-7.0.2.jar
[DEBUG]  /home/user/.m2/repository/org/springframework/boot/spring-boot-data-jpa/4.0.2/spring-boot-data-jpa-4.0.2.jar
[DEBUG]  /home/user/.m2/repository/org/springframework/boot/spring-boot-data-commons/4.0.2/spring-boot-data-commons-4.0.2.jar
[DEBUG]  /home/user/.m2/repository/org/springframework/boot/spring-boot-persistence/4.0.2/spring-boot-persistence-4.0.2.jar
[DEBUG]  /home/user/.m2/repository/org/springframework/data/spring-data-commons/4.0.2/spring-data-commons-4.0.2.jar
[DEBUG]  /home/user/.m2/repository/org/springframework/boot/spring-boot-hibernate/4.0.2/spring-boot-hibernate-4.0.2.jar
[DEBUG]  /home/user/.m2/repository/org/springframework/boot/spring-boot-jpa/4.0.2/spring-boot-jpa-4.0.2.jar
[DEBUG]  /home/user/.m2/repository/jakarta/persistence/jakarta.persistence-api/3.2.0/jakarta.persistence-api-3.2.0.jar
[DEBUG]  /home/user/.m2/repository/org/hibernate/orm/hibernate-core/7.2.1.Final/hibernate-core-7.2.1.Final.jar
[DEBUG]  /home/user/.m2/repository/jakarta/transaction/jakarta.transaction-api/2.0.1/jakarta.transaction-api-2.0.1.jar
[DEBUG]  /home/user/.m2/repository/org/jboss/logging/jboss-logging/3.6.1.Final/jboss-logging-3.6.1.Final.jar
[DEBUG]  /home/user/.m2/repository/org/hibernate/models/hibernate-models/1.0.1/hibernate-models-1.0.1.jar
[DEBUG]  /home/user/.m2/repository/com/fasterxml/classmate/1.7.3/classmate-1.7.3.jar
[DEBUG]  /home/user/.m2/repository/org/glassfish/jaxb/jaxb-runtime/4.0.6/jaxb-runtime-4.0.6.jar
[DEBUG]  /home/user/.m2/repository/org/glassfish/jaxb/jaxb-core/4.0.6/jaxb-core-4.0.6.jar
[DEBUG]  /home/user/.m2/repository/org/eclipse/angus/angus-activation/2.0.3/angus-activation-2.0.3.jar
[DEBUG]  /home/user/.m2/repository/org/glassfish/jaxb/txw2/4.0.6/txw2-4.0.6.jar
[DEBUG]  /home/user/.m2/repository/com/sun/istack/istack-commons-runtime/4.1.2/istack-commons-runtime-4.1.2.jar
[DEBUG]  /home/user/.m2/repository/jakarta/inject/jakarta.inject-api/2.0.1/jakarta.inject-api-2.0.1.jar
[DEBUG]  /home/user/.m2/repository/org/springframework/spring-orm/7.0.3/spring-orm-7.0.3.jar
[DEBUG]  /home/user/.m2/repository/org/springframework/data/spring-data-jpa/4.0.2/spring-data-jpa-4.0.2.jar
[DEBUG]  /home/user/.m2/repository/org/springframework/spring-tx/7.0.3/spring-tx-7.0.3.jar
[DEBUG]  /home/user/.m2/repository/org/antlr/antlr4-runtime/4.13.2/antlr4-runtime-4.13.2.jar
[DEBUG]  /home/user/.m2/repository/org/springframework/spring-aspects/7.0.3/spring-aspects-7.0.3.jar
[DEBUG]  /home/user/.m2/repository/org/aspectj/aspectjweaver/1.9.25.1/aspectjweaver-1.9.25.1.jar
[DEBUG]  /home/user/.m2/repository/org/springframework/boot/spring-boot-jdbc/4.0.2/spring-boot-jdbc-4.0.2.jar
[DEBUG]  /home/user/.m2/repository/org/springframework/boot/spring-boot-sql/4.0.2/spring-boot-sql-4.0.2.jar
[DEBUG]  /home/user/.m2/repository/org/springframework/boot/spring-boot-transaction/4.0.2/spring-boot-transaction-4.0.2.jar
[DEBUG]  /home/user/.m2/repository/org/springframework/spring-jdbc/7.0.3/spring-jdbc-7.0.3.jar
[DEBUG]  /home/user/.m2/repository/com/h2database/h2/2.4.240/h2-2.4.240.jar
[DEBUG]  /home/user/.m2/repository/org/springframework/boot/spring-boot-starter-security/4.0.2/spring-boot-starter-security-4.0.2.jar
[DEBUG]  /home/user/.m2/repository/org/springframework/boot/spring-boot-security/4.0.2/spring-boot-security-4.0.2.jar
[DEBUG]  /home/user/.m2/repository/org/springframework/security/spring-security-config/7.0.2/spring-security-config-7.0.2.jar
[DEBUG]  /home/user/.m2/repository/org/springframework/security/spring-security-core/7.0.2/spring-security-core-7.0.2.jar
[DEBUG]  /home/user/.m2/repository/org/springframework/security/spring-security-crypto/7.0.2/spring-security-crypto-7.0.2.jar
[DEBUG]  /home/user/.m2/repository/org/springframework/security/spring-security-web/7.0.2/spring-security-web-7.0.2.jar
[DEBUG]  /home/user/.m2/repository/org/springframework/spring-expression/7.0.3/spring-expression-7.0.3.jar
[DEBUG]  /home/user/.m2/repository/org/springframework/spring-aop/7.0.3/spring-aop-7.0.3.jar
[DEBUG]  /home/user/.m2/repository/org/springframework/spring-beans/7.0.3/spring-beans-7.0.3.jar
[DEBUG]  /home/user/.m2/repository/org/springframework/boot/spring-boot-starter-thymeleaf/4.0.2/spring-boot-starter-thymeleaf-4.0.2.jar
[DEBUG]  /home/user/.m2/repository/org/springframework/boot/spring-boot-thymeleaf/4.0.2/spring-boot-thymeleaf-4.0.2.jar
[DEBUG]  /home/user/.m2/repository/org/springframework/spring-web/7.0.3/spring-web-7.0.3.jar
[DEBUG]  /home/user/.m2/repository/io/micrometer/micrometer-observation/1.16.2/micrometer-observation-1.16.2.jar
[DEBUG]  /home/user/.m2/repository/io/micrometer/micrometer-commons/1.16.2/micrometer-commons-1.16.2.jar
[DEBUG]  /home/user/.m2/repository/org/springframework/boot/spring-boot-starter-webmvc/4.0.2/spring-boot-starter-webmvc-4.0.2.jar
[DEBUG]  /home/user/.m2/repository/org/springframework/boot/spring-boot-starter-jackson/4.0.2/spring-boot-starter-jackson-4.0.2.jar
[DEBUG]  /home/user/.m2/repository/org/springframework/boot/spring-boot-jackson/4.0.2/spring-boot-jackson-4.0.2.jar
[DEBUG]  /home/user/.m2/repository/org/springframework/boot/spring-boot-starter-tomcat/4.0.2/spring-boot-starter-tomcat-4.0.2.jar
[DEBUG]  /home/user/.m2/repository/org/springframework/boot/spring-boot-starter-tomcat-runtime/4.0.2/spring-boot-starter-tomcat-runtime-4.0.2.jar
[DEBUG]  /home/user/.m2/repository/org/springframework/boot/spring-boot-web-server/4.0.2/spring-boot-web-server-4.0.2.jar
[DEBUG]  /home/user/.m2/repository/org/apache/tomcat/embed/tomcat-embed-core/11.0.15/tomcat-embed-core-11.0.15.jar
[DEBUG]  /home/user/.m2/repository/org/apache/tomcat/embed/tomcat-embed-el/11.0.15/tomcat-embed-el-11.0.15.jar
[DEBUG]  /home/user/.m2/repository/org/apache/tomcat/embed/tomcat-embed-websocket/11.0.15/tomcat-embed-websocket-11.0.15.jar
[DEBUG]  /home/user/.m2/repository/org/springframework/boot/spring-boot-tomcat/4.0.2/spring-boot-tomcat-4.0.2.jar
[DEBUG]  /home/user/.m2/repository/org/springframework/boot/spring-boot-http-converter/4.0.2/spring-boot-http-converter-4.0.2.jar
[DEBUG]  /home/user/.m2/repository/org/springframework/boot/spring-boot-webmvc/4.0.2/spring-boot-webmvc-4.0.2.jar
[DEBUG]  /home/user/.m2/repository/org/springframework/boot/spring-boot-servlet/4.0.2/spring-boot-servlet-4.0.2.jar
[DEBUG]  /home/user/.m2/repository/org/springframework/spring-webmvc/7.0.3/spring-webmvc-7.0.3.jar
[DEBUG]  /home/user/.m2/repository/org/thymeleaf/extras/thymeleaf-extras-springsecurity6/3.1.3.RELEASE/thymeleaf-extras-springsecurity6-3.1.3.RELEASE.jar
[DEBUG]  /home/user/.m2/repository/org/thymeleaf/thymeleaf-spring6/3.1.3.RELEASE/thymeleaf-spring6-3.1.3.RELEASE.jar
[DEBUG]  /home/user/.m2/repository/org/thymeleaf/thymeleaf/3.1.3.RELEASE/thymeleaf-3.1.3.RELEASE.jar
[DEBUG]  /home/user/.m2/repository/org/attoparser/attoparser/2.0.7.RELEASE/attoparser-2.0.7.RELEASE.jar
[DEBUG]  /home/user/.m2/repository/org/unbescape/unbescape/1.1.6.RELEASE/unbescape-1.1.6.RELEASE.jar
[DEBUG]  /home/user/.m2/repository/org/slf4j/slf4j-api/2.0.17/slf4j-api-2.0.17.jar
[DEBUG]  /home/user/.m2/repository/org/springframework/boot/spring-boot-devtools/4.0.2/spring-boot-devtools-4.0.2.jar
[DEBUG]  /home/user/.m2/repository/org/springframework/boot/spring-boot/4.0.2/spring-boot-4.0.2.jar
[DEBUG]  /home/user/.m2/repository/org/springframework/spring-context/7.0.3/spring-context-7.0.3.jar
[DEBUG]  /home/user/.m2/repository/org/springframework/boot/spring-boot-autoconfigure/4.0.2/spring-boot-autoconfigure-4.0.2.jar
[DEBUG]  /home/user/.m2/repository/org/springframework/boot/spring-boot-docker-compose/4.0.2/spring-boot-docker-compose-4.0.2.jar
[DEBUG]  /home/user/.m2/repository/tools/jackson/core/jackson-databind/3.0.4/jackson-databind-3.0.4.jar
[DEBUG]  /home/user/.m2/repository/com/fasterxml/jackson/core/jackson-annotations/2.20/jackson-annotations-2.20.jar
[DEBUG]  /home/user/.m2/repository/tools/jackson/core/jackson-core/3.0.4/jackson-core-3.0.4.jar
[DEBUG]  /home/user/.m2/repository/org/postgresql/postgresql/42.7.9/postgresql-42.7.9.jar
[DEBUG]  /home/user/.m2/repository/org/checkerframework/checker-qual/3.52.0/checker-qual-3.52.0.jar
[DEBUG]  /home/user/.m2/repository/org/springframework/boot/spring-boot-starter-test/4.0.2/spring-boot-starter-test-4.0.2.jar
[DEBUG]  /home/user/.m2/repository/org/springframework/boot/spring-boot-test-autoconfigure/4.0.2/spring-boot-test-autoconfigure-4.0.2.jar
[DEBUG]  /home/user/.m2/repository/com/jayway/jsonpath/json-path/2.10.0/json-path-2.10.0.jar
[DEBUG]  /home/user/.m2/repository/jakarta/xml/bind/jakarta.xml.bind-api/4.0.4/jakarta.xml.bind-api-4.0.4.jar
[DEBUG]  /home/user/.m2/repository/jakarta/activation/jakarta.activation-api/2.1.4/jakarta.activation-api-2.1.4.jar
[DEBUG]  /home/user/.m2/repository/net/minidev/json-smart/2.6.0/json-smart-2.6.0.jar
[DEBUG]  /home/user/.m2/repository/net/minidev/accessors-smart/2.6.0/accessors-smart-2.6.0.jar
[DEBUG]  /home/user/.m2/repository/org/ow2/asm/asm/9.7.1/asm-9.7.1.jar
[DEBUG]  /home/user/.m2/repository/org/assertj/assertj-core/3.27.6/assertj-core-3.27.6.jar
[DEBUG]  /home/user/.m2/repository/net/bytebuddy/byte-buddy/1.17.8/byte-buddy-1.17.8.jar
[DEBUG]  /home/user/.m2/repository/org/awaitility/awaitility/4.3.0/awaitility-4.3.0.jar
[DEBUG]  /home/user/.m2/repository/org/hamcrest/hamcrest/3.0/hamcrest-3.0.jar
[DEBUG]  /home/user/.m2/repository/org/junit/jupiter/junit-jupiter/6.0.2/junit-jupiter-6.0.2.jar
[DEBUG]  /home/user/.m2/repository/org/junit/jupiter/junit-jupiter-api/6.0.2/junit-jupiter-api-6.0.2.jar
[DEBUG]  /home/user/.m2/repository/org/opentest4j/opentest4j/1.3.0/opentest4j-1.3.0.jar
[DEBUG]  /home/user/.m2/repository/org/junit/platform/junit-platform-commons/6.0.2/junit-platform-commons-6.0.2.jar
[DEBUG]  /home/user/.m2/repository/org/apiguardian/apiguardian-api/1.1.2/apiguardian-api-1.1.2.jar
[DEBUG]  /home/user/.m2/repository/org/junit/jupiter/junit-jupiter-params/6.0.2/junit-jupiter-params-6.0.2.jar
[DEBUG]  /home/user/.m2/repository/org/junit/jupiter/junit-jupiter-engine/6.0.2/junit-jupiter-engine-6.0.2.jar
[DEBUG]  /home/user/.m2/repository/org/junit/platform/junit-platform-engine/6.0.2/junit-platform-engine-6.0.2.jar
[DEBUG]  /home/user/.m2/repository/org/mockito/mockito-core/5.20.0/mockito-core-5.20.0.jar
[DEBUG]  /home/user/.m2/repository/net/bytebuddy/byte-buddy-agent/1.17.8/byte-buddy-agent-1.17.8.jar
[DEBUG]  /home/user/.m2/repository/org/objenesis/objenesis/3.3/objenesis-3.3.jar
[DEBUG]  /home/user/.m2/repository/org/mockito/mockito-junit-jupiter/5.20.0/mockito-junit-jupiter-5.20.0.jar
[DEBUG]  /home/user/.m2/repository/org/skyscreamer/jsonassert/1.5.3/jsonassert-1.5.3.jar
[DEBUG]  /home/user/.m2/repository/com/vaadin/external/google/android-json/0.0.20131108.vaadin1/android-json-0.0.20131108.vaadin1.jar
[DEBUG]  /home/user/.m2/repository/org/springframework/spring-core/7.0.3/spring-core-7.0.3.jar
[DEBUG]  /home/user/.m2/repository/commons-logging/commons-logging/1.3.5/commons-logging-1.3.5.jar
[DEBUG]  /home/user/.m2/repository/org/jspecify/jspecify/1.0.0/jspecify-1.0.0.jar
[DEBUG]  /home/user/.m2/repository/org/springframework/spring-test/7.0.3/spring-test-7.0.3.jar
[DEBUG]  /home/user/.m2/repository/org/xmlunit/xmlunit-core/2.10.4/xmlunit-core-2.10.4.jar
[DEBUG]  /home/user/.m2/repository/org/springframework/boot/spring-boot-test/4.0.2/spring-boot-test-4.0.2.jar
[DEBUG]  /home/user/.m2/repository/org/projectlombok/lombok/1.18.42/lombok-1.18.42.jar
[DEBUG]  /home/user/.m2/repository/io/jsonwebtoken/jjwt-api/0.12.5/jjwt-api-0.12.5.jar
[DEBUG]  /home/user/.m2/repository/io/jsonwebtoken/jjwt-impl/0.12.5/jjwt-impl-0.12.5.jar
[DEBUG]  /home/user/.m2/repository/io/jsonwebtoken/jjwt-jackson/0.12.5/jjwt-jackson-0.12.5.jar
[DEBUG]  /home/user/.m2/repository/com/fasterxml/jackson/core/jackson-databind/2.20.2/jackson-databind-2.20.2.jar
[DEBUG]  /home/user/.m2/repository/com/fasterxml/jackson/core/jackson-core/2.20.2/jackson-core-2.20.2.jar
[DEBUG] Source roots:
[DEBUG]  /home/user/Projects/cse-3219/assignment1/src/test/java
[DEBUG] Command line options:
[DEBUG] -d /home/user/Projects/cse-3219/assignment1/target/test-classes -classpath /home/user/Projects/cse-3219/assignment1/target/test-classes:/home/user/Projects/cse-3219/assignment1/target/classes:/home/user/.m2/repository/org/springframework/boot/spring-boot-starter-data-jpa/4.0.2/spring-boot-starter-data-jpa-4.0.2.jar:/home/user/.m2/repository/org/springframework/boot/spring-boot-starter/4.0.2/spring-boot-starter-4.0.2.jar:/home/user/.m2/repository/org/springframework/boot/spring-boot-starter-logging/4.0.2/spring-boot-starter-logging-4.0.2.jar:/home/user/.m2/repository/ch/qos/logback/logback-classic/1.5.25/logback-classic-1.5.25.jar:/home/user/.m2/repository/ch/qos/logback/logback-core/1.5.25/logback-core-1.5.25.jar:/home/user/.m2/repository/org/apache/logging/log4j/log4j-to-slf4j/2.25.3/log4j-to-slf4j-2.25.3.jar:/home/user/.m2/repository/org/apache/logging/log4j/log4j-api/2.25.3/log4j-api-2.25.3.jar:/home/user/.m2/repository/org/slf4j/jul-to-slf4j/2.0.17/jul-to-slf4j-2.0.17.jar:/home/user/.m2/repository/jakarta/annotation/jakarta.annotation-api/3.0.0/jakarta.annotation-api-3.0.0.jar:/home/user/.m2/repository/org/yaml/snakeyaml/2.5/snakeyaml-2.5.jar:/home/user/.m2/repository/org/springframework/boot/spring-boot-starter-jdbc/4.0.2/spring-boot-starter-jdbc-4.0.2.jar:/home/user/.m2/repository/com/zaxxer/HikariCP/7.0.2/HikariCP-7.0.2.jar:/home/user/.m2/repository/org/springframework/boot/spring-boot-data-jpa/4.0.2/spring-boot-data-jpa-4.0.2.jar:/home/user/.m2/repository/org/springframework/boot/spring-boot-data-commons/4.0.2/spring-boot-data-commons-4.0.2.jar:/home/user/.m2/repository/org/springframework/boot/spring-boot-persistence/4.0.2/spring-boot-persistence-4.0.2.jar:/home/user/.m2/repository/org/springframework/data/spring-data-commons/4.0.2/spring-data-commons-4.0.2.jar:/home/user/.m2/repository/org/springframework/boot/spring-boot-hibernate/4.0.2/spring-boot-hibernate-4.0.2.jar:/home/user/.m2/repository/org/springframework/boot/spring-boot-jpa/4.0.2/spring-boot-jpa-4.0.2.jar:/home/user/.m2/repository/jakarta/persistence/jakarta.persistence-api/3.2.0/jakarta.persistence-api-3.2.0.jar:/home/user/.m2/repository/org/hibernate/orm/hibernate-core/7.2.1.Final/hibernate-core-7.2.1.Final.jar:/home/user/.m2/repository/jakarta/transaction/jakarta.transaction-api/2.0.1/jakarta.transaction-api-2.0.1.jar:/home/user/.m2/repository/org/jboss/logging/jboss-logging/3.6.1.Final/jboss-logging-3.6.1.Final.jar:/home/user/.m2/repository/org/hibernate/models/hibernate-models/1.0.1/hibernate-models-1.0.1.jar:/home/user/.m2/repository/com/fasterxml/classmate/1.7.3/classmate-1.7.3.jar:/home/user/.m2/repository/org/glassfish/jaxb/jaxb-runtime/4.0.6/jaxb-runtime-4.0.6.jar:/home/user/.m2/repository/org/glassfish/jaxb/jaxb-core/4.0.6/jaxb-core-4.0.6.jar:/home/user/.m2/repository/org/eclipse/angus/angus-activation/2.0.3/angus-activation-2.0.3.jar:/home/user/.m2/repository/org/glassfish/jaxb/txw2/4.0.6/txw2-4.0.6.jar:/home/user/.m2/repository/com/sun/istack/istack-commons-runtime/4.1.2/istack-commons-runtime-4.1.2.jar:/home/user/.m2/repository/jakarta/inject/jakarta.inject-api/2.0.1/jakarta.inject-api-2.0.1.jar:/home/user/.m2/repository/org/springframework/spring-orm/7.0.3/spring-orm-7.0.3.jar:/home/user/.m2/repository/org/springframework/data/spring-data-jpa/4.0.2/spring-data-jpa-4.0.2.jar:/home/user/.m2/repository/org/springframework/spring-tx/7.0.3/spring-tx-7.0.3.jar:/home/user/.m2/repository/org/antlr/antlr4-runtime/4.13.2/antlr4-runtime-4.13.2.jar:/home/user/.m2/repository/org/springframework/spring-aspects/7.0.3/spring-aspects-7.0.3.jar:/home/user/.m2/repository/org/aspectj/aspectjweaver/1.9.25.1/aspectjweaver-1.9.25.1.jar:/home/user/.m2/repository/org/springframework/boot/spring-boot-jdbc/4.0.2/spring-boot-jdbc-4.0.2.jar:/home/user/.m2/repository/org/springframework/boot/spring-boot-sql/4.0.2/spring-boot-sql-4.0.2.jar:/home/user/.m2/repository/org/springframework/boot/spring-boot-transaction/4.0.2/spring-boot-transaction-4.0.2.jar:/home/user/.m2/repository/org/springframework/spring-jdbc/7.0.3/spring-jdbc-7.0.3.jar:/home/user/.m2/repository/com/h2database/h2/2.4.240/h2-2.4.240.jar:/home/user/.m2/repository/org/springframework/boot/spring-boot-starter-security/4.0.2/spring-boot-starter-security-4.0.2.jar:/home/user/.m2/repository/org/springframework/boot/spring-boot-security/4.0.2/spring-boot-security-4.0.2.jar:/home/user/.m2/repository/org/springframework/security/spring-security-config/7.0.2/spring-security-config-7.0.2.jar:/home/user/.m2/repository/org/springframework/security/spring-security-core/7.0.2/spring-security-core-7.0.2.jar:/home/user/.m2/repository/org/springframework/security/spring-security-crypto/7.0.2/spring-security-crypto-7.0.2.jar:/home/user/.m2/repository/org/springframework/security/spring-security-web/7.0.2/spring-security-web-7.0.2.jar:/home/user/.m2/repository/org/springframework/spring-expression/7.0.3/spring-expression-7.0.3.jar:/home/user/.m2/repository/org/springframework/spring-aop/7.0.3/spring-aop-7.0.3.jar:/home/user/.m2/repository/org/springframework/spring-beans/7.0.3/spring-beans-7.0.3.jar:/home/user/.m2/repository/org/springframework/boot/spring-boot-starter-thymeleaf/4.0.2/spring-boot-starter-thymeleaf-4.0.2.jar:/home/user/.m2/repository/org/springframework/boot/spring-boot-thymeleaf/4.0.2/spring-boot-thymeleaf-4.0.2.jar:/home/user/.m2/repository/org/springframework/spring-web/7.0.3/spring-web-7.0.3.jar:/home/user/.m2/repository/io/micrometer/micrometer-observation/1.16.2/micrometer-observation-1.16.2.jar:/home/user/.m2/repository/io/micrometer/micrometer-commons/1.16.2/micrometer-commons-1.16.2.jar:/home/user/.m2/repository/org/springframework/boot/spring-boot-starter-webmvc/4.0.2/spring-boot-starter-webmvc-4.0.2.jar:/home/user/.m2/repository/org/springframework/boot/spring-boot-starter-jackson/4.0.2/spring-boot-starter-jackson-4.0.2.jar:/home/user/.m2/repository/org/springframework/boot/spring-boot-jackson/4.0.2/spring-boot-jackson-4.0.2.jar:/home/user/.m2/repository/org/springframework/boot/spring-boot-starter-tomcat/4.0.2/spring-boot-starter-tomcat-4.0.2.jar:/home/user/.m2/repository/org/springframework/boot/spring-boot-starter-tomcat-runtime/4.0.2/spring-boot-starter-tomcat-runtime-4.0.2.jar:/home/user/.m2/repository/org/springframework/boot/spring-boot-web-server/4.0.2/spring-boot-web-server-4.0.2.jar:/home/user/.m2/repository/org/apache/tomcat/embed/tomcat-embed-core/11.0.15/tomcat-embed-core-11.0.15.jar:/home/user/.m2/repository/org/apache/tomcat/embed/tomcat-embed-el/11.0.15/tomcat-embed-el-11.0.15.jar:/home/user/.m2/repository/org/apache/tomcat/embed/tomcat-embed-websocket/11.0.15/tomcat-embed-websocket-11.0.15.jar:/home/user/.m2/repository/org/springframework/boot/spring-boot-tomcat/4.0.2/spring-boot-tomcat-4.0.2.jar:/home/user/.m2/repository/org/springframework/boot/spring-boot-http-converter/4.0.2/spring-boot-http-converter-4.0.2.jar:/home/user/.m2/repository/org/springframework/boot/spring-boot-webmvc/4.0.2/spring-boot-webmvc-4.0.2.jar:/home/user/.m2/repository/org/springframework/boot/spring-boot-servlet/4.0.2/spring-boot-servlet-4.0.2.jar:/home/user/.m2/repository/org/springframework/spring-webmvc/7.0.3/spring-webmvc-7.0.3.jar:/home/user/.m2/repository/org/thymeleaf/extras/thymeleaf-extras-springsecurity6/3.1.3.RELEASE/thymeleaf-extras-springsecurity6-3.1.3.RELEASE.jar:/home/user/.m2/repository/org/thymeleaf/thymeleaf-spring6/3.1.3.RELEASE/thymeleaf-spring6-3.1.3.RELEASE.jar:/home/user/.m2/repository/org/thymeleaf/thymeleaf/3.1.3.RELEASE/thymeleaf-3.1.3.RELEASE.jar:/home/user/.m2/repository/org/attoparser/attoparser/2.0.7.RELEASE/attoparser-2.0.7.RELEASE.jar:/home/user/.m2/repository/org/unbescape/unbescape/1.1.6.RELEASE/unbescape-1.1.6.RELEASE.jar:/home/user/.m2/repository/org/slf4j/slf4j-api/2.0.17/slf4j-api-2.0.17.jar:/home/user/.m2/repository/org/springframework/boot/spring-boot-devtools/4.0.2/spring-boot-devtools-4.0.2.jar:/home/user/.m2/repository/org/springframework/boot/spring-boot/4.0.2/spring-boot-4.0.2.jar:/home/user/.m2/repository/org/springframework/spring-context/7.0.3/spring-context-7.0.3.jar:/home/user/.m2/repository/org/springframework/boot/spring-boot-autoconfigure/4.0.2/spring-boot-autoconfigure-4.0.2.jar:/home/user/.m2/repository/org/springframework/boot/spring-boot-docker-compose/4.0.2/spring-boot-docker-compose-4.0.2.jar:/home/user/.m2/repository/tools/jackson/core/jackson-databind/3.0.4/jackson-databind-3.0.4.jar:/home/user/.m2/repository/com/fasterxml/jackson/core/jackson-annotations/2.20/jackson-annotations-2.20.jar:/home/user/.m2/repository/tools/jackson/core/jackson-core/3.0.4/jackson-core-3.0.4.jar:/home/user/.m2/repository/org/postgresql/postgresql/42.7.9/postgresql-42.7.9.jar:/home/user/.m2/repository/org/checkerframework/checker-qual/3.52.0/checker-qual-3.52.0.jar:/home/user/.m2/repository/org/springframework/boot/spring-boot-starter-test/4.0.2/spring-boot-starter-test-4.0.2.jar:/home/user/.m2/repository/org/springframework/boot/spring-boot-test-autoconfigure/4.0.2/spring-boot-test-autoconfigure-4.0.2.jar:/home/user/.m2/repository/com/jayway/jsonpath/json-path/2.10.0/json-path-2.10.0.jar:/home/user/.m2/repository/jakarta/xml/bind/jakarta.xml.bind-api/4.0.4/jakarta.xml.bind-api-4.0.4.jar:/home/user/.m2/repository/jakarta/activation/jakarta.activation-api/2.1.4/jakarta.activation-api-2.1.4.jar:/home/user/.m2/repository/net/minidev/json-smart/2.6.0/json-smart-2.6.0.jar:/home/user/.m2/repository/net/minidev/accessors-smart/2.6.0/accessors-smart-2.6.0.jar:/home/user/.m2/repository/org/ow2/asm/asm/9.7.1/asm-9.7.1.jar:/home/user/.m2/repository/org/assertj/assertj-core/3.27.6/assertj-core-3.27.6.jar:/home/user/.m2/repository/net/bytebuddy/byte-buddy/1.17.8/byte-buddy-1.17.8.jar:/home/user/.m2/repository/org/awaitility/awaitility/4.3.0/awaitility-4.3.0.jar:/home/user/.m2/repository/org/hamcrest/hamcrest/3.0/hamcrest-3.0.jar:/home/user/.m2/repository/org/junit/jupiter/junit-jupiter/6.0.2/junit-jupiter-6.0.2.jar:/home/user/.m2/repository/org/junit/jupiter/junit-jupiter-api/6.0.2/junit-jupiter-api-6.0.2.jar:/home/user/.m2/repository/org/opentest4j/opentest4j/1.3.0/opentest4j-1.3.0.jar:/home/user/.m2/repository/org/junit/platform/junit-platform-commons/6.0.2/junit-platform-commons-6.0.2.jar:/home/user/.m2/repository/org/apiguardian/apiguardian-api/1.1.2/apiguardian-api-1.1.2.jar:/home/user/.m2/repository/org/junit/jupiter/junit-jupiter-params/6.0.2/junit-jupiter-params-6.0.2.jar:/home/user/.m2/repository/org/junit/jupiter/junit-jupiter-engine/6.0.2/junit-jupiter-engine-6.0.2.jar:/home/user/.m2/repository/org/junit/platform/junit-platform-engine/6.0.2/junit-platform-engine-6.0.2.jar:/home/user/.m2/repository/org/mockito/mockito-core/5.20.0/mockito-core-5.20.0.jar:/home/user/.m2/repository/net/bytebuddy/byte-buddy-agent/1.17.8/byte-buddy-agent-1.17.8.jar:/home/user/.m2/repository/org/objenesis/objenesis/3.3/objenesis-3.3.jar:/home/user/.m2/repository/org/mockito/mockito-junit-jupiter/5.20.0/mockito-junit-jupiter-5.20.0.jar:/home/user/.m2/repository/org/skyscreamer/jsonassert/1.5.3/jsonassert-1.5.3.jar:/home/user/.m2/repository/com/vaadin/external/google/android-json/0.0.20131108.vaadin1/android-json-0.0.20131108.vaadin1.jar:/home/user/.m2/repository/org/springframework/spring-core/7.0.3/spring-core-7.0.3.jar:/home/user/.m2/repository/commons-logging/commons-logging/1.3.5/commons-logging-1.3.5.jar:/home/user/.m2/repository/org/jspecify/jspecify/1.0.0/jspecify-1.0.0.jar:/home/user/.m2/repository/org/springframework/spring-test/7.0.3/spring-test-7.0.3.jar:/home/user/.m2/repository/org/xmlunit/xmlunit-core/2.10.4/xmlunit-core-2.10.4.jar:/home/user/.m2/repository/org/springframework/boot/spring-boot-test/4.0.2/spring-boot-test-4.0.2.jar:/home/user/.m2/repository/org/projectlombok/lombok/1.18.42/lombok-1.18.42.jar:/home/user/.m2/repository/io/jsonwebtoken/jjwt-api/0.12.5/jjwt-api-0.12.5.jar:/home/user/.m2/repository/io/jsonwebtoken/jjwt-impl/0.12.5/jjwt-impl-0.12.5.jar:/home/user/.m2/repository/io/jsonwebtoken/jjwt-jackson/0.12.5/jjwt-jackson-0.12.5.jar:/home/user/.m2/repository/com/fasterxml/jackson/core/jackson-databind/2.20.2/jackson-databind-2.20.2.jar:/home/user/.m2/repository/com/fasterxml/jackson/core/jackson-core/2.20.2/jackson-core-2.20.2.jar: -sourcepath /home/user/Projects/cse-3219/assignment1/src/test/java: -s /home/user/Projects/cse-3219/assignment1/target/generated-test-sources/test-annotations -g -parameters --release 17 -encoding UTF-8 -XDuseUnsharedTable=true
[DEBUG] incrementalBuildHelper#beforeRebuildExecution
[INFO] Compiling 5 source files with javac [debug parameters release 17] to target/test-classes
[DEBUG] incrementalBuildHelper#afterRebuildExecution
[DEBUG] Adding /home/user/Projects/cse-3219/assignment1/target/generated-test-sources/test-annotations to the project test-compile source roots but NOT the actual test-compile source roots:
  /home/user/Projects/cse-3219/assignment1/src/test/java
[INFO] 
[INFO] --- surefire:3.5.4:test (default-test) @ assignment1 ---
[DEBUG] Dependency collection stats {ConflictMarker.analyzeTime=65109, ConflictMarker.markTime=12535, ConflictMarker.nodeCount=25, ConflictIdSorter.graphTime=20652, ConflictIdSorter.topsortTime=13721, ConflictIdSorter.conflictIdCount=15, ConflictIdSorter.conflictIdCycleCount=0, ConflictResolver.totalTime=151230, ConflictResolver.conflictItemCount=25, DfDependencyCollector.collectTime=28317477, DfDependencyCollector.transformTime=277642}
[DEBUG] org.apache.maven.plugins:maven-surefire-plugin:jar:3.5.4
[DEBUG]    org.apache.maven.surefire:surefire-api:jar:3.5.4:compile
[DEBUG]       org.apache.maven.surefire:surefire-logger-api:jar:3.5.4:compile
[DEBUG]       org.apache.maven.surefire:surefire-shared-utils:jar:3.5.4:compile (version managed from default)
[DEBUG]    org.apache.maven.surefire:surefire-extensions-api:jar:3.5.4:compile
[DEBUG]    org.apache.maven.surefire:maven-surefire-common:jar:3.5.4:compile
[DEBUG]       org.apache.maven.surefire:surefire-booter:jar:3.5.4:compile
[DEBUG]          org.apache.maven.surefire:surefire-extensions-spi:jar:3.5.4:compile
[DEBUG]       org.apache.maven.resolver:maven-resolver-util:jar:1.4.1:compile
[DEBUG]          org.apache.maven.resolver:maven-resolver-api:jar:1.4.1:compile
[DEBUG]       org.apache.maven.shared:maven-common-artifact-filters:jar:3.4.0:compile (version managed from default)
[DEBUG]          org.slf4j:slf4j-api:jar:1.7.36:compile (version managed from default)
[DEBUG]       org.codehaus.plexus:plexus-java:jar:1.5.0:compile (version managed from default)
[DEBUG]          org.ow2.asm:asm:jar:9.8:compile
[DEBUG]          com.thoughtworks.qdox:qdox:jar:2.2.0:compile
[DEBUG] Created new class realm plugin>org.apache.maven.plugins:maven-surefire-plugin:3.5.4
[DEBUG] Importing foreign packages into class realm plugin>org.apache.maven.plugins:maven-surefire-plugin:3.5.4
[DEBUG]   Imported:  < maven.api
[DEBUG] Populating class realm plugin>org.apache.maven.plugins:maven-surefire-plugin:3.5.4
[DEBUG]   Included: org.apache.maven.plugins:maven-surefire-plugin:jar:3.5.4
[DEBUG]   Included: org.apache.maven.surefire:surefire-api:jar:3.5.4
[DEBUG]   Included: org.apache.maven.surefire:surefire-logger-api:jar:3.5.4
[DEBUG]   Included: org.apache.maven.surefire:surefire-shared-utils:jar:3.5.4
[DEBUG]   Included: org.apache.maven.surefire:surefire-extensions-api:jar:3.5.4
[DEBUG]   Included: org.apache.maven.surefire:maven-surefire-common:jar:3.5.4
[DEBUG]   Included: org.apache.maven.surefire:surefire-booter:jar:3.5.4
[DEBUG]   Included: org.apache.maven.surefire:surefire-extensions-spi:jar:3.5.4
[DEBUG]   Included: org.apache.maven.shared:maven-common-artifact-filters:jar:3.4.0
[DEBUG]   Included: org.codehaus.plexus:plexus-java:jar:1.5.0
[DEBUG]   Included: org.ow2.asm:asm:jar:9.8
[DEBUG]   Included: com.thoughtworks.qdox:qdox:jar:2.2.0
[DEBUG] Loading mojo org.apache.maven.plugins:maven-surefire-plugin:3.5.4:test from plugin realm ClassRealm[plugin>org.apache.maven.plugins:maven-surefire-plugin:3.5.4, parent: jdk.internal.loader.ClassLoaders$AppClassLoader@5ffd2b27]
[DEBUG] Configuring mojo execution 'org.apache.maven.plugins:maven-surefire-plugin:3.5.4:test:default-test' with basic configurator -->
[DEBUG]   (f) additionalClasspathDependencies = []
[DEBUG]   (s) additionalClasspathElements = []
[DEBUG]   (s) basedir = /home/user/Projects/cse-3219/assignment1
[DEBUG]   (s) childDelegation = false
[DEBUG]   (f) classesDirectory = /home/user/Projects/cse-3219/assignment1/target/classes
[DEBUG]   (s) classpathDependencyExcludes = []
[DEBUG]   (s) dependenciesToScan = []
[DEBUG]   (s) enableAssertions = true
[DEBUG]   (s) enableOutErrElements = true
[DEBUG]   (s) enablePropertiesElement = true
[DEBUG]   (s) encoding = UTF-8
[DEBUG]   (s) excludeJUnit5Engines = []
[DEBUG]   (f) excludedEnvironmentVariables = []
[DEBUG]   (s) excludes = []
[DEBUG]   (s) failIfNoSpecifiedTests = true
[DEBUG]   (s) failIfNoTests = false
[DEBUG]   (s) failOnFlakeCount = 0
[DEBUG]   (f) forkCount = 1
[DEBUG]   (s) forkedProcessExitTimeoutInSeconds = 30
[DEBUG]   (s) includeJUnit5Engines = []
[DEBUG]   (s) includes = []
[DEBUG]   (s) junitArtifactName = junit:junit
[DEBUG]   (f) parallelMavenExecution = false
[DEBUG]   (s) parallelOptimized = true
[DEBUG]   (s) perCoreThreadCount = true
[DEBUG]   (s) pluginArtifactMap = {org.apache.maven.plugins:maven-surefire-plugin=org.apache.maven.plugins:maven-surefire-plugin:maven-plugin:3.5.4:, org.apache.maven.surefire:surefire-api=org.apache.maven.surefire:surefire-api:jar:3.5.4:compile, org.apache.maven.surefire:surefire-logger-api=org.apache.maven.surefire:surefire-logger-api:jar:3.5.4:compile, org.apache.maven.surefire:surefire-shared-utils=org.apache.maven.surefire:surefire-shared-utils:jar:3.5.4:compile, org.apache.maven.surefire:surefire-extensions-api=org.apache.maven.surefire:surefire-extensions-api:jar:3.5.4:compile, org.apache.maven.surefire:maven-surefire-common=org.apache.maven.surefire:maven-surefire-common:jar:3.5.4:compile, org.apache.maven.surefire:surefire-booter=org.apache.maven.surefire:surefire-booter:jar:3.5.4:compile, org.apache.maven.surefire:surefire-extensions-spi=org.apache.maven.surefire:surefire-extensions-spi:jar:3.5.4:compile, org.apache.maven.resolver:maven-resolver-util=org.apache.maven.resolver:maven-resolver-util:jar:1.4.1:compile, org.apache.maven.resolver:maven-resolver-api=org.apache.maven.resolver:maven-resolver-api:jar:1.4.1:compile, org.apache.maven.shared:maven-common-artifact-filters=org.apache.maven.shared:maven-common-artifact-filters:jar:3.4.0:compile, org.slf4j:slf4j-api=org.slf4j:slf4j-api:jar:1.7.36:compile, org.codehaus.plexus:plexus-java=org.codehaus.plexus:plexus-java:jar:1.5.0:compile, org.ow2.asm:asm=org.ow2.asm:asm:jar:9.8:compile, com.thoughtworks.qdox:qdox=com.thoughtworks.qdox:qdox:jar:2.2.0:compile}
[DEBUG]   (f) pluginDescriptor = Component Descriptor: role: 'org.apache.maven.plugin.Mojo', implementation: 'org.apache.maven.plugins.maven_surefire_plugin.HelpMojo', role hint: 'org.apache.maven.plugins:maven-surefire-plugin:3.5.4:help'
role: 'org.apache.maven.plugin.Mojo', implementation: 'org.apache.maven.plugin.surefire.SurefireMojo', role hint: 'org.apache.maven.plugins:maven-surefire-plugin:3.5.4:test'
---
[DEBUG]   (s) printSummary = true
[DEBUG]   (s) project = MavenProject: com.example:assignment1:0.0.1-SNAPSHOT @ /home/user/Projects/cse-3219/assignment1/pom.xml
[DEBUG]   (s) projectArtifactMap = {org.springframework.boot:spring-boot-starter-data-jpa=org.springframework.boot:spring-boot-starter-data-jpa:jar:4.0.2:compile, org.springframework.boot:spring-boot-starter=org.springframework.boot:spring-boot-starter:jar:4.0.2:compile, org.springframework.boot:spring-boot-starter-logging=org.springframework.boot:spring-boot-starter-logging:jar:4.0.2:compile, ch.qos.logback:logback-classic=ch.qos.logback:logback-classic:jar:1.5.25:compile, ch.qos.logback:logback-core=ch.qos.logback:logback-core:jar:1.5.25:compile, org.apache.logging.log4j:log4j-to-slf4j=org.apache.logging.log4j:log4j-to-slf4j:jar:2.25.3:compile, org.apache.logging.log4j:log4j-api=org.apache.logging.log4j:log4j-api:jar:2.25.3:compile, org.slf4j:jul-to-slf4j=org.slf4j:jul-to-slf4j:jar:2.0.17:compile, jakarta.annotation:jakarta.annotation-api=jakarta.annotation:jakarta.annotation-api:jar:3.0.0:compile, org.yaml:snakeyaml=org.yaml:snakeyaml:jar:2.5:compile, org.springframework.boot:spring-boot-starter-jdbc=org.springframework.boot:spring-boot-starter-jdbc:jar:4.0.2:compile, com.zaxxer:HikariCP=com.zaxxer:HikariCP:jar:7.0.2:compile, org.springframework.boot:spring-boot-data-jpa=org.springframework.boot:spring-boot-data-jpa:jar:4.0.2:compile, org.springframework.boot:spring-boot-data-commons=org.springframework.boot:spring-boot-data-commons:jar:4.0.2:compile, org.springframework.boot:spring-boot-persistence=org.springframework.boot:spring-boot-persistence:jar:4.0.2:compile, org.springframework.data:spring-data-commons=org.springframework.data:spring-data-commons:jar:4.0.2:compile, org.springframework.boot:spring-boot-hibernate=org.springframework.boot:spring-boot-hibernate:jar:4.0.2:compile, org.springframework.boot:spring-boot-jpa=org.springframework.boot:spring-boot-jpa:jar:4.0.2:compile, jakarta.persistence:jakarta.persistence-api=jakarta.persistence:jakarta.persistence-api:jar:3.2.0:compile, org.hibernate.orm:hibernate-core=org.hibernate.orm:hibernate-core:jar:7.2.1.Final:compile, jakarta.transaction:jakarta.transaction-api=jakarta.transaction:jakarta.transaction-api:jar:2.0.1:compile, org.jboss.logging:jboss-logging=org.jboss.logging:jboss-logging:jar:3.6.1.Final:runtime, org.hibernate.models:hibernate-models=org.hibernate.models:hibernate-models:jar:1.0.1:runtime, com.fasterxml:classmate=com.fasterxml:classmate:jar:1.7.3:runtime, org.glassfish.jaxb:jaxb-runtime=org.glassfish.jaxb:jaxb-runtime:jar:4.0.6:runtime, org.glassfish.jaxb:jaxb-core=org.glassfish.jaxb:jaxb-core:jar:4.0.6:runtime, org.eclipse.angus:angus-activation=org.eclipse.angus:angus-activation:jar:2.0.3:runtime, org.glassfish.jaxb:txw2=org.glassfish.jaxb:txw2:jar:4.0.6:runtime, com.sun.istack:istack-commons-runtime=com.sun.istack:istack-commons-runtime:jar:4.1.2:runtime, jakarta.inject:jakarta.inject-api=jakarta.inject:jakarta.inject-api:jar:2.0.1:runtime, org.springframework:spring-orm=org.springframework:spring-orm:jar:7.0.3:compile, org.springframework.data:spring-data-jpa=org.springframework.data:spring-data-jpa:jar:4.0.2:compile, org.springframework:spring-tx=org.springframework:spring-tx:jar:7.0.3:compile, org.antlr:antlr4-runtime=org.antlr:antlr4-runtime:jar:4.13.2:compile, org.springframework:spring-aspects=org.springframework:spring-aspects:jar:7.0.3:compile, org.aspectj:aspectjweaver=org.aspectj:aspectjweaver:jar:1.9.25.1:compile, org.springframework.boot:spring-boot-jdbc=org.springframework.boot:spring-boot-jdbc:jar:4.0.2:compile, org.springframework.boot:spring-boot-sql=org.springframework.boot:spring-boot-sql:jar:4.0.2:compile, org.springframework.boot:spring-boot-transaction=org.springframework.boot:spring-boot-transaction:jar:4.0.2:compile, org.springframework:spring-jdbc=org.springframework:spring-jdbc:jar:7.0.3:compile, com.h2database:h2=com.h2database:h2:jar:2.4.240:test, org.springframework.boot:spring-boot-starter-security=org.springframework.boot:spring-boot-starter-security:jar:4.0.2:compile, org.springframework.boot:spring-boot-security=org.springframework.boot:spring-boot-security:jar:4.0.2:compile, org.springframework.security:spring-security-config=org.springframework.security:spring-security-config:jar:7.0.2:compile, org.springframework.security:spring-security-core=org.springframework.security:spring-security-core:jar:7.0.2:compile, org.springframework.security:spring-security-crypto=org.springframework.security:spring-security-crypto:jar:7.0.2:compile, org.springframework.security:spring-security-web=org.springframework.security:spring-security-web:jar:7.0.2:compile, org.springframework:spring-expression=org.springframework:spring-expression:jar:7.0.3:compile, org.springframework:spring-aop=org.springframework:spring-aop:jar:7.0.3:compile, org.springframework:spring-beans=org.springframework:spring-beans:jar:7.0.3:compile, org.springframework.boot:spring-boot-starter-thymeleaf=org.springframework.boot:spring-boot-starter-thymeleaf:jar:4.0.2:compile, org.springframework.boot:spring-boot-thymeleaf=org.springframework.boot:spring-boot-thymeleaf:jar:4.0.2:compile, org.springframework:spring-web=org.springframework:spring-web:jar:7.0.3:compile, io.micrometer:micrometer-observation=io.micrometer:micrometer-observation:jar:1.16.2:compile, io.micrometer:micrometer-commons=io.micrometer:micrometer-commons:jar:1.16.2:compile, org.springframework.boot:spring-boot-starter-webmvc=org.springframework.boot:spring-boot-starter-webmvc:jar:4.0.2:compile, org.springframework.boot:spring-boot-starter-jackson=org.springframework.boot:spring-boot-starter-jackson:jar:4.0.2:compile, org.springframework.boot:spring-boot-jackson=org.springframework.boot:spring-boot-jackson:jar:4.0.2:compile, org.springframework.boot:spring-boot-starter-tomcat=org.springframework.boot:spring-boot-starter-tomcat:jar:4.0.2:compile, org.springframework.boot:spring-boot-starter-tomcat-runtime=org.springframework.boot:spring-boot-starter-tomcat-runtime:jar:4.0.2:compile, org.springframework.boot:spring-boot-web-server=org.springframework.boot:spring-boot-web-server:jar:4.0.2:compile, org.apache.tomcat.embed:tomcat-embed-core=org.apache.tomcat.embed:tomcat-embed-core:jar:11.0.15:compile, org.apache.tomcat.embed:tomcat-embed-el=org.apache.tomcat.embed:tomcat-embed-el:jar:11.0.15:compile, org.apache.tomcat.embed:tomcat-embed-websocket=org.apache.tomcat.embed:tomcat-embed-websocket:jar:11.0.15:compile, org.springframework.boot:spring-boot-tomcat=org.springframework.boot:spring-boot-tomcat:jar:4.0.2:compile, org.springframework.boot:spring-boot-http-converter=org.springframework.boot:spring-boot-http-converter:jar:4.0.2:compile, org.springframework.boot:spring-boot-webmvc=org.springframework.boot:spring-boot-webmvc:jar:4.0.2:compile, org.springframework.boot:spring-boot-servlet=org.springframework.boot:spring-boot-servlet:jar:4.0.2:compile, org.springframework:spring-webmvc=org.springframework:spring-webmvc:jar:7.0.3:compile, org.thymeleaf.extras:thymeleaf-extras-springsecurity6=org.thymeleaf.extras:thymeleaf-extras-springsecurity6:jar:3.1.3.RELEASE:compile, org.thymeleaf:thymeleaf-spring6=org.thymeleaf:thymeleaf-spring6:jar:3.1.3.RELEASE:compile, org.thymeleaf:thymeleaf=org.thymeleaf:thymeleaf:jar:3.1.3.RELEASE:compile, org.attoparser:attoparser=org.attoparser:attoparser:jar:2.0.7.RELEASE:compile, org.unbescape:unbescape=org.unbescape:unbescape:jar:1.1.6.RELEASE:compile, org.slf4j:slf4j-api=org.slf4j:slf4j-api:jar:2.0.17:compile, org.springframework.boot:spring-boot-devtools=org.springframework.boot:spring-boot-devtools:jar:4.0.2:runtime, org.springframework.boot:spring-boot=org.springframework.boot:spring-boot:jar:4.0.2:compile, org.springframework:spring-context=org.springframework:spring-context:jar:7.0.3:compile, org.springframework.boot:spring-boot-autoconfigure=org.springframework.boot:spring-boot-autoconfigure:jar:4.0.2:compile, org.springframework.boot:spring-boot-docker-compose=org.springframework.boot:spring-boot-docker-compose:jar:4.0.2:runtime, tools.jackson.core:jackson-databind=tools.jackson.core:jackson-databind:jar:3.0.4:compile, com.fasterxml.jackson.core:jackson-annotations=com.fasterxml.jackson.core:jackson-annotations:jar:2.20:compile, tools.jackson.core:jackson-core=tools.jackson.core:jackson-core:jar:3.0.4:compile, org.postgresql:postgresql=org.postgresql:postgresql:jar:42.7.9:runtime, org.checkerframework:checker-qual=org.checkerframework:checker-qual:jar:3.52.0:runtime, org.springframework.boot:spring-boot-starter-test=org.springframework.boot:spring-boot-starter-test:jar:4.0.2:test, org.springframework.boot:spring-boot-test-autoconfigure=org.springframework.boot:spring-boot-test-autoconfigure:jar:4.0.2:test, com.jayway.jsonpath:json-path=com.jayway.jsonpath:json-path:jar:2.10.0:test, jakarta.xml.bind:jakarta.xml.bind-api=jakarta.xml.bind:jakarta.xml.bind-api:jar:4.0.4:runtime, jakarta.activation:jakarta.activation-api=jakarta.activation:jakarta.activation-api:jar:2.1.4:runtime, net.minidev:json-smart=net.minidev:json-smart:jar:2.6.0:test, net.minidev:accessors-smart=net.minidev:accessors-smart:jar:2.6.0:test, org.ow2.asm:asm=org.ow2.asm:asm:jar:9.7.1:test, org.assertj:assertj-core=org.assertj:assertj-core:jar:3.27.6:test, net.bytebuddy:byte-buddy=net.bytebuddy:byte-buddy:jar:1.17.8:runtime, org.awaitility:awaitility=org.awaitility:awaitility:jar:4.3.0:test, org.hamcrest:hamcrest=org.hamcrest:hamcrest:jar:3.0:test, org.junit.jupiter:junit-jupiter=org.junit.jupiter:junit-jupiter:jar:6.0.2:test, org.junit.jupiter:junit-jupiter-api=org.junit.jupiter:junit-jupiter-api:jar:6.0.2:test, org.opentest4j:opentest4j=org.opentest4j:opentest4j:jar:1.3.0:test, org.junit.platform:junit-platform-commons=org.junit.platform:junit-platform-commons:jar:6.0.2:test, org.apiguardian:apiguardian-api=org.apiguardian:apiguardian-api:jar:1.1.2:test, org.junit.jupiter:junit-jupiter-params=org.junit.jupiter:junit-jupiter-params:jar:6.0.2:test, org.junit.jupiter:junit-jupiter-engine=org.junit.jupiter:junit-jupiter-engine:jar:6.0.2:test, org.junit.platform:junit-platform-engine=org.junit.platform:junit-platform-engine:jar:6.0.2:test, org.mockito:mockito-core=org.mockito:mockito-core:jar:5.20.0:test, net.bytebuddy:byte-buddy-agent=net.bytebuddy:byte-buddy-agent:jar:1.17.8:test, org.objenesis:objenesis=org.objenesis:objenesis:jar:3.3:test, org.mockito:mockito-junit-jupiter=org.mockito:mockito-junit-jupiter:jar:5.20.0:test, org.skyscreamer:jsonassert=org.skyscreamer:jsonassert:jar:1.5.3:test, com.vaadin.external.google:android-json=com.vaadin.external.google:android-json:jar:0.0.20131108.vaadin1:test, org.springframework:spring-core=org.springframework:spring-core:jar:7.0.3:compile, commons-logging:commons-logging=commons-logging:commons-logging:jar:1.3.5:compile, org.jspecify:jspecify=org.jspecify:jspecify:jar:1.0.0:compile, org.springframework:spring-test=org.springframework:spring-test:jar:7.0.3:test, org.xmlunit:xmlunit-core=org.xmlunit:xmlunit-core:jar:2.10.4:test, org.springframework.boot:spring-boot-test=org.springframework.boot:spring-boot-test:jar:4.0.2:test, org.projectlombok:lombok=org.projectlombok:lombok:jar:1.18.42:compile, io.jsonwebtoken:jjwt-api=io.jsonwebtoken:jjwt-api:jar:0.12.5:compile, io.jsonwebtoken:jjwt-impl=io.jsonwebtoken:jjwt-impl:jar:0.12.5:runtime, io.jsonwebtoken:jjwt-jackson=io.jsonwebtoken:jjwt-jackson:jar:0.12.5:runtime, com.fasterxml.jackson.core:jackson-databind=com.fasterxml.jackson.core:jackson-databind:jar:2.20.2:runtime, com.fasterxml.jackson.core:jackson-core=com.fasterxml.jackson.core:jackson-core:jar:2.20.2:runtime}
[DEBUG]   (s) projectBuildDirectory = /home/user/Projects/cse-3219/assignment1/target
[DEBUG]   (f) promoteUserPropertiesToSystemProperties = true
[DEBUG]   (s) redirectTestOutputToFile = false
[DEBUG]   (s) reportFormat = brief
[DEBUG]   (s) reportsDirectory = /home/user/Projects/cse-3219/assignment1/target/surefire-reports
[DEBUG]   (f) rerunFailingTestsCount = 0
[DEBUG]   (f) reuseForks = true
[DEBUG]   (s) runOrder = filesystem
[DEBUG]   (s) session = org.apache.maven.execution.MavenSession@59072e9d
[DEBUG]   (f) shutdown = exit
[DEBUG]   (s) skip = false
[DEBUG]   (f) skipAfterFailureCount = 0
[DEBUG]   (s) skipTests = false
[DEBUG]   (s) suiteXmlFiles = []
[DEBUG]   (s) tempDir = surefire
[DEBUG]   (s) testClassesDirectory = /home/user/Projects/cse-3219/assignment1/target/test-classes
[DEBUG]   (s) testFailureIgnore = false
[DEBUG]   (s) testNGArtifactName = org.testng:testng
[DEBUG]   (s) testSourceDirectory = /home/user/Projects/cse-3219/assignment1/src/test/java
[DEBUG]   (s) threadCountClasses = 0
[DEBUG]   (s) threadCountMethods = 0
[DEBUG]   (s) threadCountSuites = 0
[DEBUG]   (s) trimStackTrace = false
[DEBUG]   (s) useFile = true
[DEBUG]   (s) useManifestOnlyJar = true
[DEBUG]   (f) useModulePath = true
[DEBUG]   (s) useSystemClassLoader = true
[DEBUG]   (s) useUnlimitedThreads = false
[DEBUG]   (s) workingDirectory = /home/user/Projects/cse-3219/assignment1
[DEBUG] -- end configuration --
[DEBUG] Using JVM: /usr/lib/jvm/java-17-openjdk/bin/java with Java version 17.0
[DEBUG] Resolved included and excluded patterns: **/Test*.java, **/*Test.java, **/*Tests.java, **/*TestCase.java, !**/*$*
[DEBUG] Surefire report directory: /home/user/Projects/cse-3219/assignment1/target/surefire-reports
[INFO] Using auto detected provider org.apache.maven.surefire.junitplatform.JUnitPlatformProvider
[DEBUG] Using the provider org.apache.maven.surefire.junitplatform.JUnitPlatformProvider
[DEBUG] Setting system property [basedir]=[/home/user/Projects/cse-3219/assignment1]
[DEBUG] Setting system property [localRepository]=[/home/user/.m2/repository]
[DEBUG] Dependency collection stats {ConflictMarker.analyzeTime=33086, ConflictMarker.markTime=7591, ConflictMarker.nodeCount=9, ConflictIdSorter.graphTime=6673, ConflictIdSorter.topsortTime=8010, ConflictIdSorter.conflictIdCount=5, ConflictIdSorter.conflictIdCycleCount=0, ConflictResolver.totalTime=86720, ConflictResolver.conflictItemCount=8, DfDependencyCollector.collectTime=2932214, DfDependencyCollector.transformTime=153410}
[DEBUG] Found implementation of fork node factory: org.apache.maven.plugin.surefire.extensions.LegacyForkNodeFactory
[DEBUG] Using fork starter with configuration implementation org.apache.maven.plugin.surefire.booterclient.JarManifestForkConfiguration
[DEBUG] Dependency collection stats {ConflictMarker.analyzeTime=20819, ConflictMarker.markTime=10294, ConflictMarker.nodeCount=17, ConflictIdSorter.graphTime=11299, ConflictIdSorter.topsortTime=9396, ConflictIdSorter.conflictIdCount=10, ConflictIdSorter.conflictIdCycleCount=0, ConflictResolver.totalTime=104340, ConflictResolver.conflictItemCount=16, DfDependencyCollector.collectTime=7463612, DfDependencyCollector.transformTime=169740}
[DEBUG] Resolving artifact org.junit.platform:junit-platform-launcher:6.0.2
[DEBUG] Dependency collection stats {ConflictMarker.analyzeTime=14456, ConflictMarker.markTime=8347, ConflictMarker.nodeCount=11, ConflictIdSorter.graphTime=6283, ConflictIdSorter.topsortTime=7518, ConflictIdSorter.conflictIdCount=6, ConflictIdSorter.conflictIdCycleCount=0, ConflictResolver.totalTime=72166, ConflictResolver.conflictItemCount=10, DfDependencyCollector.collectTime=812904, DfDependencyCollector.transformTime=119656}
[DEBUG] Resolved artifact org.junit.platform:junit-platform-launcher:6.0.2 to [org.junit.platform:junit-platform-launcher:jar:6.0.2, org.junit.platform:junit-platform-engine:jar:6.0.2, org.opentest4j:opentest4j:jar:1.3.0, org.junit.platform:junit-platform-commons:jar:6.0.2, org.apiguardian:apiguardian-api:jar:1.1.2, org.jspecify:jspecify:jar:1.0.0]
[DEBUG] test classpath:  /home/user/Projects/cse-3219/assignment1/target/test-classes  /home/user/Projects/cse-3219/assignment1/target/classes  /home/user/.m2/repository/org/springframework/boot/spring-boot-starter-data-jpa/4.0.2/spring-boot-starter-data-jpa-4.0.2.jar  /home/user/.m2/repository/org/springframework/boot/spring-boot-starter/4.0.2/spring-boot-starter-4.0.2.jar  /home/user/.m2/repository/org/springframework/boot/spring-boot-starter-logging/4.0.2/spring-boot-starter-logging-4.0.2.jar  /home/user/.m2/repository/ch/qos/logback/logback-classic/1.5.25/logback-classic-1.5.25.jar  /home/user/.m2/repository/ch/qos/logback/logback-core/1.5.25/logback-core-1.5.25.jar  /home/user/.m2/repository/org/apache/logging/log4j/log4j-to-slf4j/2.25.3/log4j-to-slf4j-2.25.3.jar  /home/user/.m2/repository/org/apache/logging/log4j/log4j-api/2.25.3/log4j-api-2.25.3.jar  /home/user/.m2/repository/org/slf4j/jul-to-slf4j/2.0.17/jul-to-slf4j-2.0.17.jar  /home/user/.m2/repository/jakarta/annotation/jakarta.annotation-api/3.0.0/jakarta.annotation-api-3.0.0.jar  /home/user/.m2/repository/org/yaml/snakeyaml/2.5/snakeyaml-2.5.jar  /home/user/.m2/repository/org/springframework/boot/spring-boot-starter-jdbc/4.0.2/spring-boot-starter-jdbc-4.0.2.jar  /home/user/.m2/repository/com/zaxxer/HikariCP/7.0.2/HikariCP-7.0.2.jar  /home/user/.m2/repository/org/springframework/boot/spring-boot-data-jpa/4.0.2/spring-boot-data-jpa-4.0.2.jar  /home/user/.m2/repository/org/springframework/boot/spring-boot-data-commons/4.0.2/spring-boot-data-commons-4.0.2.jar  /home/user/.m2/repository/org/springframework/boot/spring-boot-persistence/4.0.2/spring-boot-persistence-4.0.2.jar  /home/user/.m2/repository/org/springframework/data/spring-data-commons/4.0.2/spring-data-commons-4.0.2.jar  /home/user/.m2/repository/org/springframework/boot/spring-boot-hibernate/4.0.2/spring-boot-hibernate-4.0.2.jar  /home/user/.m2/repository/org/springframework/boot/spring-boot-jpa/4.0.2/spring-boot-jpa-4.0.2.jar  /home/user/.m2/repository/jakarta/persistence/jakarta.persistence-api/3.2.0/jakarta.persistence-api-3.2.0.jar  /home/user/.m2/repository/org/hibernate/orm/hibernate-core/7.2.1.Final/hibernate-core-7.2.1.Final.jar  /home/user/.m2/repository/jakarta/transaction/jakarta.transaction-api/2.0.1/jakarta.transaction-api-2.0.1.jar  /home/user/.m2/repository/org/jboss/logging/jboss-logging/3.6.1.Final/jboss-logging-3.6.1.Final.jar  /home/user/.m2/repository/org/hibernate/models/hibernate-models/1.0.1/hibernate-models-1.0.1.jar  /home/user/.m2/repository/com/fasterxml/classmate/1.7.3/classmate-1.7.3.jar  /home/user/.m2/repository/org/glassfish/jaxb/jaxb-runtime/4.0.6/jaxb-runtime-4.0.6.jar  /home/user/.m2/repository/org/glassfish/jaxb/jaxb-core/4.0.6/jaxb-core-4.0.6.jar  /home/user/.m2/repository/org/eclipse/angus/angus-activation/2.0.3/angus-activation-2.0.3.jar  /home/user/.m2/repository/org/glassfish/jaxb/txw2/4.0.6/txw2-4.0.6.jar  /home/user/.m2/repository/com/sun/istack/istack-commons-runtime/4.1.2/istack-commons-runtime-4.1.2.jar  /home/user/.m2/repository/jakarta/inject/jakarta.inject-api/2.0.1/jakarta.inject-api-2.0.1.jar  /home/user/.m2/repository/org/springframework/spring-orm/7.0.3/spring-orm-7.0.3.jar  /home/user/.m2/repository/org/springframework/data/spring-data-jpa/4.0.2/spring-data-jpa-4.0.2.jar  /home/user/.m2/repository/org/springframework/spring-tx/7.0.3/spring-tx-7.0.3.jar  /home/user/.m2/repository/org/antlr/antlr4-runtime/4.13.2/antlr4-runtime-4.13.2.jar  /home/user/.m2/repository/org/springframework/spring-aspects/7.0.3/spring-aspects-7.0.3.jar  /home/user/.m2/repository/org/aspectj/aspectjweaver/1.9.25.1/aspectjweaver-1.9.25.1.jar  /home/user/.m2/repository/org/springframework/boot/spring-boot-jdbc/4.0.2/spring-boot-jdbc-4.0.2.jar  /home/user/.m2/repository/org/springframework/boot/spring-boot-sql/4.0.2/spring-boot-sql-4.0.2.jar  /home/user/.m2/repository/org/springframework/boot/spring-boot-transaction/4.0.2/spring-boot-transaction-4.0.2.jar  /home/user/.m2/repository/org/springframework/spring-jdbc/7.0.3/spring-jdbc-7.0.3.jar  /home/user/.m2/repository/com/h2database/h2/2.4.240/h2-2.4.240.jar  /home/user/.m2/repository/org/springframework/boot/spring-boot-starter-security/4.0.2/spring-boot-starter-security-4.0.2.jar  /home/user/.m2/repository/org/springframework/boot/spring-boot-security/4.0.2/spring-boot-security-4.0.2.jar  /home/user/.m2/repository/org/springframework/security/spring-security-config/7.0.2/spring-security-config-7.0.2.jar  /home/user/.m2/repository/org/springframework/security/spring-security-core/7.0.2/spring-security-core-7.0.2.jar  /home/user/.m2/repository/org/springframework/security/spring-security-crypto/7.0.2/spring-security-crypto-7.0.2.jar  /home/user/.m2/repository/org/springframework/security/spring-security-web/7.0.2/spring-security-web-7.0.2.jar  /home/user/.m2/repository/org/springframework/spring-expression/7.0.3/spring-expression-7.0.3.jar  /home/user/.m2/repository/org/springframework/spring-aop/7.0.3/spring-aop-7.0.3.jar  /home/user/.m2/repository/org/springframework/spring-beans/7.0.3/spring-beans-7.0.3.jar  /home/user/.m2/repository/org/springframework/boot/spring-boot-starter-thymeleaf/4.0.2/spring-boot-starter-thymeleaf-4.0.2.jar  /home/user/.m2/repository/org/springframework/boot/spring-boot-thymeleaf/4.0.2/spring-boot-thymeleaf-4.0.2.jar  /home/user/.m2/repository/org/springframework/spring-web/7.0.3/spring-web-7.0.3.jar  /home/user/.m2/repository/io/micrometer/micrometer-observation/1.16.2/micrometer-observation-1.16.2.jar  /home/user/.m2/repository/io/micrometer/micrometer-commons/1.16.2/micrometer-commons-1.16.2.jar  /home/user/.m2/repository/org/springframework/boot/spring-boot-starter-webmvc/4.0.2/spring-boot-starter-webmvc-4.0.2.jar  /home/user/.m2/repository/org/springframework/boot/spring-boot-starter-jackson/4.0.2/spring-boot-starter-jackson-4.0.2.jar  /home/user/.m2/repository/org/springframework/boot/spring-boot-jackson/4.0.2/spring-boot-jackson-4.0.2.jar  /home/user/.m2/repository/org/springframework/boot/spring-boot-starter-tomcat/4.0.2/spring-boot-starter-tomcat-4.0.2.jar  /home/user/.m2/repository/org/springframework/boot/spring-boot-starter-tomcat-runtime/4.0.2/spring-boot-starter-tomcat-runtime-4.0.2.jar  /home/user/.m2/repository/org/springframework/boot/spring-boot-web-server/4.0.2/spring-boot-web-server-4.0.2.jar  /home/user/.m2/repository/org/apache/tomcat/embed/tomcat-embed-core/11.0.15/tomcat-embed-core-11.0.15.jar  /home/user/.m2/repository/org/apache/tomcat/embed/tomcat-embed-el/11.0.15/tomcat-embed-el-11.0.15.jar  /home/user/.m2/repository/org/apache/tomcat/embed/tomcat-embed-websocket/11.0.15/tomcat-embed-websocket-11.0.15.jar  /home/user/.m2/repository/org/springframework/boot/spring-boot-tomcat/4.0.2/spring-boot-tomcat-4.0.2.jar  /home/user/.m2/repository/org/springframework/boot/spring-boot-http-converter/4.0.2/spring-boot-http-converter-4.0.2.jar  /home/user/.m2/repository/org/springframework/boot/spring-boot-webmvc/4.0.2/spring-boot-webmvc-4.0.2.jar  /home/user/.m2/repository/org/springframework/boot/spring-boot-servlet/4.0.2/spring-boot-servlet-4.0.2.jar  /home/user/.m2/repository/org/springframework/spring-webmvc/7.0.3/spring-webmvc-7.0.3.jar  /home/user/.m2/repository/org/thymeleaf/extras/thymeleaf-extras-springsecurity6/3.1.3.RELEASE/thymeleaf-extras-springsecurity6-3.1.3.RELEASE.jar  /home/user/.m2/repository/org/thymeleaf/thymeleaf-spring6/3.1.3.RELEASE/thymeleaf-spring6-3.1.3.RELEASE.jar  /home/user/.m2/repository/org/thymeleaf/thymeleaf/3.1.3.RELEASE/thymeleaf-3.1.3.RELEASE.jar  /home/user/.m2/repository/org/attoparser/attoparser/2.0.7.RELEASE/attoparser-2.0.7.RELEASE.jar  /home/user/.m2/repository/org/unbescape/unbescape/1.1.6.RELEASE/unbescape-1.1.6.RELEASE.jar  /home/user/.m2/repository/org/slf4j/slf4j-api/2.0.17/slf4j-api-2.0.17.jar  /home/user/.m2/repository/org/springframework/boot/spring-boot-devtools/4.0.2/spring-boot-devtools-4.0.2.jar  /home/user/.m2/repository/org/springframework/boot/spring-boot/4.0.2/spring-boot-4.0.2.jar  /home/user/.m2/repository/org/springframework/spring-context/7.0.3/spring-context-7.0.3.jar  /home/user/.m2/repository/org/springframework/boot/spring-boot-autoconfigure/4.0.2/spring-boot-autoconfigure-4.0.2.jar  /home/user/.m2/repository/org/springframework/boot/spring-boot-docker-compose/4.0.2/spring-boot-docker-compose-4.0.2.jar  /home/user/.m2/repository/tools/jackson/core/jackson-databind/3.0.4/jackson-databind-3.0.4.jar  /home/user/.m2/repository/com/fasterxml/jackson/core/jackson-annotations/2.20/jackson-annotations-2.20.jar  /home/user/.m2/repository/tools/jackson/core/jackson-core/3.0.4/jackson-core-3.0.4.jar  /home/user/.m2/repository/org/postgresql/postgresql/42.7.9/postgresql-42.7.9.jar  /home/user/.m2/repository/org/checkerframework/checker-qual/3.52.0/checker-qual-3.52.0.jar  /home/user/.m2/repository/org/springframework/boot/spring-boot-starter-test/4.0.2/spring-boot-starter-test-4.0.2.jar  /home/user/.m2/repository/org/springframework/boot/spring-boot-test-autoconfigure/4.0.2/spring-boot-test-autoconfigure-4.0.2.jar  /home/user/.m2/repository/com/jayway/jsonpath/json-path/2.10.0/json-path-2.10.0.jar  /home/user/.m2/repository/jakarta/xml/bind/jakarta.xml.bind-api/4.0.4/jakarta.xml.bind-api-4.0.4.jar  /home/user/.m2/repository/jakarta/activation/jakarta.activation-api/2.1.4/jakarta.activation-api-2.1.4.jar  /home/user/.m2/repository/net/minidev/json-smart/2.6.0/json-smart-2.6.0.jar  /home/user/.m2/repository/net/minidev/accessors-smart/2.6.0/accessors-smart-2.6.0.jar  /home/user/.m2/repository/org/ow2/asm/asm/9.7.1/asm-9.7.1.jar  /home/user/.m2/repository/org/assertj/assertj-core/3.27.6/assertj-core-3.27.6.jar  /home/user/.m2/repository/net/bytebuddy/byte-buddy/1.17.8/byte-buddy-1.17.8.jar  /home/user/.m2/repository/org/awaitility/awaitility/4.3.0/awaitility-4.3.0.jar  /home/user/.m2/repository/org/hamcrest/hamcrest/3.0/hamcrest-3.0.jar  /home/user/.m2/repository/org/junit/jupiter/junit-jupiter/6.0.2/junit-jupiter-6.0.2.jar  /home/user/.m2/repository/org/junit/jupiter/junit-jupiter-api/6.0.2/junit-jupiter-api-6.0.2.jar  /home/user/.m2/repository/org/opentest4j/opentest4j/1.3.0/opentest4j-1.3.0.jar  /home/user/.m2/repository/org/junit/platform/junit-platform-commons/6.0.2/junit-platform-commons-6.0.2.jar  /home/user/.m2/repository/org/apiguardian/apiguardian-api/1.1.2/apiguardian-api-1.1.2.jar  /home/user/.m2/repository/org/junit/jupiter/junit-jupiter-params/6.0.2/junit-jupiter-params-6.0.2.jar  /home/user/.m2/repository/org/junit/jupiter/junit-jupiter-engine/6.0.2/junit-jupiter-engine-6.0.2.jar  /home/user/.m2/repository/org/junit/platform/junit-platform-engine/6.0.2/junit-platform-engine-6.0.2.jar  /home/user/.m2/repository/org/mockito/mockito-core/5.20.0/mockito-core-5.20.0.jar  /home/user/.m2/repository/net/bytebuddy/byte-buddy-agent/1.17.8/byte-buddy-agent-1.17.8.jar  /home/user/.m2/repository/org/objenesis/objenesis/3.3/objenesis-3.3.jar  /home/user/.m2/repository/org/mockito/mockito-junit-jupiter/5.20.0/mockito-junit-jupiter-5.20.0.jar  /home/user/.m2/repository/org/skyscreamer/jsonassert/1.5.3/jsonassert-1.5.3.jar  /home/user/.m2/repository/com/vaadin/external/google/android-json/0.0.20131108.vaadin1/android-json-0.0.20131108.vaadin1.jar  /home/user/.m2/repository/org/springframework/spring-core/7.0.3/spring-core-7.0.3.jar  /home/user/.m2/repository/commons-logging/commons-logging/1.3.5/commons-logging-1.3.5.jar  /home/user/.m2/repository/org/jspecify/jspecify/1.0.0/jspecify-1.0.0.jar  /home/user/.m2/repository/org/springframework/spring-test/7.0.3/spring-test-7.0.3.jar  /home/user/.m2/repository/org/xmlunit/xmlunit-core/2.10.4/xmlunit-core-2.10.4.jar  /home/user/.m2/repository/org/springframework/boot/spring-boot-test/4.0.2/spring-boot-test-4.0.2.jar  /home/user/.m2/repository/org/projectlombok/lombok/1.18.42/lombok-1.18.42.jar  /home/user/.m2/repository/io/jsonwebtoken/jjwt-api/0.12.5/jjwt-api-0.12.5.jar  /home/user/.m2/repository/io/jsonwebtoken/jjwt-impl/0.12.5/jjwt-impl-0.12.5.jar  /home/user/.m2/repository/io/jsonwebtoken/jjwt-jackson/0.12.5/jjwt-jackson-0.12.5.jar  /home/user/.m2/repository/com/fasterxml/jackson/core/jackson-databind/2.20.2/jackson-databind-2.20.2.jar  /home/user/.m2/repository/com/fasterxml/jackson/core/jackson-core/2.20.2/jackson-core-2.20.2.jar
[DEBUG] provider classpath:  /home/user/.m2/repository/org/apache/maven/surefire/surefire-junit-platform/3.5.4/surefire-junit-platform-3.5.4.jar  /home/user/.m2/repository/org/apache/maven/surefire/surefire-api/3.5.4/surefire-api-3.5.4.jar  /home/user/.m2/repository/org/apache/maven/surefire/surefire-logger-api/3.5.4/surefire-logger-api-3.5.4.jar  /home/user/.m2/repository/org/apache/maven/surefire/surefire-shared-utils/3.5.4/surefire-shared-utils-3.5.4.jar  /home/user/.m2/repository/org/apache/maven/surefire/common-java5/3.5.4/common-java5-3.5.4.jar  /home/user/.m2/repository/org/junit/platform/junit-platform-launcher/6.0.2/junit-platform-launcher-6.0.2.jar
[DEBUG] test(compact) classpath:  test-classes  classes  spring-boot-starter-data-jpa-4.0.2.jar  spring-boot-starter-4.0.2.jar  spring-boot-starter-logging-4.0.2.jar  logback-classic-1.5.25.jar  logback-core-1.5.25.jar  log4j-to-slf4j-2.25.3.jar  log4j-api-2.25.3.jar  jul-to-slf4j-2.0.17.jar  jakarta.annotation-api-3.0.0.jar  snakeyaml-2.5.jar  spring-boot-starter-jdbc-4.0.2.jar  HikariCP-7.0.2.jar  spring-boot-data-jpa-4.0.2.jar  spring-boot-data-commons-4.0.2.jar  spring-boot-persistence-4.0.2.jar  spring-data-commons-4.0.2.jar  spring-boot-hibernate-4.0.2.jar  spring-boot-jpa-4.0.2.jar  jakarta.persistence-api-3.2.0.jar  hibernate-core-7.2.1.Final.jar  jakarta.transaction-api-2.0.1.jar  jboss-logging-3.6.1.Final.jar  hibernate-models-1.0.1.jar  classmate-1.7.3.jar  jaxb-runtime-4.0.6.jar  jaxb-core-4.0.6.jar  angus-activation-2.0.3.jar  txw2-4.0.6.jar  istack-commons-runtime-4.1.2.jar  jakarta.inject-api-2.0.1.jar  spring-orm-7.0.3.jar  spring-data-jpa-4.0.2.jar  spring-tx-7.0.3.jar  antlr4-runtime-4.13.2.jar  spring-aspects-7.0.3.jar  aspectjweaver-1.9.25.1.jar  spring-boot-jdbc-4.0.2.jar  spring-boot-sql-4.0.2.jar  spring-boot-transaction-4.0.2.jar  spring-jdbc-7.0.3.jar  h2-2.4.240.jar  spring-boot-starter-security-4.0.2.jar  spring-boot-security-4.0.2.jar  spring-security-config-7.0.2.jar  spring-security-core-7.0.2.jar  spring-security-crypto-7.0.2.jar  spring-security-web-7.0.2.jar  spring-expression-7.0.3.jar  spring-aop-7.0.3.jar  spring-beans-7.0.3.jar  spring-boot-starter-thymeleaf-4.0.2.jar  spring-boot-thymeleaf-4.0.2.jar  spring-web-7.0.3.jar  micrometer-observation-1.16.2.jar  micrometer-commons-1.16.2.jar  spring-boot-starter-webmvc-4.0.2.jar  spring-boot-starter-jackson-4.0.2.jar  spring-boot-jackson-4.0.2.jar  spring-boot-starter-tomcat-4.0.2.jar  spring-boot-starter-tomcat-runtime-4.0.2.jar  spring-boot-web-server-4.0.2.jar  tomcat-embed-core-11.0.15.jar  tomcat-embed-el-11.0.15.jar  tomcat-embed-websocket-11.0.15.jar  spring-boot-tomcat-4.0.2.jar  spring-boot-http-converter-4.0.2.jar  spring-boot-webmvc-4.0.2.jar  spring-boot-servlet-4.0.2.jar  spring-webmvc-7.0.3.jar  thymeleaf-extras-springsecurity6-3.1.3.RELEASE.jar  thymeleaf-spring6-3.1.3.RELEASE.jar  thymeleaf-3.1.3.RELEASE.jar  attoparser-2.0.7.RELEASE.jar  unbescape-1.1.6.RELEASE.jar  slf4j-api-2.0.17.jar  spring-boot-devtools-4.0.2.jar  spring-boot-4.0.2.jar  spring-context-7.0.3.jar  spring-boot-autoconfigure-4.0.2.jar  spring-boot-docker-compose-4.0.2.jar  jackson-databind-3.0.4.jar  jackson-annotations-2.20.jar  jackson-core-3.0.4.jar  postgresql-42.7.9.jar  checker-qual-3.52.0.jar  spring-boot-starter-test-4.0.2.jar  spring-boot-test-autoconfigure-4.0.2.jar  json-path-2.10.0.jar  jakarta.xml.bind-api-4.0.4.jar  jakarta.activation-api-2.1.4.jar  json-smart-2.6.0.jar  accessors-smart-2.6.0.jar  asm-9.7.1.jar  assertj-core-3.27.6.jar  byte-buddy-1.17.8.jar  awaitility-4.3.0.jar  hamcrest-3.0.jar  junit-jupiter-6.0.2.jar  junit-jupiter-api-6.0.2.jar  opentest4j-1.3.0.jar  junit-platform-commons-6.0.2.jar  apiguardian-api-1.1.2.jar  junit-jupiter-params-6.0.2.jar  junit-jupiter-engine-6.0.2.jar  junit-platform-engine-6.0.2.jar  mockito-core-5.20.0.jar  byte-buddy-agent-1.17.8.jar  objenesis-3.3.jar  mockito-junit-jupiter-5.20.0.jar  jsonassert-1.5.3.jar  android-json-0.0.20131108.vaadin1.jar  spring-core-7.0.3.jar  commons-logging-1.3.5.jar  jspecify-1.0.0.jar  spring-test-7.0.3.jar  xmlunit-core-2.10.4.jar  spring-boot-test-4.0.2.jar  lombok-1.18.42.jar  jjwt-api-0.12.5.jar  jjwt-impl-0.12.5.jar  jjwt-jackson-0.12.5.jar  jackson-databind-2.20.2.jar  jackson-core-2.20.2.jar
[DEBUG] provider(compact) classpath:  surefire-junit-platform-3.5.4.jar  surefire-api-3.5.4.jar  surefire-logger-api-3.5.4.jar  surefire-shared-utils-3.5.4.jar  common-java5-3.5.4.jar  junit-platform-launcher-6.0.2.jar
[DEBUG] in-process classpath:  /home/user/.m2/repository/org/apache/maven/surefire/surefire-junit-platform/3.5.4/surefire-junit-platform-3.5.4.jar  /home/user/.m2/repository/org/apache/maven/surefire/surefire-api/3.5.4/surefire-api-3.5.4.jar  /home/user/.m2/repository/org/apache/maven/surefire/surefire-logger-api/3.5.4/surefire-logger-api-3.5.4.jar  /home/user/.m2/repository/org/apache/maven/surefire/surefire-shared-utils/3.5.4/surefire-shared-utils-3.5.4.jar  /home/user/.m2/repository/org/apache/maven/surefire/common-java5/3.5.4/common-java5-3.5.4.jar  /home/user/.m2/repository/org/junit/platform/junit-platform-launcher/6.0.2/junit-platform-launcher-6.0.2.jar  /home/user/.m2/repository/org/apache/maven/surefire/maven-surefire-common/3.5.4/maven-surefire-common-3.5.4.jar  /home/user/.m2/repository/org/apache/maven/surefire/surefire-booter/3.5.4/surefire-booter-3.5.4.jar  /home/user/.m2/repository/org/apache/maven/surefire/surefire-extensions-api/3.5.4/surefire-extensions-api-3.5.4.jar  /home/user/.m2/repository/org/apache/maven/surefire/surefire-extensions-spi/3.5.4/surefire-extensions-spi-3.5.4.jar
[DEBUG] in-process(compact) classpath:  surefire-junit-platform-3.5.4.jar  surefire-api-3.5.4.jar  surefire-logger-api-3.5.4.jar  surefire-shared-utils-3.5.4.jar  common-java5-3.5.4.jar  junit-platform-launcher-6.0.2.jar  maven-surefire-common-3.5.4.jar  surefire-booter-3.5.4.jar  surefire-extensions-api-3.5.4.jar  surefire-extensions-spi-3.5.4.jar
[INFO] 
[INFO] -------------------------------------------------------
[INFO]  T E S T S
[INFO] -------------------------------------------------------
[DEBUG] Determined Maven Process ID 776687
[DEBUG] Fork Channel [1] connection string 'pipe://1' for the implementation class org.apache.maven.plugin.surefire.extensions.LegacyForkChannel
[DEBUG] boot classpath:  /home/user/.m2/repository/org/apache/maven/surefire/surefire-booter/3.5.4/surefire-booter-3.5.4.jar  /home/user/.m2/repository/org/apache/maven/surefire/surefire-api/3.5.4/surefire-api-3.5.4.jar  /home/user/.m2/repository/org/apache/maven/surefire/surefire-extensions-spi/3.5.4/surefire-extensions-spi-3.5.4.jar  /home/user/.m2/repository/org/apache/maven/surefire/surefire-shared-utils/3.5.4/surefire-shared-utils-3.5.4.jar  /home/user/.m2/repository/org/apache/maven/surefire/surefire-logger-api/3.5.4/surefire-logger-api-3.5.4.jar  /home/user/Projects/cse-3219/assignment1/target/test-classes  /home/user/Projects/cse-3219/assignment1/target/classes  /home/user/.m2/repository/org/springframework/boot/spring-boot-starter-data-jpa/4.0.2/spring-boot-starter-data-jpa-4.0.2.jar  /home/user/.m2/repository/org/springframework/boot/spring-boot-starter/4.0.2/spring-boot-starter-4.0.2.jar  /home/user/.m2/repository/org/springframework/boot/spring-boot-starter-logging/4.0.2/spring-boot-starter-logging-4.0.2.jar  /home/user/.m2/repository/ch/qos/logback/logback-classic/1.5.25/logback-classic-1.5.25.jar  /home/user/.m2/repository/ch/qos/logback/logback-core/1.5.25/logback-core-1.5.25.jar  /home/user/.m2/repository/org/apache/logging/log4j/log4j-to-slf4j/2.25.3/log4j-to-slf4j-2.25.3.jar  /home/user/.m2/repository/org/apache/logging/log4j/log4j-api/2.25.3/log4j-api-2.25.3.jar  /home/user/.m2/repository/org/slf4j/jul-to-slf4j/2.0.17/jul-to-slf4j-2.0.17.jar  /home/user/.m2/repository/jakarta/annotation/jakarta.annotation-api/3.0.0/jakarta.annotation-api-3.0.0.jar  /home/user/.m2/repository/org/yaml/snakeyaml/2.5/snakeyaml-2.5.jar  /home/user/.m2/repository/org/springframework/boot/spring-boot-starter-jdbc/4.0.2/spring-boot-starter-jdbc-4.0.2.jar  /home/user/.m2/repository/com/zaxxer/HikariCP/7.0.2/HikariCP-7.0.2.jar  /home/user/.m2/repository/org/springframework/boot/spring-boot-data-jpa/4.0.2/spring-boot-data-jpa-4.0.2.jar  /home/user/.m2/repository/org/springframework/boot/spring-boot-data-commons/4.0.2/spring-boot-data-commons-4.0.2.jar  /home/user/.m2/repository/org/springframework/boot/spring-boot-persistence/4.0.2/spring-boot-persistence-4.0.2.jar  /home/user/.m2/repository/org/springframework/data/spring-data-commons/4.0.2/spring-data-commons-4.0.2.jar  /home/user/.m2/repository/org/springframework/boot/spring-boot-hibernate/4.0.2/spring-boot-hibernate-4.0.2.jar  /home/user/.m2/repository/org/springframework/boot/spring-boot-jpa/4.0.2/spring-boot-jpa-4.0.2.jar  /home/user/.m2/repository/jakarta/persistence/jakarta.persistence-api/3.2.0/jakarta.persistence-api-3.2.0.jar  /home/user/.m2/repository/org/hibernate/orm/hibernate-core/7.2.1.Final/hibernate-core-7.2.1.Final.jar  /home/user/.m2/repository/jakarta/transaction/jakarta.transaction-api/2.0.1/jakarta.transaction-api-2.0.1.jar  /home/user/.m2/repository/org/jboss/logging/jboss-logging/3.6.1.Final/jboss-logging-3.6.1.Final.jar  /home/user/.m2/repository/org/hibernate/models/hibernate-models/1.0.1/hibernate-models-1.0.1.jar  /home/user/.m2/repository/com/fasterxml/classmate/1.7.3/classmate-1.7.3.jar  /home/user/.m2/repository/org/glassfish/jaxb/jaxb-runtime/4.0.6/jaxb-runtime-4.0.6.jar  /home/user/.m2/repository/org/glassfish/jaxb/jaxb-core/4.0.6/jaxb-core-4.0.6.jar  /home/user/.m2/repository/org/eclipse/angus/angus-activation/2.0.3/angus-activation-2.0.3.jar  /home/user/.m2/repository/org/glassfish/jaxb/txw2/4.0.6/txw2-4.0.6.jar  /home/user/.m2/repository/com/sun/istack/istack-commons-runtime/4.1.2/istack-commons-runtime-4.1.2.jar  /home/user/.m2/repository/jakarta/inject/jakarta.inject-api/2.0.1/jakarta.inject-api-2.0.1.jar  /home/user/.m2/repository/org/springframework/spring-orm/7.0.3/spring-orm-7.0.3.jar  /home/user/.m2/repository/org/springframework/data/spring-data-jpa/4.0.2/spring-data-jpa-4.0.2.jar  /home/user/.m2/repository/org/springframework/spring-tx/7.0.3/spring-tx-7.0.3.jar  /home/user/.m2/repository/org/antlr/antlr4-runtime/4.13.2/antlr4-runtime-4.13.2.jar  /home/user/.m2/repository/org/springframework/spring-aspects/7.0.3/spring-aspects-7.0.3.jar  /home/user/.m2/repository/org/aspectj/aspectjweaver/1.9.25.1/aspectjweaver-1.9.25.1.jar  /home/user/.m2/repository/org/springframework/boot/spring-boot-jdbc/4.0.2/spring-boot-jdbc-4.0.2.jar  /home/user/.m2/repository/org/springframework/boot/spring-boot-sql/4.0.2/spring-boot-sql-4.0.2.jar  /home/user/.m2/repository/org/springframework/boot/spring-boot-transaction/4.0.2/spring-boot-transaction-4.0.2.jar  /home/user/.m2/repository/org/springframework/spring-jdbc/7.0.3/spring-jdbc-7.0.3.jar  /home/user/.m2/repository/com/h2database/h2/2.4.240/h2-2.4.240.jar  /home/user/.m2/repository/org/springframework/boot/spring-boot-starter-security/4.0.2/spring-boot-starter-security-4.0.2.jar  /home/user/.m2/repository/org/springframework/boot/spring-boot-security/4.0.2/spring-boot-security-4.0.2.jar  /home/user/.m2/repository/org/springframework/security/spring-security-config/7.0.2/spring-security-config-7.0.2.jar  /home/user/.m2/repository/org/springframework/security/spring-security-core/7.0.2/spring-security-core-7.0.2.jar  /home/user/.m2/repository/org/springframework/security/spring-security-crypto/7.0.2/spring-security-crypto-7.0.2.jar  /home/user/.m2/repository/org/springframework/security/spring-security-web/7.0.2/spring-security-web-7.0.2.jar  /home/user/.m2/repository/org/springframework/spring-expression/7.0.3/spring-expression-7.0.3.jar  /home/user/.m2/repository/org/springframework/spring-aop/7.0.3/spring-aop-7.0.3.jar  /home/user/.m2/repository/org/springframework/spring-beans/7.0.3/spring-beans-7.0.3.jar  /home/user/.m2/repository/org/springframework/boot/spring-boot-starter-thymeleaf/4.0.2/spring-boot-starter-thymeleaf-4.0.2.jar  /home/user/.m2/repository/org/springframework/boot/spring-boot-thymeleaf/4.0.2/spring-boot-thymeleaf-4.0.2.jar  /home/user/.m2/repository/org/springframework/spring-web/7.0.3/spring-web-7.0.3.jar  /home/user/.m2/repository/io/micrometer/micrometer-observation/1.16.2/micrometer-observation-1.16.2.jar  /home/user/.m2/repository/io/micrometer/micrometer-commons/1.16.2/micrometer-commons-1.16.2.jar  /home/user/.m2/repository/org/springframework/boot/spring-boot-starter-webmvc/4.0.2/spring-boot-starter-webmvc-4.0.2.jar  /home/user/.m2/repository/org/springframework/boot/spring-boot-starter-jackson/4.0.2/spring-boot-starter-jackson-4.0.2.jar  /home/user/.m2/repository/org/springframework/boot/spring-boot-jackson/4.0.2/spring-boot-jackson-4.0.2.jar  /home/user/.m2/repository/org/springframework/boot/spring-boot-starter-tomcat/4.0.2/spring-boot-starter-tomcat-4.0.2.jar  /home/user/.m2/repository/org/springframework/boot/spring-boot-starter-tomcat-runtime/4.0.2/spring-boot-starter-tomcat-runtime-4.0.2.jar  /home/user/.m2/repository/org/springframework/boot/spring-boot-web-server/4.0.2/spring-boot-web-server-4.0.2.jar  /home/user/.m2/repository/org/apache/tomcat/embed/tomcat-embed-core/11.0.15/tomcat-embed-core-11.0.15.jar  /home/user/.m2/repository/org/apache/tomcat/embed/tomcat-embed-el/11.0.15/tomcat-embed-el-11.0.15.jar  /home/user/.m2/repository/org/apache/tomcat/embed/tomcat-embed-websocket/11.0.15/tomcat-embed-websocket-11.0.15.jar  /home/user/.m2/repository/org/springframework/boot/spring-boot-tomcat/4.0.2/spring-boot-tomcat-4.0.2.jar  /home/user/.m2/repository/org/springframework/boot/spring-boot-http-converter/4.0.2/spring-boot-http-converter-4.0.2.jar  /home/user/.m2/repository/org/springframework/boot/spring-boot-webmvc/4.0.2/spring-boot-webmvc-4.0.2.jar  /home/user/.m2/repository/org/springframework/boot/spring-boot-servlet/4.0.2/spring-boot-servlet-4.0.2.jar  /home/user/.m2/repository/org/springframework/spring-webmvc/7.0.3/spring-webmvc-7.0.3.jar  /home/user/.m2/repository/org/thymeleaf/extras/thymeleaf-extras-springsecurity6/3.1.3.RELEASE/thymeleaf-extras-springsecurity6-3.1.3.RELEASE.jar  /home/user/.m2/repository/org/thymeleaf/thymeleaf-spring6/3.1.3.RELEASE/thymeleaf-spring6-3.1.3.RELEASE.jar  /home/user/.m2/repository/org/thymeleaf/thymeleaf/3.1.3.RELEASE/thymeleaf-3.1.3.RELEASE.jar  /home/user/.m2/repository/org/attoparser/attoparser/2.0.7.RELEASE/attoparser-2.0.7.RELEASE.jar  /home/user/.m2/repository/org/unbescape/unbescape/1.1.6.RELEASE/unbescape-1.1.6.RELEASE.jar  /home/user/.m2/repository/org/slf4j/slf4j-api/2.0.17/slf4j-api-2.0.17.jar  /home/user/.m2/repository/org/springframework/boot/spring-boot-devtools/4.0.2/spring-boot-devtools-4.0.2.jar  /home/user/.m2/repository/org/springframework/boot/spring-boot/4.0.2/spring-boot-4.0.2.jar  /home/user/.m2/repository/org/springframework/spring-context/7.0.3/spring-context-7.0.3.jar  /home/user/.m2/repository/org/springframework/boot/spring-boot-autoconfigure/4.0.2/spring-boot-autoconfigure-4.0.2.jar  /home/user/.m2/repository/org/springframework/boot/spring-boot-docker-compose/4.0.2/spring-boot-docker-compose-4.0.2.jar  /home/user/.m2/repository/tools/jackson/core/jackson-databind/3.0.4/jackson-databind-3.0.4.jar  /home/user/.m2/repository/com/fasterxml/jackson/core/jackson-annotations/2.20/jackson-annotations-2.20.jar  /home/user/.m2/repository/tools/jackson/core/jackson-core/3.0.4/jackson-core-3.0.4.jar  /home/user/.m2/repository/org/postgresql/postgresql/42.7.9/postgresql-42.7.9.jar  /home/user/.m2/repository/org/checkerframework/checker-qual/3.52.0/checker-qual-3.52.0.jar  /home/user/.m2/repository/org/springframework/boot/spring-boot-starter-test/4.0.2/spring-boot-starter-test-4.0.2.jar  /home/user/.m2/repository/org/springframework/boot/spring-boot-test-autoconfigure/4.0.2/spring-boot-test-autoconfigure-4.0.2.jar  /home/user/.m2/repository/com/jayway/jsonpath/json-path/2.10.0/json-path-2.10.0.jar  /home/user/.m2/repository/jakarta/xml/bind/jakarta.xml.bind-api/4.0.4/jakarta.xml.bind-api-4.0.4.jar  /home/user/.m2/repository/jakarta/activation/jakarta.activation-api/2.1.4/jakarta.activation-api-2.1.4.jar  /home/user/.m2/repository/net/minidev/json-smart/2.6.0/json-smart-2.6.0.jar  /home/user/.m2/repository/net/minidev/accessors-smart/2.6.0/accessors-smart-2.6.0.jar  /home/user/.m2/repository/org/ow2/asm/asm/9.7.1/asm-9.7.1.jar  /home/user/.m2/repository/org/assertj/assertj-core/3.27.6/assertj-core-3.27.6.jar  /home/user/.m2/repository/net/bytebuddy/byte-buddy/1.17.8/byte-buddy-1.17.8.jar  /home/user/.m2/repository/org/awaitility/awaitility/4.3.0/awaitility-4.3.0.jar  /home/user/.m2/repository/org/hamcrest/hamcrest/3.0/hamcrest-3.0.jar  /home/user/.m2/repository/org/junit/jupiter/junit-jupiter/6.0.2/junit-jupiter-6.0.2.jar  /home/user/.m2/repository/org/junit/jupiter/junit-jupiter-api/6.0.2/junit-jupiter-api-6.0.2.jar  /home/user/.m2/repository/org/opentest4j/opentest4j/1.3.0/opentest4j-1.3.0.jar  /home/user/.m2/repository/org/junit/platform/junit-platform-commons/6.0.2/junit-platform-commons-6.0.2.jar  /home/user/.m2/repository/org/apiguardian/apiguardian-api/1.1.2/apiguardian-api-1.1.2.jar  /home/user/.m2/repository/org/junit/jupiter/junit-jupiter-params/6.0.2/junit-jupiter-params-6.0.2.jar  /home/user/.m2/repository/org/junit/jupiter/junit-jupiter-engine/6.0.2/junit-jupiter-engine-6.0.2.jar  /home/user/.m2/repository/org/junit/platform/junit-platform-engine/6.0.2/junit-platform-engine-6.0.2.jar  /home/user/.m2/repository/org/mockito/mockito-core/5.20.0/mockito-core-5.20.0.jar  /home/user/.m2/repository/net/bytebuddy/byte-buddy-agent/1.17.8/byte-buddy-agent-1.17.8.jar  /home/user/.m2/repository/org/objenesis/objenesis/3.3/objenesis-3.3.jar  /home/user/.m2/repository/org/mockito/mockito-junit-jupiter/5.20.0/mockito-junit-jupiter-5.20.0.jar  /home/user/.m2/repository/org/skyscreamer/jsonassert/1.5.3/jsonassert-1.5.3.jar  /home/user/.m2/repository/com/vaadin/external/google/android-json/0.0.20131108.vaadin1/android-json-0.0.20131108.vaadin1.jar  /home/user/.m2/repository/org/springframework/spring-core/7.0.3/spring-core-7.0.3.jar  /home/user/.m2/repository/commons-logging/commons-logging/1.3.5/commons-logging-1.3.5.jar  /home/user/.m2/repository/org/jspecify/jspecify/1.0.0/jspecify-1.0.0.jar  /home/user/.m2/repository/org/springframework/spring-test/7.0.3/spring-test-7.0.3.jar  /home/user/.m2/repository/org/xmlunit/xmlunit-core/2.10.4/xmlunit-core-2.10.4.jar  /home/user/.m2/repository/org/springframework/boot/spring-boot-test/4.0.2/spring-boot-test-4.0.2.jar  /home/user/.m2/repository/org/projectlombok/lombok/1.18.42/lombok-1.18.42.jar  /home/user/.m2/repository/io/jsonwebtoken/jjwt-api/0.12.5/jjwt-api-0.12.5.jar  /home/user/.m2/repository/io/jsonwebtoken/jjwt-impl/0.12.5/jjwt-impl-0.12.5.jar  /home/user/.m2/repository/io/jsonwebtoken/jjwt-jackson/0.12.5/jjwt-jackson-0.12.5.jar  /home/user/.m2/repository/com/fasterxml/jackson/core/jackson-databind/2.20.2/jackson-databind-2.20.2.jar  /home/user/.m2/repository/com/fasterxml/jackson/core/jackson-core/2.20.2/jackson-core-2.20.2.jar  /home/user/.m2/repository/org/apache/maven/surefire/surefire-junit-platform/3.5.4/surefire-junit-platform-3.5.4.jar  /home/user/.m2/repository/org/apache/maven/surefire/common-java5/3.5.4/common-java5-3.5.4.jar  /home/user/.m2/repository/org/junit/platform/junit-platform-launcher/6.0.2/junit-platform-launcher-6.0.2.jar
[DEBUG] boot(compact) classpath:  surefire-booter-3.5.4.jar  surefire-api-3.5.4.jar  surefire-extensions-spi-3.5.4.jar  surefire-shared-utils-3.5.4.jar  surefire-logger-api-3.5.4.jar  test-classes  classes  spring-boot-starter-data-jpa-4.0.2.jar  spring-boot-starter-4.0.2.jar  spring-boot-starter-logging-4.0.2.jar  logback-classic-1.5.25.jar  logback-core-1.5.25.jar  log4j-to-slf4j-2.25.3.jar  log4j-api-2.25.3.jar  jul-to-slf4j-2.0.17.jar  jakarta.annotation-api-3.0.0.jar  snakeyaml-2.5.jar  spring-boot-starter-jdbc-4.0.2.jar  HikariCP-7.0.2.jar  spring-boot-data-jpa-4.0.2.jar  spring-boot-data-commons-4.0.2.jar  spring-boot-persistence-4.0.2.jar  spring-data-commons-4.0.2.jar  spring-boot-hibernate-4.0.2.jar  spring-boot-jpa-4.0.2.jar  jakarta.persistence-api-3.2.0.jar  hibernate-core-7.2.1.Final.jar  jakarta.transaction-api-2.0.1.jar  jboss-logging-3.6.1.Final.jar  hibernate-models-1.0.1.jar  classmate-1.7.3.jar  jaxb-runtime-4.0.6.jar  jaxb-core-4.0.6.jar  angus-activation-2.0.3.jar  txw2-4.0.6.jar  istack-commons-runtime-4.1.2.jar  jakarta.inject-api-2.0.1.jar  spring-orm-7.0.3.jar  spring-data-jpa-4.0.2.jar  spring-tx-7.0.3.jar  antlr4-runtime-4.13.2.jar  spring-aspects-7.0.3.jar  aspectjweaver-1.9.25.1.jar  spring-boot-jdbc-4.0.2.jar  spring-boot-sql-4.0.2.jar  spring-boot-transaction-4.0.2.jar  spring-jdbc-7.0.3.jar  h2-2.4.240.jar  spring-boot-starter-security-4.0.2.jar  spring-boot-security-4.0.2.jar  spring-security-config-7.0.2.jar  spring-security-core-7.0.2.jar  spring-security-crypto-7.0.2.jar  spring-security-web-7.0.2.jar  spring-expression-7.0.3.jar  spring-aop-7.0.3.jar  spring-beans-7.0.3.jar  spring-boot-starter-thymeleaf-4.0.2.jar  spring-boot-thymeleaf-4.0.2.jar  spring-web-7.0.3.jar  micrometer-observation-1.16.2.jar  micrometer-commons-1.16.2.jar  spring-boot-starter-webmvc-4.0.2.jar  spring-boot-starter-jackson-4.0.2.jar  spring-boot-jackson-4.0.2.jar  spring-boot-starter-tomcat-4.0.2.jar  spring-boot-starter-tomcat-runtime-4.0.2.jar  spring-boot-web-server-4.0.2.jar  tomcat-embed-core-11.0.15.jar  tomcat-embed-el-11.0.15.jar  tomcat-embed-websocket-11.0.15.jar  spring-boot-tomcat-4.0.2.jar  spring-boot-http-converter-4.0.2.jar  spring-boot-webmvc-4.0.2.jar  spring-boot-servlet-4.0.2.jar  spring-webmvc-7.0.3.jar  thymeleaf-extras-springsecurity6-3.1.3.RELEASE.jar  thymeleaf-spring6-3.1.3.RELEASE.jar  thymeleaf-3.1.3.RELEASE.jar  attoparser-2.0.7.RELEASE.jar  unbescape-1.1.6.RELEASE.jar  slf4j-api-2.0.17.jar  spring-boot-devtools-4.0.2.jar  spring-boot-4.0.2.jar  spring-context-7.0.3.jar  spring-boot-autoconfigure-4.0.2.jar  spring-boot-docker-compose-4.0.2.jar  jackson-databind-3.0.4.jar  jackson-annotations-2.20.jar  jackson-core-3.0.4.jar  postgresql-42.7.9.jar  checker-qual-3.52.0.jar  spring-boot-starter-test-4.0.2.jar  spring-boot-test-autoconfigure-4.0.2.jar  json-path-2.10.0.jar  jakarta.xml.bind-api-4.0.4.jar  jakarta.activation-api-2.1.4.jar  json-smart-2.6.0.jar  accessors-smart-2.6.0.jar  asm-9.7.1.jar  assertj-core-3.27.6.jar  byte-buddy-1.17.8.jar  awaitility-4.3.0.jar  hamcrest-3.0.jar  junit-jupiter-6.0.2.jar  junit-jupiter-api-6.0.2.jar  opentest4j-1.3.0.jar  junit-platform-commons-6.0.2.jar  apiguardian-api-1.1.2.jar  junit-jupiter-params-6.0.2.jar  junit-jupiter-engine-6.0.2.jar  junit-platform-engine-6.0.2.jar  mockito-core-5.20.0.jar  byte-buddy-agent-1.17.8.jar  objenesis-3.3.jar  mockito-junit-jupiter-5.20.0.jar  jsonassert-1.5.3.jar  android-json-0.0.20131108.vaadin1.jar  spring-core-7.0.3.jar  commons-logging-1.3.5.jar  jspecify-1.0.0.jar  spring-test-7.0.3.jar  xmlunit-core-2.10.4.jar  spring-boot-test-4.0.2.jar  lombok-1.18.42.jar  jjwt-api-0.12.5.jar  jjwt-impl-0.12.5.jar  jjwt-jackson-0.12.5.jar  jackson-databind-2.20.2.jar  jackson-core-2.20.2.jar  surefire-junit-platform-3.5.4.jar  common-java5-3.5.4.jar  junit-platform-launcher-6.0.2.jar
[DEBUG] Forking command line: /bin/sh -c cd '/home/user/Projects/cse-3219/assignment1' && '/usr/lib/jvm/java-17-openjdk/bin/java' '-jar' '/home/user/Projects/cse-3219/assignment1/target/surefire/surefirebooter-20260222224809072_3.jar' '/home/user/Projects/cse-3219/assignment1/target/surefire' '2026-02-22T22-48-09_012-jvmRun1' 'surefire-20260222224809072_1tmp' 'surefire_0-20260222224809072_2tmp'
[DEBUG] Fork Channel [1] connected to the client.
[INFO] Running com.example.assignment1.controller.CourseControllerTest
22:48:09.765 [main] INFO org.springframework.test.context.support.AnnotationConfigContextLoaderUtils -- Could not detect default configuration classes for test class [com.example.assignment1.controller.CourseControllerTest]: CourseControllerTest does not declare any static, non-private, non-final, nested classes annotated with @Configuration.
22:48:09.837 [main] INFO org.springframework.boot.test.context.SpringBootTestContextBootstrapper -- Found @SpringBootConfiguration com.example.assignment1.Assignment1Application for test class com.example.assignment1.controller.CourseControllerTest
22:48:10.067 [main] INFO org.springframework.boot.devtools.restart.RestartApplicationListener -- Restart disabled due to context in which it is running

  .   ____          _            __ _ _
 /\\ / ___'_ __ _ _(_)_ __  __ _ \ \ \ \
( ( )\___ | '_ | '_| | '_ \/ _` | \ \ \ \
 \\/  ___)| |_)| | | | | || (_| |  ) ) ) )
  '  |____| .__|_| |_|_| |_\__, | / / / /
 =========|_|==============|___/=/_/_/_/

 :: Spring Boot ::                (v4.0.2)

2026-02-22T22:48:10.299+06:00  INFO 776900 --- [           main] c.e.a.controller.CourseControllerTest    : Starting CourseControllerTest using Java 17.0.18 with PID 776900 (started by user in /home/user/Projects/cse-3219/assignment1)
2026-02-22T22:48:10.300+06:00  INFO 776900 --- [           main] c.e.a.controller.CourseControllerTest    : No active profile set, falling back to 1 default profile: "default"
2026-02-22T22:48:10.702+06:00  INFO 776900 --- [           main] .s.d.r.c.RepositoryConfigurationDelegate : Bootstrapping Spring Data JPA repositories in DEFAULT mode.
2026-02-22T22:48:10.738+06:00  INFO 776900 --- [           main] .s.d.r.c.RepositoryConfigurationDelegate : Finished Spring Data repository scanning in 30 ms. Found 4 JPA repository interfaces.
2026-02-22T22:48:11.073+06:00  INFO 776900 --- [           main] o.s.boot.tomcat.TomcatWebServer          : Tomcat initialized with port 0 (http)
2026-02-22T22:48:11.090+06:00  INFO 776900 --- [           main] o.apache.catalina.core.StandardService   : Starting service [Tomcat]
2026-02-22T22:48:11.090+06:00  INFO 776900 --- [           main] o.apache.catalina.core.StandardEngine    : Starting Servlet engine: [Apache Tomcat/11.0.15]
2026-02-22T22:48:11.130+06:00  INFO 776900 --- [           main] b.w.c.s.WebApplicationContextInitializer : Root WebApplicationContext: initialization completed in 804 ms
2026-02-22T22:48:11.251+06:00  INFO 776900 --- [           main] org.hibernate.orm.jpa                    : HHH008540: Processing PersistenceUnitInfo [name: default]
2026-02-22T22:48:11.284+06:00  INFO 776900 --- [           main] org.hibernate.orm.core                   : HHH000001: Hibernate ORM core version 7.2.1.Final
2026-02-22T22:48:11.553+06:00  INFO 776900 --- [           main] o.s.o.j.p.SpringPersistenceUnitInfo      : No LoadTimeWeaver setup: ignoring JPA class transformer
2026-02-22T22:48:11.575+06:00  INFO 776900 --- [           main] com.zaxxer.hikari.HikariDataSource       : HikariPool-1 - Starting...
2026-02-22T22:48:11.690+06:00  INFO 776900 --- [           main] com.zaxxer.hikari.pool.HikariPool        : HikariPool-1 - Added connection conn0: url=jdbc:h2:mem:testdb user=SA
2026-02-22T22:48:11.692+06:00  INFO 776900 --- [           main] com.zaxxer.hikari.HikariDataSource       : HikariPool-1 - Start completed.
2026-02-22T22:48:11.706+06:00  WARN 776900 --- [           main] org.hibernate.orm.deprecation            : HHH90000025: H2Dialect does not need to be specified explicitly using 'hibernate.dialect' (remove the property setting and it will be selected by default)
2026-02-22T22:48:11.738+06:00  INFO 776900 --- [           main] org.hibernate.orm.connections.pooling    : HHH10001005: Database info:
	Database JDBC URL [jdbc:h2:mem:testdb]
	Database driver: H2 JDBC Driver
	Database dialect: H2Dialect
	Database version: 2.4.240
	Default catalog/schema: TESTDB/PUBLIC
	Autocommit mode: undefined/unknown
	Isolation level: READ_COMMITTED [default READ_COMMITTED]
	JDBC fetch size: 100
	Pool: DataSourceConnectionProvider
	Minimum pool size: undefined/unknown
	Maximum pool size: undefined/unknown
2026-02-22T22:48:12.302+06:00  INFO 776900 --- [           main] org.hibernate.orm.core                   : HHH000489: No JTA platform available (set 'hibernate.transaction.jta.platform' to enable JTA platform integration)
2026-02-22T22:48:12.350+06:00  INFO 776900 --- [           main] j.LocalContainerEntityManagerFactoryBean : Initialized JPA EntityManagerFactory for persistence unit 'default'
2026-02-22T22:48:12.420+06:00  INFO 776900 --- [           main] o.s.d.j.r.query.QueryEnhancerFactories   : Hibernate is in classpath; If applicable, HQL parser will be used.
2026-02-22T22:48:12.604+06:00  WARN 776900 --- [           main] JpaBaseConfiguration$JpaWebConfiguration : spring.jpa.open-in-view is enabled by default. Therefore, database queries may be performed during view rendering. Explicitly configure spring.jpa.open-in-view to disable this warning
2026-02-22T22:48:12.683+06:00  WARN 776900 --- [           main] .s.a.UserDetailsServiceAutoConfiguration : 

Using generated security password: 42ab08b6-6c4c-4ead-b0ca-73ec9d1e7652

This generated password is for development use only. Your security configuration must be updated before running your application in production.

2026-02-22T22:48:12.689+06:00  INFO 776900 --- [           main] r$InitializeUserDetailsManagerConfigurer : Global AuthenticationManager configured with UserDetailsService bean with name inMemoryUserDetailsManager
2026-02-22T22:48:12.842+06:00  INFO 776900 --- [           main] o.s.b.w.a.WelcomePageHandlerMapping      : Adding welcome page template: index
2026-02-22T22:48:13.129+06:00  INFO 776900 --- [           main] o.s.boot.tomcat.TomcatWebServer          : Tomcat started on port 46735 (http) with context path '/'
2026-02-22T22:48:13.134+06:00  INFO 776900 --- [           main] c.e.a.controller.CourseControllerTest    : Started CourseControllerTest in 3.074 seconds (process running for 3.996)
2026-02-22T22:48:13.654+06:00  INFO 776900 --- [o-auto-1-exec-1] o.a.c.c.C.[Tomcat].[localhost].[/]       : Initializing Spring DispatcherServlet 'dispatcherServlet'
2026-02-22T22:48:13.654+06:00  INFO 776900 --- [o-auto-1-exec-1] o.s.web.servlet.DispatcherServlet        : Initializing Servlet 'dispatcherServlet'
2026-02-22T22:48:13.655+06:00  INFO 776900 --- [o-auto-1-exec-1] o.s.web.servlet.DispatcherServlet        : Completed initialization in 1 ms
Authorization header: null
Authorization header: null
[INFO] Tests run: 1, Failures: 0, Errors: 0, Skipped: 0, Time elapsed: 4.170 s -- in com.example.assignment1.controller.CourseControllerTest
[INFO] Running com.example.assignment1.controller.AuthControllerTest
[INFO] Tests run: 3, Failures: 0, Errors: 0, Skipped: 0, Time elapsed: 0.006 s -- in com.example.assignment1.controller.AuthControllerTest
[INFO] Running com.example.assignment1.controller.StudentControllerTest
2026-02-22T22:48:13.816+06:00  INFO 776900 --- [           main] t.c.s.AnnotationConfigContextLoaderUtils : Could not detect default configuration classes for test class [com.example.assignment1.controller.StudentControllerTest]: StudentControllerTest does not declare any static, non-private, non-final, nested classes annotated with @Configuration.
2026-02-22T22:48:13.819+06:00  INFO 776900 --- [           main] .b.t.c.SpringBootTestContextBootstrapper : Found @SpringBootConfiguration com.example.assignment1.Assignment1Application for test class com.example.assignment1.controller.StudentControllerTest
Authorization header: null
Authorization header: null
[INFO] Tests run: 1, Failures: 0, Errors: 0, Skipped: 0, Time elapsed: 0.077 s -- in com.example.assignment1.controller.StudentControllerTest
[INFO] Running com.example.assignment1.controller.TeacherControllerTest
2026-02-22T22:48:13.893+06:00  INFO 776900 --- [           main] t.c.s.AnnotationConfigContextLoaderUtils : Could not detect default configuration classes for test class [com.example.assignment1.controller.TeacherControllerTest]: TeacherControllerTest does not declare any static, non-private, non-final, nested classes annotated with @Configuration.
2026-02-22T22:48:13.894+06:00  INFO 776900 --- [           main] .b.t.c.SpringBootTestContextBootstrapper : Found @SpringBootConfiguration com.example.assignment1.Assignment1Application for test class com.example.assignment1.controller.TeacherControllerTest
Authorization header: null
Authorization header: null
[INFO] Tests run: 1, Failures: 0, Errors: 0, Skipped: 0, Time elapsed: 0.044 s -- in com.example.assignment1.controller.TeacherControllerTest
[INFO] Running com.example.assignment1.Assignment1ApplicationTests
2026-02-22T22:48:13.939+06:00  INFO 776900 --- [           main] t.c.s.AnnotationConfigContextLoaderUtils : Could not detect default configuration classes for test class [com.example.assignment1.Assignment1ApplicationTests]: Assignment1ApplicationTests does not declare any static, non-private, non-final, nested classes annotated with @Configuration.
2026-02-22T22:48:13.944+06:00  INFO 776900 --- [           main] .b.t.c.SpringBootTestContextBootstrapper : Found @SpringBootConfiguration com.example.assignment1.Assignment1Application for test class com.example.assignment1.Assignment1ApplicationTests
2026-02-22T22:48:13.953+06:00  INFO 776900 --- [           main] o.s.b.d.r.RestartApplicationListener     : Restart disabled due to context in which it is running

  .   ____          _            __ _ _
 /\\ / ___'_ __ _ _(_)_ __  __ _ \ \ \ \
( ( )\___ | '_ | '_| | '_ \/ _` | \ \ \ \
 \\/  ___)| |_)| | | | | || (_| |  ) ) ) )
  '  |____| .__|_| |_|_| |_\__, | / / / /
 =========|_|==============|___/=/_/_/_/

 :: Spring Boot ::                (v4.0.2)

2026-02-22T22:48:13.978+06:00  INFO 776900 --- [           main] c.e.a.Assignment1ApplicationTests        : Starting Assignment1ApplicationTests using Java 17.0.18 with PID 776900 (started by user in /home/user/Projects/cse-3219/assignment1)
2026-02-22T22:48:13.978+06:00  INFO 776900 --- [           main] c.e.a.Assignment1ApplicationTests        : No active profile set, falling back to 1 default profile: "default"
2026-02-22T22:48:14.093+06:00  INFO 776900 --- [           main] .s.d.r.c.RepositoryConfigurationDelegate : Bootstrapping Spring Data JPA repositories in DEFAULT mode.
2026-02-22T22:48:14.104+06:00  INFO 776900 --- [           main] .s.d.r.c.RepositoryConfigurationDelegate : Finished Spring Data repository scanning in 8 ms. Found 4 JPA repository interfaces.
2026-02-22T22:48:14.175+06:00  INFO 776900 --- [           main] org.hibernate.orm.jpa                    : HHH008540: Processing PersistenceUnitInfo [name: default]
2026-02-22T22:48:14.191+06:00  INFO 776900 --- [           main] o.s.o.j.p.SpringPersistenceUnitInfo      : No LoadTimeWeaver setup: ignoring JPA class transformer
2026-02-22T22:48:14.191+06:00  INFO 776900 --- [           main] com.zaxxer.hikari.HikariDataSource       : HikariPool-2 - Starting...
2026-02-22T22:48:14.192+06:00  INFO 776900 --- [           main] com.zaxxer.hikari.pool.HikariPool        : HikariPool-2 - Added connection conn10: url=jdbc:h2:mem:testdb user=SA
2026-02-22T22:48:14.192+06:00  INFO 776900 --- [           main] com.zaxxer.hikari.HikariDataSource       : HikariPool-2 - Start completed.
2026-02-22T22:48:14.193+06:00  WARN 776900 --- [           main] org.hibernate.orm.deprecation            : HHH90000025: H2Dialect does not need to be specified explicitly using 'hibernate.dialect' (remove the property setting and it will be selected by default)
2026-02-22T22:48:14.194+06:00  INFO 776900 --- [           main] org.hibernate.orm.connections.pooling    : HHH10001005: Database info:
	Database JDBC URL [jdbc:h2:mem:testdb]
	Database driver: H2 JDBC Driver
	Database dialect: H2Dialect
	Database version: 2.4.240
	Default catalog/schema: TESTDB/PUBLIC
	Autocommit mode: undefined/unknown
	Isolation level: READ_COMMITTED [default READ_COMMITTED]
	JDBC fetch size: 100
	Pool: DataSourceConnectionProvider
	Minimum pool size: undefined/unknown
	Maximum pool size: undefined/unknown
2026-02-22T22:48:14.222+06:00  INFO 776900 --- [           main] org.hibernate.orm.core                   : HHH000489: No JTA platform available (set 'hibernate.transaction.jta.platform' to enable JTA platform integration)
2026-02-22T22:48:14.230+06:00  INFO 776900 --- [           main] j.LocalContainerEntityManagerFactoryBean : Initialized JPA EntityManagerFactory for persistence unit 'default'
2026-02-22T22:48:14.280+06:00  WARN 776900 --- [           main] JpaBaseConfiguration$JpaWebConfiguration : spring.jpa.open-in-view is enabled by default. Therefore, database queries may be performed during view rendering. Explicitly configure spring.jpa.open-in-view to disable this warning
2026-02-22T22:48:14.309+06:00  WARN 776900 --- [           main] .s.a.UserDetailsServiceAutoConfiguration : 

Using generated security password: a94c5255-716a-41d4-9bc0-dfd51a33fde6

This generated password is for development use only. Your security configuration must be updated before running your application in production.

2026-02-22T22:48:14.310+06:00  INFO 776900 --- [           main] r$InitializeUserDetailsManagerConfigurer : Global AuthenticationManager configured with UserDetailsService bean with name inMemoryUserDetailsManager
2026-02-22T22:48:14.354+06:00  INFO 776900 --- [           main] o.s.b.w.a.WelcomePageHandlerMapping      : Adding welcome page template: index
2026-02-22T22:48:14.434+06:00  INFO 776900 --- [           main] c.e.a.Assignment1ApplicationTests        : Started Assignment1ApplicationTests in 0.481 seconds (process running for 5.296)
[INFO] Tests run: 1, Failures: 0, Errors: 0, Skipped: 0, Time elapsed: 0.522 s -- in com.example.assignment1.Assignment1ApplicationTests
[DEBUG] Closing the fork 1 after saying GoodBye.
[INFO] 
[INFO] Results:
[INFO] 
[INFO] Tests run: 7, Failures: 0, Errors: 0, Skipped: 0
[INFO] 
[INFO] ------------------------------------------------------------------------
[INFO] BUILD SUCCESS
[INFO] ------------------------------------------------------------------------
[INFO] Total time:  8.069 s
[INFO] Finished at: 2026-02-22T22:48:14+06:00
[INFO] ------------------------------------------------------------------------
[DEBUG] Shutting down adapter factory; available factories [file-lock, rwlock-local, semaphore-local, noop]; available name mappers [discriminating, file-gaecv, file-gav, file-hgaecv, file-hgav, file-static, gaecv, gav, static]
[DEBUG] Shutting down 'file-lock' factory
[DEBUG] Shutting down 'rwlock-local' factory
[DEBUG] Shutting down 'semaphore-local' factory
[DEBUG] Shutting down 'noop' factory
